NC0015672 NC0015230 C0150312 C0221423 C0034754 NC0344232 C0042789 C1455844 NC0040264 C0042571 C0851162 C1513302 C0009443 NC0018621 NC0015967 C0038363 C0234233 C0577559 C0018021 C0030193 C0577559 C0030193 C0241889 C0262926 C0038454 C0042345 C0018681 C0020538