C0013227 C0002055 C0262926 C0206275 C0277786 C0018681 C0262926 C0150312 C0221423 C0268529 C0033213 C0033213 C0018681 C1513302 C0205082 C0018681 C0205082 C0018681 C0043227 C0018681 C0027497 C0042963 C0018681 C0018681 C0018681 C0205082 C0018681 C0423899 C0424522 C0004057 C0564405 C0004083 C0445223 C0015967 C0040460 C1272923 C0030193 C3714552 C0028643 C0042798 C3665386 C0042789 NC0262926 C3263723 C3714660 C0018681 C0027497 C0042963 C0018681 C0460139 C0020538 C0005823 C0460139 C0038454 C0022107 C0455458 C0262926 C0221423 C0025007 C0008049 C0020971 C0039614 C0021403 C0021400 C0042210 C0221423 C0021313 C0009450 C0002680 C0497365 C0015230 C0020538 C1849718 C0013227 C0221423 C0040423 C0003611 C3263723 C0432993 C0043246 C0425963 C0262926 C0595998 C1314691 C0025274 C0025344 C1879316 C0013227 C0004057 C0018681 C0301532 C0020261 C0020517 C0041755 C0013227 C0002680 C0015230 C0199230 C0030350 C0523444 C0428642 C0558145 C0231683 C0558145 C0231683 C0024671 C0008377 C0037313 C0015259 C0006675 C0015677 C0012169 C0037494 C0037313 C0015259 C0040329 C1999262 C0001962 C4520502 NC0730553 NC0262926 NC0013146 NC0562381 C0013227 C0086190 C0013227 C0087111 C0013227 C0262926 C0027051 C1304680 C0439044 C0442965 NC0241028 NC0011065 C0011581 C0043227 C0241889 C0262926 C0038454 C0042345 C0018681 C0020538 C0020538 C0005823 C0460139 C1513302 C0003864 C0149931 C0018681 NC0015672 NC0015230 C0150312 C0221423 C0034754 NC0344232 C0042789 C1455844 NC0040264 C0042571 C0851162 C1513302 C0009443 NC0018621 NC0015967 C0038363 C0234233 C0577559 C0018021 C0030193 C0577559 C0030193 C0425502 NC0010200 NC0043144 C0013404 C0032285 C0041296 C0018799 NC0012634 C0085619 C0008031 C0030193 C0030252 C0003618 C4317146 C0011135 C0026649 C0278016 C0235108 NC0011991 C0019080 C0234225 C0030193 C0022346 C0013428 NC0018965 C0016199 C0030193 C0025344 C0025344 NC0227791 NC1272941 C0033774 C1513302 C0234238 C0024031 C0004604 C0030193 C0043227 NC1522449 C0454348 C0452240 C0003862 C0030193 C0013227 C0042345 C0860096 C0032961 C0235439 C0038999 NC0262926 C0031542 C0023222 C0030193 NC0039070 C0036572 C0040822 C3714552 NC2242996 C0025260 NC0003467 NC0849963 C0011581 C0231199 C0038990 C0262926 C0011849 C0332219 NC0019080 NC0002871 C0262926