C0013227 C0002055 C0262926 C0206275 C0277786 C0917801 C0262926 C0150312 C0221423 C0022107 C0455458 C0262926 C0221423 C0025007 C0008049 C0020971 C0039614 C0021403 C0021400 C0042210 C0221423 C0021313 C0009450 C0002680 C0497365 C0015230 C0020538 C1849718 C0013227 C0221423 C0040423 C0003611 C0040329 C3263723 C0432993 C0043246 C0425963 C0262926 C0595998 C1314691 C0025274 C0025344 C1879316