C0022023 C0036658 C0022885 C0456984 C1140999 C0004057 C0013227