C0005615 C0412620 C1292753 C0019326 C0019270 C0412620 C0009924 C0002978 C0019326 C0019270 C0397949 C0028778 C0184906 C0332149 C0333575 C0332448 C0205082 C0333641 C0028778 C2004491 C0008767 C0332149 C1394494 C0012818 C1510475 C0342649 C2242558 C0011164 C1292890 C0004144 C0016059 C0003436 C0741847 C0852949 C0012634 C0751438 C0001168 C0028778 C0011382 C0751437 C0038449 C1261287 C0015306 C0524865 C0015306 C0578451 C0030193 C0029443 C0027651 C2004459 C0009924 C0001614 C0150312 C0221198 C0332148 C0026162 C0423896 C0029463 C1261473 C0553580 C1261473 C0457193 C0577559 C0024485 C0002688 C3887532 NC0029443 C0006663 C0558145 C0231683 C0015306 C0524865 C0015306 C0009924 C0037006 C0016658 C0476171 C0016658 C0543467 C0751437 C0012725 C0751438 C0016658