C0242739 C1442959 C0087111 C0020473 C0699790 C0007102 C0006826 C1305866 C0033684 C0009378 C0234225 NC0030193 NC2364135