C0242739 C1442959 C0087111 C0020473 C1305866 C1305866 C1305866 C0578022 C0033684 C1697794 C0043094 C1305866 C0270724 C0035253 C0004057 C0231749 C0562271 C0030193