C0311392 C0417738 C0005658 C0023222 C0030193 C0030193 C0205082 C0221198 C0221198 C0004795 C0079595 C0011923 C0030193