<?xml version="1.0" encoding="UTF-8"?><xmi:XMI xmlns:util="http:///org/apache/ctakes/typesystem/type/util.ecore" xmlns:tcas="http:///uima/tcas.ecore" xmlns:xmi="http://www.omg.org/XMI" xmlns:cas="http:///uima/cas.ecore" xmlns:type7="http:///org/cleartk/syntax/constituent/type.ecore" xmlns:ne="http:///org/cleartk/type/ne.ecore" xmlns:textsem="http:///org/apache/ctakes/typesystem/type/textsem.ecore" xmlns:refsem="http:///org/apache/ctakes/typesystem/type/refsem.ecore" xmlns:type8="http:///org/cleartk/syntax/dependency/type.ecore" xmlns:type="http:///de/tudarmstadt/ukp/dkpro/core/api/metadata/type.ecore" xmlns:type11="http:///org/cleartk/util/type.ecore" xmlns:assertion="http:///org/apache/ctakes/typesystem/type/temporary/assertion.ecore" xmlns:type5="http:///org/cleartk/score/type.ecore" xmlns:syntax="http:///org/apache/ctakes/typesystem/type/syntax.ecore" xmlns:type6="http:///org/cleartk/srl/type.ecore" xmlns:type2="http:///org/apache/ctakes/constituency/parser/uima/type.ecore" xmlns:types="http:///org/apache/ctakes/assertion/medfacts/types.ecore" xmlns:relation="http:///org/apache/ctakes/typesystem/type/relation.ecore" xmlns:type9="http:///org/cleartk/timeml/type.ecore" xmlns:type12="http:///org/cleartk/ne/type.ecore" xmlns:type10="http:///org/cleartk/token/type.ecore" xmlns:structured="http:///org/apache/ctakes/typesystem/type/structured.ecore" xmlns:textspan="http:///org/apache/ctakes/typesystem/type/textspan.ecore" xmlns:type3="http:///org/apache/ctakes/coreference/type.ecore" xmlns:type4="http:///org/apache/ctakes/drugner/type.ecore" xmi:version="2.0"><cas:NULL xmi:id="0"/><tcas:DocumentAnnotation xmi:id="8" sofa="1" begin="0" end="436" language="x-unspecified"/><structured:DocumentID xmi:id="20" documentID="/tmp"/><textspan:Segment xmi:id="22" sofa="1" begin="0" end="436" id="SIMPLE_SEGMENT"/><textspan:Sentence xmi:id="28" sofa="1" begin="0" end="5" sentenceNumber="0"/><textspan:Sentence xmi:id="34" sofa="1" begin="6" end="97" sentenceNumber="1"/><textspan:Sentence xmi:id="40" sofa="1" begin="99" end="206" sentenceNumber="2"/><textspan:Sentence xmi:id="46" sofa="1" begin="208" end="278" sentenceNumber="3"/><textspan:Sentence xmi:id="52" sofa="1" begin="279" end="393" sentenceNumber="4"/><textspan:Sentence xmi:id="58" sofa="1" begin="394" end="436" sentenceNumber="5"/><syntax:NewlineToken xmi:id="64" sofa="1" begin="206" end="208" tokenNumber="43"/><syntax:WordToken xmi:id="72" sofa="1" begin="0" end="4" tokenNumber="0" partOfSpeech="NN" capitalization="1" numPosition="0" canonicalForm="mis"/><syntax:WordToken xmi:id="92" sofa="1" begin="6" end="8" tokenNumber="2" partOfSpeech="NN" capitalization="3" numPosition="0" canonicalForm="cm"/><syntax:WordToken xmi:id="104" sofa="1" begin="9" end="11" tokenNumber="3" partOfSpeech="VBZ" capitalization="0" numPosition="0" canonicalForm="is"/><syntax:WordToken xmi:id="116" sofa="1" begin="12" end="13" tokenNumber="4" partOfSpeech="DT" capitalization="0" numPosition="0" canonicalForm="a"/><syntax:WordToken xmi:id="128" sofa="1" begin="14" end="23" tokenNumber="5" partOfSpeech="JJ" capitalization="0" numPosition="0" canonicalForm="energetic"/><syntax:WordToken xmi:id="140" sofa="1" begin="24" end="29" tokenNumber="6" partOfSpeech="JJ" capitalization="0" numPosition="0" canonicalForm="yoing"/><syntax:WordToken xmi:id="152" sofa="1" begin="30" end="35" tokenNumber="7" partOfSpeech="NN" capitalization="0" numPosition="0" canonicalForm="woman"/><syntax:WordToken xmi:id="164" sofa="1" begin="36" end="39" tokenNumber="8" partOfSpeech="WP" capitalization="0" numPosition="0" canonicalForm="who"/><syntax:WordToken xmi:id="176" sofa="1" begin="40" end="43" tokenNumber="9" partOfSpeech="VBZ" capitalization="0" numPosition="0" canonicalForm="has"/><syntax:WordToken xmi:id="188" sofa="1" begin="44" end="47" tokenNumber="10" partOfSpeech="VBN" capitalization="0" numPosition="0" canonicalForm="had"/><syntax:WordToken xmi:id="200" sofa="1" begin="48" end="53" tokenNumber="11" partOfSpeech="NNS" capitalization="0" numPosition="0" canonicalForm="bout"/><syntax:WordToken xmi:id="212" sofa="1" begin="54" end="58" tokenNumber="12" partOfSpeech="IN" capitalization="0" numPosition="0"/><syntax:WordToken xmi:id="224" sofa="1" begin="59" end="72" tokenNumber="13" partOfSpeech="NN" capitalization="0" numPosition="0" canonicalForm="sleeplessnes"/><syntax:WordToken xmi:id="236" sofa="1" begin="73" end="76" tokenNumber="14" partOfSpeech="IN" capitalization="0" numPosition="0"/><syntax:WordToken xmi:id="248" sofa="1" begin="77" end="80" tokenNumber="15" partOfSpeech="DT" capitalization="0" numPosition="0"/><syntax:WordToken xmi:id="260" sofa="1" begin="81" end="85" tokenNumber="16" partOfSpeech="JJ" capitalization="0" numPosition="0" canonicalForm="past"/><syntax:WordToken xmi:id="272" sofa="1" begin="86" end="90" tokenNumber="17" partOfSpeech="NN" capitalization="0" numPosition="0" canonicalForm="year"/><syntax:WordToken xmi:id="284" sofa="1" begin="91" end="93" tokenNumber="18" partOfSpeech="CC" capitalization="0" numPosition="0" canonicalForm="or"/><syntax:WordToken xmi:id="296" sofa="1" begin="94" end="96" tokenNumber="19" partOfSpeech="RB" capitalization="0" numPosition="0" canonicalForm="so"/><syntax:WordToken xmi:id="316" sofa="1" begin="99" end="102" tokenNumber="21" partOfSpeech="PRP" capitalization="1" numPosition="0" canonicalForm="she"/><syntax:WordToken xmi:id="328" sofa="1" begin="103" end="107" tokenNumber="22" partOfSpeech="VBD" capitalization="0" numPosition="0" canonicalForm="said"/><syntax:WordToken xmi:id="340" sofa="1" begin="108" end="112" tokenNumber="23" partOfSpeech="IN" capitalization="0" numPosition="0" canonicalForm="that"/><syntax:WordToken xmi:id="352" sofa="1" begin="113" end="116" tokenNumber="24" partOfSpeech="PRP$" capitalization="0" numPosition="0" canonicalForm="her"/><syntax:WordToken xmi:id="364" sofa="1" begin="117" end="125" tokenNumber="25" partOfSpeech="NN" capitalization="0" numPosition="0" canonicalForm="insomnia"/><syntax:WordToken xmi:id="376" sofa="1" begin="126" end="131" tokenNumber="26" partOfSpeech="VBD" capitalization="0" numPosition="0" canonicalForm="began"/><syntax:WordToken xmi:id="388" sofa="1" begin="132" end="136" tokenNumber="27" partOfSpeech="IN" capitalization="0" numPosition="0"/><syntax:WordToken xmi:id="400" sofa="1" begin="137" end="140" tokenNumber="28" partOfSpeech="DT" capitalization="0" numPosition="0"/><syntax:WordToken xmi:id="412" sofa="1" begin="141" end="146" tokenNumber="29" partOfSpeech="NN" capitalization="0" numPosition="0" canonicalForm="death"/><syntax:WordToken xmi:id="424" sofa="1" begin="147" end="149" tokenNumber="30" partOfSpeech="IN" capitalization="0" numPosition="0"/><syntax:WordToken xmi:id="436" sofa="1" begin="150" end="153" tokenNumber="31" partOfSpeech="PRP$" capitalization="0" numPosition="0" canonicalForm="her"/><syntax:WordToken xmi:id="448" sofa="1" begin="154" end="160" tokenNumber="32" partOfSpeech="NN" capitalization="0" numPosition="0" canonicalForm="fath"/><syntax:WordToken xmi:id="460" sofa="1" begin="161" end="164" tokenNumber="33" partOfSpeech="WP" capitalization="0" numPosition="0" canonicalForm="who"/><syntax:WordToken xmi:id="472" sofa="1" begin="165" end="168" tokenNumber="34" partOfSpeech="VBD" capitalization="0" numPosition="0" canonicalForm="was"/><syntax:WordToken xmi:id="484" sofa="1" begin="169" end="175" tokenNumber="35" partOfSpeech="VBN" capitalization="0" numPosition="0" canonicalForm="kil"/><syntax:WordToken xmi:id="496" sofa="1" begin="176" end="178" tokenNumber="36" partOfSpeech="IN" capitalization="0" numPosition="0"/><syntax:WordToken xmi:id="508" sofa="1" begin="179" end="180" tokenNumber="37" partOfSpeech="DT" capitalization="0" numPosition="0" canonicalForm="a"/><syntax:WordToken xmi:id="520" sofa="1" begin="181" end="186" tokenNumber="38" partOfSpeech="NN" capitalization="0" numPosition="0" canonicalForm="train"/><syntax:WordToken xmi:id="532" sofa="1" begin="187" end="195" tokenNumber="39" partOfSpeech="NN" capitalization="0" numPosition="0" canonicalForm="accident"/><syntax:WordToken xmi:id="544" sofa="1" begin="196" end="200" tokenNumber="40" partOfSpeech="JJ" capitalization="0" numPosition="0" canonicalForm="last"/><syntax:WordToken xmi:id="556" sofa="1" begin="201" end="205" tokenNumber="41" partOfSpeech="NN" capitalization="0" numPosition="0" canonicalForm="year"/><syntax:WordToken xmi:id="576" sofa="1" begin="208" end="215" tokenNumber="44" partOfSpeech="NN" capitalization="1" numPosition="0" canonicalForm="patient"/><syntax:WordToken xmi:id="588" sofa="1" begin="216" end="218" tokenNumber="45" partOfSpeech="VBZ" capitalization="0" numPosition="0" canonicalForm="is"/><syntax:WordToken xmi:id="609" sofa="1" begin="222" end="225" tokenNumber="47" partOfSpeech="CC" capitalization="0" numPosition="0"/><syntax:WordToken xmi:id="621" sofa="1" begin="226" end="232" tokenNumber="48" partOfSpeech="VBP" capitalization="0" numPosition="0" canonicalForm="claim"/><syntax:WordToken xmi:id="633" sofa="1" begin="233" end="236" tokenNumber="49" partOfSpeech="PRP" capitalization="0" numPosition="0" canonicalForm="she"/><syntax:WordToken xmi:id="645" sofa="1" begin="237" end="240" tokenNumber="50" partOfSpeech="VBZ" capitalization="0" numPosition="0" canonicalForm="has"/><syntax:WordToken xmi:id="657" sofa="1" begin="241" end="247" tokenNumber="51" partOfSpeech="VBN" capitalization="0" numPosition="0" canonicalForm="smok"/><syntax:WordToken xmi:id="669" sofa="1" begin="248" end="251" tokenNumber="52" partOfSpeech="IN" capitalization="0" numPosition="0"/><syntax:WordToken xmi:id="681" sofa="1" begin="252" end="255" tokenNumber="53" partOfSpeech="DT" capitalization="0" numPosition="0"/><syntax:WordToken xmi:id="693" sofa="1" begin="256" end="260" tokenNumber="54" partOfSpeech="JJ" capitalization="0" numPosition="0" canonicalForm="last"/><syntax:WordToken xmi:id="705" sofa="1" begin="261" end="265" tokenNumber="55" partOfSpeech="CD" capitalization="0" numPosition="0" canonicalForm="five"/><syntax:WordToken xmi:id="717" sofa="1" begin="266" end="271" tokenNumber="56" partOfSpeech="NNS" capitalization="0" numPosition="0" canonicalForm="year"/><syntax:WordToken xmi:id="729" sofa="1" begin="272" end="274" tokenNumber="57" partOfSpeech="CC" capitalization="0" numPosition="0" canonicalForm="or"/><syntax:WordToken xmi:id="741" sofa="1" begin="275" end="277" tokenNumber="58" partOfSpeech="RB" capitalization="0" numPosition="0" canonicalForm="so"/><syntax:WordToken xmi:id="761" sofa="1" begin="279" end="282" tokenNumber="60" partOfSpeech="PRP" capitalization="1" numPosition="0" canonicalForm="she"/><syntax:WordToken xmi:id="773" sofa="1" begin="283" end="287" tokenNumber="61" partOfSpeech="VBD" capitalization="0" numPosition="0" canonicalForm="use"/><syntax:WordToken xmi:id="785" sofa="1" begin="288" end="290" tokenNumber="62" partOfSpeech="TO" capitalization="0" numPosition="0"/><syntax:WordToken xmi:id="797" sofa="1" begin="291" end="296" tokenNumber="63" partOfSpeech="VB" capitalization="0" numPosition="0" canonicalForm="smoke"/><syntax:WordToken xmi:id="809" sofa="1" begin="297" end="302" tokenNumber="64" partOfSpeech="IN" capitalization="0" numPosition="0" canonicalForm="about"/><syntax:WordToken xmi:id="821" sofa="1" begin="303" end="307" tokenNumber="65" partOfSpeech="NN" capitalization="0" numPosition="0" canonicalForm="half"/><syntax:WordToken xmi:id="833" sofa="1" begin="308" end="309" tokenNumber="66" partOfSpeech="CD" capitalization="0" numPosition="0" canonicalForm="a"/><syntax:WordToken xmi:id="845" sofa="1" begin="310" end="314" tokenNumber="67" partOfSpeech="NN" capitalization="0" numPosition="0" canonicalForm="pack"/><syntax:WordToken xmi:id="857" sofa="1" begin="315" end="316" tokenNumber="68" partOfSpeech="DT" capitalization="0" numPosition="0" canonicalForm="a"/><syntax:WordToken xmi:id="869" sofa="1" begin="317" end="320" tokenNumber="69" partOfSpeech="NN" capitalization="0" numPosition="0" canonicalForm="day"/><syntax:WordToken xmi:id="889" sofa="1" begin="322" end="325" tokenNumber="71" partOfSpeech="CC" capitalization="0" numPosition="0" canonicalForm="but"/><syntax:WordToken xmi:id="901" sofa="1" begin="326" end="329" tokenNumber="72" partOfSpeech="IN" capitalization="0" numPosition="0"/><syntax:WordToken xmi:id="913" sofa="1" begin="330" end="333" tokenNumber="73" partOfSpeech="DT" capitalization="0" numPosition="0"/><syntax:WordToken xmi:id="925" sofa="1" begin="334" end="338" tokenNumber="74" partOfSpeech="JJ" capitalization="0" numPosition="0" canonicalForm="last"/><syntax:WordToken xmi:id="937" sofa="1" begin="339" end="344" tokenNumber="75" partOfSpeech="NN" capitalization="0" numPosition="0" canonicalForm="month"/><syntax:WordToken xmi:id="949" sofa="1" begin="345" end="348" tokenNumber="76" partOfSpeech="PRP" capitalization="0" numPosition="0" canonicalForm="she"/><syntax:WordToken xmi:id="961" sofa="1" begin="349" end="352" tokenNumber="77" partOfSpeech="VBZ" capitalization="0" numPosition="0" canonicalForm="has"/><syntax:WordToken xmi:id="973" sofa="1" begin="353" end="357" tokenNumber="78" partOfSpeech="VBN" capitalization="0" numPosition="0" canonicalForm="been"/><syntax:WordToken xmi:id="985" sofa="1" begin="358" end="362" tokenNumber="79" partOfSpeech="RB" capitalization="0" numPosition="0" canonicalForm="down"/><syntax:WordToken xmi:id="997" sofa="1" begin="363" end="365" tokenNumber="80" partOfSpeech="IN" capitalization="0" numPosition="0"/><syntax:WordToken xmi:id="1009" sofa="1" begin="366" end="371" tokenNumber="81" partOfSpeech="RB" capitalization="0" numPosition="0" canonicalForm="about"/><syntax:WordToken xmi:id="1047" sofa="1" begin="376" end="386" tokenNumber="85" partOfSpeech="NNS" capitalization="0" numPosition="0" canonicalForm="cigarette"/><syntax:WordToken xmi:id="1059" sofa="1" begin="387" end="388" tokenNumber="86" partOfSpeech="DT" capitalization="0" numPosition="0" canonicalForm="a"/><syntax:WordToken xmi:id="1071" sofa="1" begin="389" end="392" tokenNumber="87" partOfSpeech="NN" capitalization="0" numPosition="0" canonicalForm="day"/><syntax:WordToken xmi:id="1091" sofa="1" begin="394" end="397" tokenNumber="89" partOfSpeech="PRP" capitalization="1" numPosition="0" canonicalForm="she"/><syntax:WordToken xmi:id="1103" sofa="1" begin="398" end="400" tokenNumber="90" partOfSpeech="VBZ" capitalization="0" numPosition="0" canonicalForm="is"/><syntax:WordToken xmi:id="1115" sofa="1" begin="401" end="407" tokenNumber="91" partOfSpeech="VBG" capitalization="0" numPosition="0" canonicalForm="hav"/><syntax:WordToken xmi:id="1127" sofa="1" begin="408" end="415" tokenNumber="92" partOfSpeech="NN" capitalization="0" numPosition="0" canonicalForm="trouble"/><syntax:WordToken xmi:id="1139" sofa="1" begin="416" end="424" tokenNumber="93" partOfSpeech="VBG" capitalization="0" numPosition="0" canonicalForm="stop"/><syntax:WordToken xmi:id="1151" sofa="1" begin="425" end="435" tokenNumber="94" partOfSpeech="NN" capitalization="0" numPosition="0" canonicalForm="altogeth"/><syntax:PunctuationToken xmi:id="84" sofa="1" begin="4" end="5" tokenNumber="1" partOfSpeech="."/><syntax:PunctuationToken xmi:id="308" sofa="1" begin="96" end="97" tokenNumber="20" partOfSpeech="."/><syntax:PunctuationToken xmi:id="568" sofa="1" begin="205" end="206" tokenNumber="42" partOfSpeech="."/><syntax:PunctuationToken xmi:id="753" sofa="1" begin="277" end="278" tokenNumber="59" partOfSpeech="."/><syntax:PunctuationToken xmi:id="881" sofa="1" begin="320" end="321" tokenNumber="70" partOfSpeech=","/><syntax:PunctuationToken xmi:id="1030" sofa="1" begin="373" end="374" tokenNumber="83" partOfSpeech="SYM"/><syntax:PunctuationToken xmi:id="1083" sofa="1" begin="392" end="393" tokenNumber="88" partOfSpeech="."/><syntax:PunctuationToken xmi:id="1163" sofa="1" begin="435" end="436" tokenNumber="95" partOfSpeech="."/><syntax:NumToken xmi:id="600" sofa="1" begin="219" end="221" tokenNumber="46" partOfSpeech="CD" numType="1"/><syntax:NumToken xmi:id="1021" sofa="1" begin="372" end="373" tokenNumber="82" partOfSpeech="CD" numType="1"/><syntax:NumToken xmi:id="1038" sofa="1" begin="374" end="375" tokenNumber="84" partOfSpeech="CD" numType="1"/><textsem:RomanNumeralAnnotation xmi:id="1171" sofa="1" begin="6" end="8" id="0" typeID="0" discoveryTechnique="0" confidence="0.0" polarity="0" uncertainty="0" conditional="false" generic="false" historyOf="0"/><textsem:DateAnnotation xmi:id="1189" sofa="1" begin="372" end="375" id="0" typeID="0" discoveryTechnique="0" confidence="0.0" polarity="0" uncertainty="0" conditional="false" generic="false" historyOf="0"/><textsem:FractionAnnotation xmi:id="1207" sofa="1" begin="303" end="307" id="0" typeID="0" discoveryTechnique="0" confidence="0.0" polarity="0" uncertainty="0" conditional="false" generic="false" historyOf="0"/><textsem:RangeAnnotation xmi:id="1225" sofa="1" begin="372" end="375" id="0" typeID="0" discoveryTechnique="0" confidence="0.0" polarity="0" uncertainty="0" conditional="false" generic="false" historyOf="0"/><syntax:Chunk xmi:id="1243" sofa="1" begin="0" end="4" chunkType="NP"/><syntax:Chunk xmi:id="1248" sofa="1" begin="6" end="8" chunkType="NP"/><syntax:Chunk xmi:id="1253" sofa="1" begin="9" end="11" chunkType="VP"/><syntax:Chunk xmi:id="1258" sofa="1" begin="12" end="39" chunkType="NP"/><syntax:Chunk xmi:id="1263" sofa="1" begin="36" end="39" chunkType="NP"/><syntax:Chunk xmi:id="1268" sofa="1" begin="40" end="47" chunkType="VP"/><syntax:Chunk xmi:id="1273" sofa="1" begin="48" end="96" chunkType="NP"/><syntax:Chunk xmi:id="1278" sofa="1" begin="54" end="58" chunkType="PP"/><syntax:Chunk xmi:id="1283" sofa="1" begin="59" end="72" chunkType="NP"/><syntax:Chunk xmi:id="1288" sofa="1" begin="73" end="76" chunkType="PP"/><syntax:Chunk xmi:id="1293" sofa="1" begin="77" end="96" chunkType="NP"/><syntax:Chunk xmi:id="1298" sofa="1" begin="99" end="102" chunkType="NP"/><syntax:Chunk xmi:id="1303" sofa="1" begin="103" end="107" chunkType="VP"/><syntax:Chunk xmi:id="1308" sofa="1" begin="108" end="112" chunkType="SBAR"/><syntax:Chunk xmi:id="1313" sofa="1" begin="113" end="125" chunkType="NP"/><syntax:Chunk xmi:id="1318" sofa="1" begin="126" end="131" chunkType="VP"/><syntax:Chunk xmi:id="1323" sofa="1" begin="132" end="136" chunkType="PP"/><syntax:Chunk xmi:id="1328" sofa="1" begin="137" end="164" chunkType="NP"/><syntax:Chunk xmi:id="1333" sofa="1" begin="147" end="149" chunkType="PP"/><syntax:Chunk xmi:id="1338" sofa="1" begin="150" end="164" chunkType="NP"/><syntax:Chunk xmi:id="1343" sofa="1" begin="161" end="164" chunkType="NP"/><syntax:Chunk xmi:id="1348" sofa="1" begin="165" end="175" chunkType="VP"/><syntax:Chunk xmi:id="1353" sofa="1" begin="176" end="178" chunkType="PP"/><syntax:Chunk xmi:id="1358" sofa="1" begin="179" end="205" chunkType="NP"/><syntax:Chunk xmi:id="1363" sofa="1" begin="196" end="205" chunkType="NP"/><syntax:Chunk xmi:id="1368" sofa="1" begin="208" end="215" chunkType="NP"/><syntax:Chunk xmi:id="1373" sofa="1" begin="216" end="218" chunkType="VP"/><syntax:Chunk xmi:id="1378" sofa="1" begin="219" end="221" chunkType="NP"/><syntax:Chunk xmi:id="1383" sofa="1" begin="222" end="225" chunkType="O"/><syntax:Chunk xmi:id="1388" sofa="1" begin="226" end="232" chunkType="VP"/><syntax:Chunk xmi:id="1393" sofa="1" begin="233" end="236" chunkType="NP"/><syntax:Chunk xmi:id="1398" sofa="1" begin="237" end="247" chunkType="VP"/><syntax:Chunk xmi:id="1403" sofa="1" begin="248" end="251" chunkType="PP"/><syntax:Chunk xmi:id="1408" sofa="1" begin="252" end="277" chunkType="NP"/><syntax:Chunk xmi:id="1413" sofa="1" begin="279" end="282" chunkType="NP"/><syntax:Chunk xmi:id="1418" sofa="1" begin="283" end="296" chunkType="VP"/><syntax:Chunk xmi:id="1423" sofa="1" begin="297" end="302" chunkType="PP"/><syntax:Chunk xmi:id="1428" sofa="1" begin="303" end="320" chunkType="NP"/><syntax:Chunk xmi:id="1433" sofa="1" begin="315" end="320" chunkType="NP"/><syntax:Chunk xmi:id="1438" sofa="1" begin="320" end="321" chunkType="O"/><syntax:Chunk xmi:id="1443" sofa="1" begin="322" end="325" chunkType="O"/><syntax:Chunk xmi:id="1448" sofa="1" begin="326" end="329" chunkType="PP"/><syntax:Chunk xmi:id="1453" sofa="1" begin="330" end="348" chunkType="NP"/><syntax:Chunk xmi:id="1458" sofa="1" begin="345" end="348" chunkType="NP"/><syntax:Chunk xmi:id="1463" sofa="1" begin="349" end="357" chunkType="VP"/><syntax:Chunk xmi:id="1468" sofa="1" begin="358" end="362" chunkType="ADVP"/><syntax:Chunk xmi:id="1473" sofa="1" begin="363" end="365" chunkType="PP"/><syntax:Chunk xmi:id="1478" sofa="1" begin="366" end="392" chunkType="NP"/><syntax:Chunk xmi:id="1483" sofa="1" begin="387" end="392" chunkType="NP"/><syntax:Chunk xmi:id="1488" sofa="1" begin="394" end="397" chunkType="NP"/><syntax:Chunk xmi:id="1493" sofa="1" begin="398" end="407" chunkType="VP"/><syntax:Chunk xmi:id="1498" sofa="1" begin="408" end="415" chunkType="NP"/><syntax:Chunk xmi:id="1503" sofa="1" begin="416" end="424" chunkType="VP"/><syntax:Chunk xmi:id="1508" sofa="1" begin="425" end="435" chunkType="NP"/><textspan:LookupWindowAnnotation xmi:id="1513" sofa="1" begin="0" end="4"/><textspan:LookupWindowAnnotation xmi:id="1517" sofa="1" begin="6" end="8"/><textspan:LookupWindowAnnotation xmi:id="1521" sofa="1" begin="12" end="39"/><textspan:LookupWindowAnnotation xmi:id="1529" sofa="1" begin="48" end="96"/><textspan:LookupWindowAnnotation xmi:id="1541" sofa="1" begin="99" end="102"/><textspan:LookupWindowAnnotation xmi:id="1545" sofa="1" begin="113" end="125"/><textspan:LookupWindowAnnotation xmi:id="1549" sofa="1" begin="137" end="164"/><textspan:LookupWindowAnnotation xmi:id="1561" sofa="1" begin="179" end="205"/><textspan:LookupWindowAnnotation xmi:id="1569" sofa="1" begin="208" end="215"/><textspan:LookupWindowAnnotation xmi:id="1573" sofa="1" begin="219" end="221"/><textspan:LookupWindowAnnotation xmi:id="1577" sofa="1" begin="233" end="236"/><textspan:LookupWindowAnnotation xmi:id="1581" sofa="1" begin="252" end="277"/><textspan:LookupWindowAnnotation xmi:id="1585" sofa="1" begin="279" end="282"/><textspan:LookupWindowAnnotation xmi:id="1589" sofa="1" begin="303" end="320"/><textspan:LookupWindowAnnotation xmi:id="1597" sofa="1" begin="330" end="348"/><textspan:LookupWindowAnnotation xmi:id="1605" sofa="1" begin="366" end="392"/><textspan:LookupWindowAnnotation xmi:id="1613" sofa="1" begin="394" end="397"/><textspan:LookupWindowAnnotation xmi:id="1617" sofa="1" begin="408" end="415"/><textspan:LookupWindowAnnotation xmi:id="1621" sofa="1" begin="425" end="435"/><textsem:MedicationMention xmi:id="1638" sofa="1" begin="310" end="314" id="0" ontologyConceptArr="1625" typeID="1" discoveryTechnique="1" confidence="0.0" polarity="1" uncertainty="0" conditional="false" generic="false" historyOf="0"/><textsem:SignSymptomMention xmi:id="1681" sofa="1" begin="59" end="72" id="0" ontologyConceptArr="1668" typeID="3" discoveryTechnique="1" confidence="0.0" polarity="1" uncertainty="0" conditional="false" generic="false" historyOf="0"/><textsem:SignSymptomMention xmi:id="1724" sofa="1" begin="117" end="125" id="0" ontologyConceptArr="1711" typeID="3" discoveryTechnique="1" confidence="0.0" polarity="1" uncertainty="0" conditional="false" generic="false" historyOf="0"/><textsem:SignSymptomMention xmi:id="1767" sofa="1" begin="141" end="146" id="0" ontologyConceptArr="1754" typeID="3" discoveryTechnique="1" confidence="0.0" polarity="1" uncertainty="0" conditional="false" generic="false" historyOf="0"/><cas:Sofa xmi:id="1" sofaNum="1" sofaID="_InitialView" mimeType="text/plain" sofaString="Miss. CM is a energetic young woman who has had bouts with sleeplessness for the past year or so.  She said that her insomnia began with the death of her father who was killed in a train accident last year.&#13;&#10;Patient is 25 and claims she has smoked for the last five years or so. She used to smoke about half a pack a day, but for the last month she has been down to about 3-5 cigarettes a day. She is having trouble stopping altogether."/><cas:Sofa xmi:id="13" sofaNum="2" sofaID="UriView" sofaURI="file:/tmp/"/><refsem:UmlsConcept xmi:id="1625" codingScheme="RXNORM" code="746839" score="0.0" disambiguated="false" cui="C1999262" tui="T122" preferredText="Pack"/><refsem:UmlsConcept xmi:id="1668" codingScheme="SNOMEDCT_US" code="193462001" score="0.0" disambiguated="false" cui="C0917801" tui="T184" preferredText="Sleeplessness"/><refsem:UmlsConcept xmi:id="1711" codingScheme="SNOMEDCT_US" code="193462001" score="0.0" disambiguated="false" cui="C0917801" tui="T184" preferredText="Sleeplessness"/><refsem:UmlsConcept xmi:id="1754" codingScheme="SNOMEDCT_US" code="419620001" score="0.0" disambiguated="false" cui="C0011065" tui="T040" preferredText="Cessation of life"/><cas:View sofa="1" members="8 20 22 28 34 40 46 52 58 64 72 92 104 116 128 140 152 164 176 188 200 212 224 236 248 260 272 284 296 316 328 340 352 364 376 388 400 412 424 436 448 460 472 484 496 508 520 532 544 556 576 588 609 621 633 645 657 669 681 693 705 717 729 741 761 773 785 797 809 821 833 845 857 869 889 901 913 925 937 949 961 973 985 997 1009 1047 1059 1071 1091 1103 1115 1127 1139 1151 84 308 568 753 881 1030 1083 1163 600 1021 1038 1171 1189 1207 1225 1243 1248 1253 1258 1263 1268 1273 1278 1283 1288 1293 1298 1303 1308 1313 1318 1323 1328 1333 1338 1343 1348 1353 1358 1363 1368 1373 1378 1383 1388 1393 1398 1403 1408 1413 1418 1423 1428 1433 1438 1443 1448 1453 1458 1463 1468 1473 1478 1483 1488 1493 1498 1503 1508 1513 1517 1521 1529 1541 1545 1549 1561 1569 1573 1577 1581 1585 1589 1597 1605 1613 1617 1621 1638 1681 1724 1767"/></xmi:XMI>