<?xml version="1.0" encoding="UTF-8"?><xmi:XMI xmlns:util="http:///org/apache/ctakes/typesystem/type/util.ecore" xmlns:tcas="http:///uima/tcas.ecore" xmlns:xmi="http://www.omg.org/XMI" xmlns:cas="http:///uima/cas.ecore" xmlns:type7="http:///org/cleartk/syntax/constituent/type.ecore" xmlns:ne="http:///org/cleartk/type/ne.ecore" xmlns:textsem="http:///org/apache/ctakes/typesystem/type/textsem.ecore" xmlns:refsem="http:///org/apache/ctakes/typesystem/type/refsem.ecore" xmlns:type8="http:///org/cleartk/syntax/dependency/type.ecore" xmlns:type="http:///de/tudarmstadt/ukp/dkpro/core/api/metadata/type.ecore" xmlns:type11="http:///org/cleartk/util/type.ecore" xmlns:assertion="http:///org/apache/ctakes/typesystem/type/temporary/assertion.ecore" xmlns:type5="http:///org/cleartk/score/type.ecore" xmlns:syntax="http:///org/apache/ctakes/typesystem/type/syntax.ecore" xmlns:type6="http:///org/cleartk/srl/type.ecore" xmlns:type2="http:///org/apache/ctakes/constituency/parser/uima/type.ecore" xmlns:types="http:///org/apache/ctakes/assertion/medfacts/types.ecore" xmlns:relation="http:///org/apache/ctakes/typesystem/type/relation.ecore" xmlns:type9="http:///org/cleartk/timeml/type.ecore" xmlns:type12="http:///org/cleartk/ne/type.ecore" xmlns:type10="http:///org/cleartk/token/type.ecore" xmlns:structured="http:///org/apache/ctakes/typesystem/type/structured.ecore" xmlns:textspan="http:///org/apache/ctakes/typesystem/type/textspan.ecore" xmlns:type3="http:///org/apache/ctakes/coreference/type.ecore" xmlns:type4="http:///org/apache/ctakes/drugner/type.ecore" xmi:version="2.0"><cas:NULL xmi:id="0"/><tcas:DocumentAnnotation xmi:id="8" sofa="1" begin="0" end="210" language="x-unspecified"/><structured:DocumentID xmi:id="20" documentID="/tmp"/><textspan:Segment xmi:id="22" sofa="1" begin="0" end="210" id="SIMPLE_SEGMENT"/><textspan:Sentence xmi:id="28" sofa="1" begin="0" end="53" sentenceNumber="0"/><textspan:Sentence xmi:id="34" sofa="1" begin="55" end="117" sentenceNumber="1"/><textspan:Sentence xmi:id="40" sofa="1" begin="118" end="149" sentenceNumber="2"/><textspan:Sentence xmi:id="46" sofa="1" begin="151" end="210" sentenceNumber="3"/><syntax:NewlineToken xmi:id="52" sofa="1" begin="117" end="118" tokenNumber="25"/><syntax:WordToken xmi:id="60" sofa="1" begin="0" end="7" tokenNumber="0" partOfSpeech="NN" capitalization="0" numPosition="0" canonicalForm="patient"/><syntax:WordToken xmi:id="72" sofa="1" begin="8" end="18" tokenNumber="1" partOfSpeech="VBD" capitalization="0" numPosition="0" canonicalForm="complain"/><syntax:WordToken xmi:id="84" sofa="1" begin="19" end="23" tokenNumber="2" partOfSpeech="IN" capitalization="0" numPosition="0" canonicalForm="that"/><syntax:WordToken xmi:id="96" sofa="1" begin="24" end="27" tokenNumber="3" partOfSpeech="DT" capitalization="0" numPosition="0"/><syntax:WordToken xmi:id="116" sofa="1" begin="31" end="34" tokenNumber="5" partOfSpeech="NN" capitalization="0" numPosition="0" canonicalForm="ion"/><syntax:WordToken xmi:id="128" sofa="1" begin="35" end="38" tokenNumber="6" partOfSpeech="VBD" capitalization="0" numPosition="0" canonicalForm="did"/><syntax:WordToken xmi:id="148" sofa="1" begin="42" end="46" tokenNumber="8" partOfSpeech="VB" capitalization="0" numPosition="0" canonicalForm="make"/><syntax:WordToken xmi:id="160" sofa="1" begin="47" end="52" tokenNumber="9" partOfSpeech="JJ" capitalization="0" numPosition="0" canonicalForm="sense"/><syntax:WordToken xmi:id="180" sofa="1" begin="55" end="59" tokenNumber="11" partOfSpeech="DT" capitalization="1" numPosition="0" canonicalForm="thi"/><syntax:WordToken xmi:id="192" sofa="1" begin="60" end="62" tokenNumber="12" partOfSpeech="VBZ" capitalization="0" numPosition="0" canonicalForm="is"/><syntax:WordToken xmi:id="204" sofa="1" begin="63" end="64" tokenNumber="13" partOfSpeech="DT" capitalization="0" numPosition="0" canonicalForm="a"/><syntax:WordToken xmi:id="216" sofa="1" begin="65" end="69" tokenNumber="14" partOfSpeech="NN" capitalization="0" numPosition="0" canonicalForm="test"/><syntax:WordToken xmi:id="228" sofa="1" begin="70" end="72" tokenNumber="15" partOfSpeech="IN" capitalization="0" numPosition="0"/><syntax:WordToken xmi:id="240" sofa="1" begin="73" end="75" tokenNumber="16" partOfSpeech="DT" capitalization="0" numPosition="0" canonicalForm="an"/><syntax:WordToken xmi:id="252" sofa="1" begin="76" end="80" tokenNumber="17" partOfSpeech="NN" capitalization="0" numPosition="0" canonicalForm="edge"/><syntax:WordToken xmi:id="264" sofa="1" begin="81" end="85" tokenNumber="18" partOfSpeech="NN" capitalization="0" numPosition="0" canonicalForm="case"/><syntax:WordToken xmi:id="276" sofa="1" begin="86" end="88" tokenNumber="19" partOfSpeech="IN" capitalization="0" numPosition="0"/><syntax:WordToken xmi:id="288" sofa="1" begin="89" end="100" tokenNumber="20" partOfSpeech="NN" capitalization="0" numPosition="0" canonicalForm="contraction"/><syntax:WordToken xmi:id="300" sofa="1" begin="101" end="103" tokenNumber="21" partOfSpeech="IN" capitalization="0" numPosition="0"/><syntax:WordToken xmi:id="312" sofa="1" begin="104" end="107" tokenNumber="22" partOfSpeech="DT" capitalization="0" numPosition="0"/><syntax:WordToken xmi:id="324" sofa="1" begin="108" end="116" tokenNumber="23" partOfSpeech="NN" capitalization="0" numPosition="0" canonicalForm="tokezi"/><syntax:WordToken xmi:id="344" sofa="1" begin="118" end="125" tokenNumber="26" partOfSpeech="NN" capitalization="0" numPosition="0" canonicalForm="aspirin"/><syntax:WordToken xmi:id="356" sofa="1" begin="126" end="135" tokenNumber="27" partOfSpeech="VBN" capitalization="0" numPosition="0" canonicalForm="decreas"/><syntax:WordToken xmi:id="368" sofa="1" begin="136" end="140" tokenNumber="28" partOfSpeech="IN" capitalization="0" numPosition="0" canonicalForm="from"/><syntax:WordToken xmi:id="406" sofa="1" begin="146" end="148" tokenNumber="32" partOfSpeech="NN" capitalization="3" numPosition="0" canonicalForm="pm"/><syntax:WordToken xmi:id="426" sofa="1" begin="151" end="155" tokenNumber="34" partOfSpeech="DT" capitalization="1" numPosition="0" canonicalForm="thi"/><syntax:WordToken xmi:id="438" sofa="1" begin="156" end="160" tokenNumber="35" partOfSpeech="VBN" capitalization="0" numPosition="0" canonicalForm="use"/><syntax:WordToken xmi:id="450" sofa="1" begin="161" end="163" tokenNumber="36" partOfSpeech="TO" capitalization="0" numPosition="0"/><syntax:WordToken xmi:id="462" sofa="1" begin="164" end="169" tokenNumber="37" partOfSpeech="VB" capitalization="0" numPosition="0" canonicalForm="cause"/><syntax:WordToken xmi:id="474" sofa="1" begin="170" end="173" tokenNumber="38" partOfSpeech="DT" capitalization="0" numPosition="0"/><syntax:WordToken xmi:id="486" sofa="1" begin="174" end="178" tokenNumber="39" partOfSpeech="NN" capitalization="0" numPosition="0" canonicalForm="drug"/><syntax:WordToken xmi:id="498" sofa="1" begin="179" end="182" tokenNumber="40" partOfSpeech="NN" capitalization="0" numPosition="0" canonicalForm="ner"/><syntax:WordToken xmi:id="510" sofa="1" begin="183" end="185" tokenNumber="41" partOfSpeech="TO" capitalization="0" numPosition="0"/><syntax:WordToken xmi:id="522" sofa="1" begin="186" end="188" tokenNumber="42" partOfSpeech="VB" capitalization="0" numPosition="0" canonicalForm="go"/><syntax:WordToken xmi:id="534" sofa="1" begin="189" end="193" tokenNumber="43" partOfSpeech="IN" capitalization="0" numPosition="0" canonicalForm="into"/><syntax:WordToken xmi:id="546" sofa="1" begin="194" end="196" tokenNumber="44" partOfSpeech="DT" capitalization="0" numPosition="0" canonicalForm="an"/><syntax:WordToken xmi:id="558" sofa="1" begin="197" end="204" tokenNumber="45" partOfSpeech="NN" capitalization="0" numPosition="0" canonicalForm="infinte"/><syntax:WordToken xmi:id="570" sofa="1" begin="205" end="209" tokenNumber="46" partOfSpeech="NN" capitalization="0" numPosition="0" canonicalForm="loop"/><syntax:ContractionToken xmi:id="108" sofa="1" begin="28" end="31" tokenNumber="4" partOfSpeech="RB"/><syntax:ContractionToken xmi:id="140" sofa="1" begin="38" end="41" tokenNumber="7" partOfSpeech="RB"/><syntax:PunctuationToken xmi:id="172" sofa="1" begin="52" end="53" tokenNumber="10" partOfSpeech="."/><syntax:PunctuationToken xmi:id="336" sofa="1" begin="116" end="117" tokenNumber="24" partOfSpeech="."/><syntax:PunctuationToken xmi:id="389" sofa="1" begin="142" end="143" tokenNumber="30" partOfSpeech=":"/><syntax:PunctuationToken xmi:id="418" sofa="1" begin="148" end="149" tokenNumber="33" partOfSpeech="."/><syntax:PunctuationToken xmi:id="582" sofa="1" begin="209" end="210" tokenNumber="47" partOfSpeech="."/><syntax:NumToken xmi:id="380" sofa="1" begin="141" end="142" tokenNumber="29" partOfSpeech="CD" numType="1"/><syntax:NumToken xmi:id="397" sofa="1" begin="143" end="145" tokenNumber="31" partOfSpeech="CD" numType="1"/><textsem:RomanNumeralAnnotation xmi:id="590" sofa="1" begin="35" end="38" id="0" typeID="0" discoveryTechnique="0" confidence="0.0" polarity="0" uncertainty="0" conditional="false" generic="false" historyOf="0"/><syntax:Chunk xmi:id="608" sofa="1" begin="0" end="7" chunkType="NP"/><syntax:Chunk xmi:id="613" sofa="1" begin="8" end="18" chunkType="VP"/><syntax:Chunk xmi:id="618" sofa="1" begin="19" end="23" chunkType="SBAR"/><syntax:Chunk xmi:id="623" sofa="1" begin="24" end="34" chunkType="NP"/><syntax:Chunk xmi:id="628" sofa="1" begin="35" end="46" chunkType="VP"/><syntax:Chunk xmi:id="633" sofa="1" begin="47" end="52" chunkType="ADJP"/><syntax:Chunk xmi:id="638" sofa="1" begin="55" end="59" chunkType="NP"/><syntax:Chunk xmi:id="643" sofa="1" begin="60" end="62" chunkType="VP"/><syntax:Chunk xmi:id="648" sofa="1" begin="63" end="116" chunkType="NP"/><syntax:Chunk xmi:id="653" sofa="1" begin="70" end="72" chunkType="PP"/><syntax:Chunk xmi:id="658" sofa="1" begin="73" end="85" chunkType="NP"/><syntax:Chunk xmi:id="663" sofa="1" begin="86" end="88" chunkType="PP"/><syntax:Chunk xmi:id="668" sofa="1" begin="89" end="100" chunkType="NP"/><syntax:Chunk xmi:id="673" sofa="1" begin="101" end="103" chunkType="PP"/><syntax:Chunk xmi:id="678" sofa="1" begin="104" end="116" chunkType="NP"/><syntax:Chunk xmi:id="683" sofa="1" begin="118" end="125" chunkType="NP"/><syntax:Chunk xmi:id="688" sofa="1" begin="126" end="135" chunkType="VP"/><syntax:Chunk xmi:id="693" sofa="1" begin="136" end="140" chunkType="PP"/><syntax:Chunk xmi:id="698" sofa="1" begin="141" end="142" chunkType="NP"/><syntax:Chunk xmi:id="703" sofa="1" begin="142" end="143" chunkType="O"/><syntax:Chunk xmi:id="708" sofa="1" begin="143" end="148" chunkType="NP"/><syntax:Chunk xmi:id="713" sofa="1" begin="151" end="155" chunkType="NP"/><syntax:Chunk xmi:id="718" sofa="1" begin="156" end="160" chunkType="VP"/><syntax:Chunk xmi:id="723" sofa="1" begin="161" end="169" chunkType="VP"/><syntax:Chunk xmi:id="728" sofa="1" begin="170" end="182" chunkType="NP"/><syntax:Chunk xmi:id="733" sofa="1" begin="183" end="188" chunkType="VP"/><syntax:Chunk xmi:id="738" sofa="1" begin="189" end="193" chunkType="PP"/><syntax:Chunk xmi:id="743" sofa="1" begin="194" end="209" chunkType="NP"/><textspan:LookupWindowAnnotation xmi:id="748" sofa="1" begin="0" end="7"/><textspan:LookupWindowAnnotation xmi:id="752" sofa="1" begin="24" end="34"/><textspan:LookupWindowAnnotation xmi:id="756" sofa="1" begin="55" end="59"/><textspan:LookupWindowAnnotation xmi:id="760" sofa="1" begin="63" end="116"/><textspan:LookupWindowAnnotation xmi:id="776" sofa="1" begin="118" end="125"/><textspan:LookupWindowAnnotation xmi:id="780" sofa="1" begin="141" end="142"/><textspan:LookupWindowAnnotation xmi:id="784" sofa="1" begin="143" end="148"/><textspan:LookupWindowAnnotation xmi:id="788" sofa="1" begin="151" end="155"/><textspan:LookupWindowAnnotation xmi:id="792" sofa="1" begin="170" end="182"/><textspan:LookupWindowAnnotation xmi:id="796" sofa="1" begin="194" end="209"/><textsem:MedicationMention xmi:id="878" sofa="1" begin="31" end="34" id="0" ontologyConceptArr="865" typeID="1" discoveryTechnique="1" confidence="0.0" polarity="1" uncertainty="0" conditional="false" generic="false" historyOf="0"/><textsem:MedicationMention xmi:id="998" sofa="1" begin="118" end="125" id="0" ontologyConceptArr="928 978 948 918 968 938 908 958" typeID="1" discoveryTechnique="1" confidence="0.0" polarity="1" uncertainty="0" conditional="false" generic="false" historyOf="0"/><textsem:MedicationMention xmi:id="835" sofa="1" begin="174" end="178" id="0" ontologyConceptArr="800 820 810" typeID="1" discoveryTechnique="1" confidence="0.0" polarity="1" uncertainty="0" conditional="false" generic="false" historyOf="0"/><textsem:SignSymptomMention xmi:id="1149" sofa="1" begin="47" end="52" id="0" ontologyConceptArr="1124 1114 1134" typeID="3" discoveryTechnique="1" confidence="0.0" polarity="1" uncertainty="0" conditional="false" generic="false" historyOf="0"/><textsem:SignSymptomMention xmi:id="1041" sofa="1" begin="65" end="69" id="0" ontologyConceptArr="1028" typeID="3" discoveryTechnique="1" confidence="0.0" polarity="1" uncertainty="0" conditional="false" generic="false" historyOf="0"/><textsem:SignSymptomMention xmi:id="1084" sofa="1" begin="89" end="100" id="0" ontologyConceptArr="1071" typeID="3" discoveryTechnique="1" confidence="0.0" polarity="1" uncertainty="0" conditional="false" generic="false" historyOf="0"/><textsem:ProcedureMention xmi:id="1214" sofa="1" begin="65" end="69" id="0" ontologyConceptArr="1189 1179 1199" typeID="5" discoveryTechnique="1" confidence="0.0" polarity="1" uncertainty="0" conditional="false" generic="false" historyOf="0"/><cas:Sofa xmi:id="1" sofaNum="1" sofaID="_InitialView" mimeType="text/plain" sofaString="patient complained that the n'tion didn't make sense.  This is a test of an edge case in contraction in the tokezier.&#10;aspirin decreased from 2:00 PM.  This used to cause the drug ner to go into an infinte loop."/><cas:Sofa xmi:id="13" sofaNum="2" sofaID="UriView" sofaURI="file:/tmp/"/><refsem:UmlsConcept xmi:id="865" codingScheme="SNOMEDCT_US" code="48006008" score="0.0" disambiguated="false" cui="C0022023" tui="T196" preferredText="Ions"/><refsem:UmlsConcept xmi:id="928" codingScheme="SNOMEDCT_US" code="7947003" score="0.0" disambiguated="false" cui="C0004057" tui="T109" preferredText="Aspirin"/><refsem:UmlsConcept xmi:id="978" codingScheme="DRUGBANK" code="DB00945" score="0.0" disambiguated="false" cui="C0004057" tui="T121" preferredText="Aspirin"/><refsem:UmlsConcept xmi:id="948" codingScheme="RXNORM" code="1191" score="0.0" disambiguated="false" cui="C0004057" tui="T121" preferredText="Aspirin"/><refsem:UmlsConcept xmi:id="918" codingScheme="SNOMEDCT_US" code="387458008" score="0.0" disambiguated="false" cui="C0004057" tui="T109" preferredText="Aspirin"/><refsem:UmlsConcept xmi:id="968" codingScheme="SNOMEDCT_US" code="7947003" score="0.0" disambiguated="false" cui="C0004057" tui="T121" preferredText="Aspirin"/><refsem:UmlsConcept xmi:id="938" codingScheme="DRUGBANK" code="DB00945" score="0.0" disambiguated="false" cui="C0004057" tui="T109" preferredText="Aspirin"/><refsem:UmlsConcept xmi:id="908" codingScheme="RXNORM" code="1191" score="0.0" disambiguated="false" cui="C0004057" tui="T109" preferredText="Aspirin"/><refsem:UmlsConcept xmi:id="958" codingScheme="SNOMEDCT_US" code="387458008" score="0.0" disambiguated="false" cui="C0004057" tui="T121" preferredText="Aspirin"/><refsem:UmlsConcept xmi:id="800" codingScheme="SNOMEDCT_US" code="410942007" score="0.0" disambiguated="false" cui="C0013227" tui="T121" preferredText="Pharmaceutical Preparations"/><refsem:UmlsConcept xmi:id="820" codingScheme="SNOMEDCT_US" code="373873005" score="0.0" disambiguated="false" cui="C0013227" tui="T121" preferredText="Pharmaceutical Preparations"/><refsem:UmlsConcept xmi:id="810" codingScheme="SNOMEDCT_US" code="105903003" score="0.0" disambiguated="false" cui="C0013227" tui="T121" preferredText="Pharmaceutical Preparations"/><refsem:UmlsConcept xmi:id="1124" codingScheme="SNOMEDCT_US" code="373713005" score="0.0" disambiguated="false" cui="C0036658" tui="T042" preferredText="Esthesia"/><refsem:UmlsConcept xmi:id="1114" codingScheme="SNOMEDCT_US" code="272144002" score="0.0" disambiguated="false" cui="C0036658" tui="T042" preferredText="Esthesia"/><refsem:UmlsConcept xmi:id="1134" codingScheme="SNOMEDCT_US" code="106148006" score="0.0" disambiguated="false" cui="C0036658" tui="T042" preferredText="Esthesia"/><refsem:UmlsConcept xmi:id="1028" codingScheme="SNOMEDCT_US" code="277775005" score="0.0" disambiguated="false" cui="C0456984" tui="T034" preferredText="Test Result"/><refsem:UmlsConcept xmi:id="1071" codingScheme="SNOMEDCT_US" code="78558002" score="0.0" disambiguated="false" cui="C1140999" tui="T046" preferredText="Contraction (finding)"/><refsem:UmlsConcept xmi:id="1189" codingScheme="SNOMEDCT_US" code="269814003" score="0.0" disambiguated="false" cui="C0022885" tui="T059" preferredText="Laboratory Procedures"/><refsem:UmlsConcept xmi:id="1179" codingScheme="SNOMEDCT_US" code="108252007" score="0.0" disambiguated="false" cui="C0022885" tui="T059" preferredText="Laboratory Procedures"/><refsem:UmlsConcept xmi:id="1199" codingScheme="SNOMEDCT_US" code="15220000" score="0.0" disambiguated="false" cui="C0022885" tui="T059" preferredText="Laboratory Procedures"/><cas:View sofa="1" members="8 20 22 28 34 40 46 52 60 72 84 96 116 128 148 160 180 192 204 216 228 240 252 264 276 288 300 312 324 344 356 368 406 426 438 450 462 474 486 498 510 522 534 546 558 570 108 140 172 336 389 418 582 380 397 590 608 613 618 623 628 633 638 643 648 653 658 663 668 673 678 683 688 693 698 703 708 713 718 723 728 733 738 743 748 752 756 760 776 780 784 788 792 796 878 998 835 1149 1041 1084 1214"/></xmi:XMI>