<?xml version="1.0" encoding="UTF-8"?><xmi:XMI xmlns:util="http:///org/apache/ctakes/typesystem/type/util.ecore" xmlns:tcas="http:///uima/tcas.ecore" xmlns:xmi="http://www.omg.org/XMI" xmlns:cas="http:///uima/cas.ecore" xmlns:type7="http:///org/cleartk/syntax/constituent/type.ecore" xmlns:ne="http:///org/cleartk/type/ne.ecore" xmlns:textsem="http:///org/apache/ctakes/typesystem/type/textsem.ecore" xmlns:refsem="http:///org/apache/ctakes/typesystem/type/refsem.ecore" xmlns:type8="http:///org/cleartk/syntax/dependency/type.ecore" xmlns:type="http:///de/tudarmstadt/ukp/dkpro/core/api/metadata/type.ecore" xmlns:type11="http:///org/cleartk/util/type.ecore" xmlns:assertion="http:///org/apache/ctakes/typesystem/type/temporary/assertion.ecore" xmlns:type5="http:///org/cleartk/score/type.ecore" xmlns:syntax="http:///org/apache/ctakes/typesystem/type/syntax.ecore" xmlns:type6="http:///org/cleartk/srl/type.ecore" xmlns:type2="http:///org/apache/ctakes/constituency/parser/uima/type.ecore" xmlns:types="http:///org/apache/ctakes/assertion/medfacts/types.ecore" xmlns:relation="http:///org/apache/ctakes/typesystem/type/relation.ecore" xmlns:type9="http:///org/cleartk/timeml/type.ecore" xmlns:type12="http:///org/cleartk/ne/type.ecore" xmlns:type10="http:///org/cleartk/token/type.ecore" xmlns:structured="http:///org/apache/ctakes/typesystem/type/structured.ecore" xmlns:textspan="http:///org/apache/ctakes/typesystem/type/textspan.ecore" xmlns:type3="http:///org/apache/ctakes/coreference/type.ecore" xmlns:type4="http:///org/apache/ctakes/drugner/type.ecore" xmi:version="2.0"><cas:NULL xmi:id="0"/><tcas:DocumentAnnotation xmi:id="8" sofa="1" begin="0" end="436" language="x-unspecified"/><structured:DocumentID xmi:id="20" documentID="/tmp"/><textspan:Segment xmi:id="22" sofa="1" begin="0" end="436" id="SIMPLE_SEGMENT"/><textspan:Sentence xmi:id="28" sofa="1" begin="0" end="48" sentenceNumber="0"/><textspan:Sentence xmi:id="34" sofa="1" begin="50" end="104" sentenceNumber="1"/><textspan:Sentence xmi:id="40" sofa="1" begin="106" end="178" sentenceNumber="2"/><textspan:Sentence xmi:id="46" sofa="1" begin="182" end="331" sentenceNumber="3"/><textspan:Sentence xmi:id="52" sofa="1" begin="335" end="436" sentenceNumber="4"/><syntax:NewlineToken xmi:id="58" sofa="1" begin="178" end="180" tokenNumber="36"/><syntax:NewlineToken xmi:id="66" sofa="1" begin="180" end="182" tokenNumber="37"/><syntax:NewlineToken xmi:id="74" sofa="1" begin="331" end="333" tokenNumber="65"/><syntax:NewlineToken xmi:id="82" sofa="1" begin="333" end="335" tokenNumber="66"/><syntax:WordToken xmi:id="90" sofa="1" begin="0" end="3" tokenNumber="0" partOfSpeech="NNP" capitalization="1" numPosition="0" canonicalForm="mr."/><syntax:WordToken xmi:id="102" sofa="1" begin="4" end="11" tokenNumber="1" partOfSpeech="NNP" capitalization="1" numPosition="0" canonicalForm="johnson"/><syntax:WordToken xmi:id="114" sofa="1" begin="12" end="14" tokenNumber="2" partOfSpeech="VBZ" capitalization="0" numPosition="0" canonicalForm="is"/><syntax:WordToken xmi:id="126" sofa="1" begin="15" end="25" tokenNumber="3" partOfSpeech="VBG" capitalization="0" numPosition="0" canonicalForm="present"/><syntax:WordToken xmi:id="138" sofa="1" begin="26" end="31" tokenNumber="4" partOfSpeech="NNS" capitalization="0" numPosition="0" canonicalForm="sign"/><syntax:WordToken xmi:id="150" sofa="1" begin="32" end="34" tokenNumber="5" partOfSpeech="IN" capitalization="0" numPosition="0"/><syntax:WordToken xmi:id="162" sofa="1" begin="35" end="36" tokenNumber="6" partOfSpeech="DT" capitalization="0" numPosition="0" canonicalForm="a"/><syntax:WordToken xmi:id="174" sofa="1" begin="37" end="42" tokenNumber="7" partOfSpeech="NN" capitalization="0" numPosition="0" canonicalForm="shark"/><syntax:WordToken xmi:id="186" sofa="1" begin="43" end="47" tokenNumber="8" partOfSpeech="NN" capitalization="0" numPosition="0" canonicalForm="bite"/><syntax:WordToken xmi:id="206" sofa="1" begin="50" end="52" tokenNumber="10" partOfSpeech="PRP" capitalization="1" numPosition="0" canonicalForm="it"/><syntax:WordToken xmi:id="218" sofa="1" begin="53" end="61" tokenNumber="11" partOfSpeech="VBD" capitalization="0" numPosition="0" canonicalForm="occur"/><syntax:WordToken xmi:id="230" sofa="1" begin="62" end="66" tokenNumber="12" partOfSpeech="JJ" capitalization="0" numPosition="0" canonicalForm="last"/><syntax:WordToken xmi:id="242" sofa="1" begin="67" end="71" tokenNumber="13" partOfSpeech="NN" capitalization="0" numPosition="0" canonicalForm="week"/><syntax:WordToken xmi:id="254" sofa="1" begin="72" end="75" tokenNumber="14" partOfSpeech="CC" capitalization="0" numPosition="0"/><syntax:WordToken xmi:id="266" sofa="1" begin="76" end="79" tokenNumber="15" partOfSpeech="VBZ" capitalization="0" numPosition="0" canonicalForm="has"/><syntax:WordToken xmi:id="278" sofa="1" begin="80" end="86" tokenNumber="16" partOfSpeech="VBN" capitalization="0" numPosition="0" canonicalForm="caus"/><syntax:WordToken xmi:id="290" sofa="1" begin="87" end="94" tokenNumber="17" partOfSpeech="JJ" capitalization="0" numPosition="0" canonicalForm="immense"/><syntax:WordToken xmi:id="302" sofa="1" begin="95" end="98" tokenNumber="18" partOfSpeech="NN" capitalization="0" numPosition="0" canonicalForm="leg"/><syntax:WordToken xmi:id="314" sofa="1" begin="99" end="103" tokenNumber="19" partOfSpeech="NN" capitalization="0" numPosition="0" canonicalForm="pain"/><syntax:WordToken xmi:id="334" sofa="1" begin="106" end="109" tokenNumber="21" partOfSpeech="DT" capitalization="1" numPosition="0"/><syntax:WordToken xmi:id="346" sofa="1" begin="110" end="114" tokenNumber="22" partOfSpeech="NN" capitalization="0" numPosition="0" canonicalForm="pain"/><syntax:WordToken xmi:id="358" sofa="1" begin="115" end="118" tokenNumber="23" partOfSpeech="VBD" capitalization="0" numPosition="0" canonicalForm="was"/><syntax:WordToken xmi:id="370" sofa="1" begin="119" end="121" tokenNumber="24" partOfSpeech="RB" capitalization="0" numPosition="0" canonicalForm="so"/><syntax:WordToken xmi:id="382" sofa="1" begin="122" end="128" tokenNumber="25" partOfSpeech="JJ" capitalization="0" numPosition="0" canonicalForm="severe"/><syntax:WordToken xmi:id="394" sofa="1" begin="129" end="133" tokenNumber="26" partOfSpeech="IN" capitalization="0" numPosition="0" canonicalForm="that"/><syntax:WordToken xmi:id="406" sofa="1" begin="134" end="136" tokenNumber="27" partOfSpeech="PRP" capitalization="0" numPosition="0" canonicalForm="he"/><syntax:WordToken xmi:id="418" sofa="1" begin="137" end="140" tokenNumber="28" partOfSpeech="VBD" capitalization="0" numPosition="0" canonicalForm="had"/><syntax:WordToken xmi:id="430" sofa="1" begin="141" end="146" tokenNumber="29" partOfSpeech="VBN" capitalization="0" numPosition="0" canonicalForm="begun"/><syntax:WordToken xmi:id="442" sofa="1" begin="147" end="153" tokenNumber="30" partOfSpeech="VBG" capitalization="0" numPosition="0" canonicalForm="tak"/><syntax:WordToken xmi:id="454" sofa="1" begin="154" end="163" tokenNumber="31" partOfSpeech="NNS" capitalization="0" numPosition="0" canonicalForm="narcotic"/><syntax:WordToken xmi:id="466" sofa="1" begin="164" end="166" tokenNumber="32" partOfSpeech="TO" capitalization="0" numPosition="0"/><syntax:WordToken xmi:id="478" sofa="1" begin="167" end="174" tokenNumber="33" partOfSpeech="VB" capitalization="0" numPosition="0" canonicalForm="relieve"/><syntax:WordToken xmi:id="490" sofa="1" begin="175" end="177" tokenNumber="34" partOfSpeech="PRP" capitalization="0" numPosition="0" canonicalForm="it"/><syntax:WordToken xmi:id="510" sofa="1" begin="182" end="185" tokenNumber="38" partOfSpeech="DT" capitalization="1" numPosition="0"/><syntax:WordToken xmi:id="522" sofa="1" begin="186" end="193" tokenNumber="39" partOfSpeech="NN" capitalization="0" numPosition="0" canonicalForm="patient"/><syntax:WordToken xmi:id="534" sofa="1" begin="194" end="198" tokenNumber="40" partOfSpeech="RB" capitalization="0" numPosition="0" canonicalForm="also"/><syntax:WordToken xmi:id="546" sofa="1" begin="199" end="202" tokenNumber="41" partOfSpeech="VBD" capitalization="0" numPosition="0" canonicalForm="was"/><syntax:WordToken xmi:id="558" sofa="1" begin="203" end="212" tokenNumber="42" partOfSpeech="JJ" capitalization="0" numPosition="0" canonicalForm="concern"/><syntax:WordToken xmi:id="570" sofa="1" begin="213" end="218" tokenNumber="43" partOfSpeech="IN" capitalization="0" numPosition="0" canonicalForm="about"/><syntax:WordToken xmi:id="582" sofa="1" begin="219" end="220" tokenNumber="44" partOfSpeech="DT" capitalization="0" numPosition="0" canonicalForm="a"/><syntax:WordToken xmi:id="594" sofa="1" begin="221" end="226" tokenNumber="45" partOfSpeech="JJ" capitalization="0" numPosition="0" canonicalForm="small"/><syntax:WordToken xmi:id="606" sofa="1" begin="227" end="233" tokenNumber="46" partOfSpeech="NN" capitalization="0" numPosition="0" canonicalForm="lesion"/><syntax:WordToken xmi:id="618" sofa="1" begin="234" end="236" tokenNumber="47" partOfSpeech="IN" capitalization="0" numPosition="0"/><syntax:WordToken xmi:id="630" sofa="1" begin="237" end="240" tokenNumber="48" partOfSpeech="PRP$" capitalization="0" numPosition="0" canonicalForm="his"/><syntax:WordToken xmi:id="642" sofa="1" begin="241" end="246" tokenNumber="49" partOfSpeech="NN" capitalization="1" numPosition="0" canonicalForm="broca"/><syntax:WordToken xmi:id="662" sofa="1" begin="249" end="253" tokenNumber="51" partOfSpeech="NN" capitalization="0" numPosition="0" canonicalForm="area"/><syntax:WordToken xmi:id="674" sofa="1" begin="254" end="257" tokenNumber="52" partOfSpeech="CC" capitalization="0" numPosition="0"/><syntax:WordToken xmi:id="686" sofa="1" begin="258" end="262" tokenNumber="53" partOfSpeech="VBD" capitalization="0" numPosition="0" canonicalForm="said"/><syntax:WordToken xmi:id="698" sofa="1" begin="263" end="266" tokenNumber="54" partOfSpeech="DT" capitalization="0" numPosition="0"/><syntax:WordToken xmi:id="710" sofa="1" begin="267" end="273" tokenNumber="55" partOfSpeech="NN" capitalization="0" numPosition="0" canonicalForm="lesion"/><syntax:WordToken xmi:id="722" sofa="1" begin="274" end="277" tokenNumber="56" partOfSpeech="VBD" capitalization="0" numPosition="0" canonicalForm="was"/><syntax:WordToken xmi:id="734" sofa="1" begin="278" end="285" tokenNumber="57" partOfSpeech="VBG" capitalization="0" numPosition="0" canonicalForm="caus"/><syntax:WordToken xmi:id="746" sofa="1" begin="286" end="289" tokenNumber="58" partOfSpeech="PRP" capitalization="0" numPosition="0" canonicalForm="him"/><syntax:WordToken xmi:id="758" sofa="1" begin="290" end="292" tokenNumber="59" partOfSpeech="IN" capitalization="0" numPosition="0"/><syntax:WordToken xmi:id="770" sofa="1" begin="293" end="300" tokenNumber="60" partOfSpeech="NN" capitalization="0" numPosition="0" canonicalForm="lettuce"/><syntax:WordToken xmi:id="782" sofa="1" begin="301" end="310" tokenNumber="61" partOfSpeech="NNP" capitalization="1" numPosition="0" canonicalForm="wednesday"/><syntax:WordToken xmi:id="794" sofa="1" begin="311" end="319" tokenNumber="62" partOfSpeech="NN" capitalization="0" numPosition="0" canonicalForm="baseball"/><syntax:WordToken xmi:id="806" sofa="1" begin="320" end="330" tokenNumber="63" partOfSpeech="NN" capitalization="0" numPosition="0" canonicalForm="applesauce"/><syntax:WordToken xmi:id="826" sofa="1" begin="335" end="340" tokenNumber="67" partOfSpeech="IN" capitalization="1" numPosition="0" canonicalForm="aft"/><syntax:WordToken xmi:id="838" sofa="1" begin="341" end="348" tokenNumber="68" partOfSpeech="NN" capitalization="0" numPosition="0" canonicalForm="imag"/><syntax:WordToken xmi:id="850" sofa="1" begin="349" end="354" tokenNumber="69" partOfSpeech="WDT" capitalization="0" numPosition="0" canonicalForm="which"/><syntax:WordToken xmi:id="862" sofa="1" begin="355" end="358" tokenNumber="70" partOfSpeech="VBD" capitalization="0" numPosition="0" canonicalForm="was"/><syntax:WordToken xmi:id="874" sofa="1" begin="359" end="371" tokenNumber="71" partOfSpeech="JJ" capitalization="0" numPosition="0" canonicalForm="inconclusive"/><syntax:WordToken xmi:id="894" sofa="1" begin="373" end="376" tokenNumber="73" partOfSpeech="DT" capitalization="0" numPosition="0"/><syntax:WordToken xmi:id="906" sofa="1" begin="377" end="384" tokenNumber="74" partOfSpeech="NN" capitalization="0" numPosition="0" canonicalForm="patient"/><syntax:WordToken xmi:id="918" sofa="1" begin="385" end="388" tokenNumber="75" partOfSpeech="VBD" capitalization="0" numPosition="0" canonicalForm="was"/><syntax:WordToken xmi:id="930" sofa="1" begin="389" end="397" tokenNumber="76" partOfSpeech="VBN" capitalization="0" numPosition="0" canonicalForm="releas"/><syntax:WordToken xmi:id="942" sofa="1" begin="398" end="400" tokenNumber="77" partOfSpeech="TO" capitalization="0" numPosition="0"/><syntax:WordToken xmi:id="954" sofa="1" begin="401" end="403" tokenNumber="78" partOfSpeech="VB" capitalization="0" numPosition="0" canonicalForm="go"/><syntax:WordToken xmi:id="966" sofa="1" begin="404" end="408" tokenNumber="79" partOfSpeech="NN" capitalization="0" numPosition="0" canonicalForm="home"/><syntax:WordToken xmi:id="978" sofa="1" begin="409" end="412" tokenNumber="80" partOfSpeech="CC" capitalization="0" numPosition="0"/><syntax:WordToken xmi:id="990" sofa="1" begin="413" end="418" tokenNumber="81" partOfSpeech="VB" capitalization="0" numPosition="0" canonicalForm="treat"/><syntax:WordToken xmi:id="1002" sofa="1" begin="419" end="422" tokenNumber="82" partOfSpeech="PRP$" capitalization="0" numPosition="0" canonicalForm="his"/><syntax:WordToken xmi:id="1014" sofa="1" begin="423" end="427" tokenNumber="83" partOfSpeech="NN" capitalization="0" numPosition="0" canonicalForm="pain"/><syntax:WordToken xmi:id="1026" sofa="1" begin="428" end="435" tokenNumber="84" partOfSpeech="PRP" capitalization="0" numPosition="0" canonicalForm="himself"/><syntax:PunctuationToken xmi:id="198" sofa="1" begin="47" end="48" tokenNumber="9" partOfSpeech="."/><syntax:PunctuationToken xmi:id="326" sofa="1" begin="103" end="104" tokenNumber="20" partOfSpeech="."/><syntax:PunctuationToken xmi:id="502" sofa="1" begin="177" end="178" tokenNumber="35" partOfSpeech="."/><syntax:PunctuationToken xmi:id="818" sofa="1" begin="330" end="331" tokenNumber="64" partOfSpeech="."/><syntax:PunctuationToken xmi:id="886" sofa="1" begin="371" end="372" tokenNumber="72" partOfSpeech=","/><syntax:PunctuationToken xmi:id="1038" sofa="1" begin="435" end="436" tokenNumber="85" partOfSpeech="."/><syntax:ContractionToken xmi:id="654" sofa="1" begin="246" end="248" tokenNumber="50" partOfSpeech="POS"/><syntax:Chunk xmi:id="1046" sofa="1" begin="0" end="11" chunkType="NP"/><syntax:Chunk xmi:id="1051" sofa="1" begin="12" end="25" chunkType="VP"/><syntax:Chunk xmi:id="1056" sofa="1" begin="26" end="47" chunkType="NP"/><syntax:Chunk xmi:id="1061" sofa="1" begin="32" end="34" chunkType="PP"/><syntax:Chunk xmi:id="1066" sofa="1" begin="35" end="47" chunkType="NP"/><syntax:Chunk xmi:id="1071" sofa="1" begin="50" end="52" chunkType="NP"/><syntax:Chunk xmi:id="1076" sofa="1" begin="53" end="61" chunkType="VP"/><syntax:Chunk xmi:id="1081" sofa="1" begin="62" end="71" chunkType="NP"/><syntax:Chunk xmi:id="1086" sofa="1" begin="72" end="75" chunkType="O"/><syntax:Chunk xmi:id="1091" sofa="1" begin="76" end="86" chunkType="VP"/><syntax:Chunk xmi:id="1096" sofa="1" begin="87" end="103" chunkType="NP"/><syntax:Chunk xmi:id="1101" sofa="1" begin="106" end="114" chunkType="NP"/><syntax:Chunk xmi:id="1106" sofa="1" begin="115" end="118" chunkType="VP"/><syntax:Chunk xmi:id="1111" sofa="1" begin="119" end="128" chunkType="ADJP"/><syntax:Chunk xmi:id="1116" sofa="1" begin="129" end="133" chunkType="SBAR"/><syntax:Chunk xmi:id="1121" sofa="1" begin="134" end="136" chunkType="NP"/><syntax:Chunk xmi:id="1126" sofa="1" begin="137" end="153" chunkType="VP"/><syntax:Chunk xmi:id="1131" sofa="1" begin="154" end="163" chunkType="NP"/><syntax:Chunk xmi:id="1136" sofa="1" begin="164" end="174" chunkType="VP"/><syntax:Chunk xmi:id="1141" sofa="1" begin="175" end="177" chunkType="NP"/><syntax:Chunk xmi:id="1146" sofa="1" begin="182" end="193" chunkType="NP"/><syntax:Chunk xmi:id="1151" sofa="1" begin="194" end="198" chunkType="ADVP"/><syntax:Chunk xmi:id="1156" sofa="1" begin="199" end="202" chunkType="VP"/><syntax:Chunk xmi:id="1161" sofa="1" begin="203" end="212" chunkType="ADJP"/><syntax:Chunk xmi:id="1166" sofa="1" begin="213" end="218" chunkType="PP"/><syntax:Chunk xmi:id="1171" sofa="1" begin="219" end="253" chunkType="NP"/><syntax:Chunk xmi:id="1176" sofa="1" begin="234" end="236" chunkType="PP"/><syntax:Chunk xmi:id="1181" sofa="1" begin="237" end="253" chunkType="NP"/><syntax:Chunk xmi:id="1186" sofa="1" begin="246" end="253" chunkType="NP"/><syntax:Chunk xmi:id="1191" sofa="1" begin="254" end="257" chunkType="O"/><syntax:Chunk xmi:id="1196" sofa="1" begin="258" end="262" chunkType="VP"/><syntax:Chunk xmi:id="1201" sofa="1" begin="263" end="273" chunkType="NP"/><syntax:Chunk xmi:id="1206" sofa="1" begin="274" end="285" chunkType="VP"/><syntax:Chunk xmi:id="1211" sofa="1" begin="286" end="330" chunkType="NP"/><syntax:Chunk xmi:id="1216" sofa="1" begin="290" end="292" chunkType="PP"/><syntax:Chunk xmi:id="1221" sofa="1" begin="293" end="330" chunkType="NP"/><syntax:Chunk xmi:id="1226" sofa="1" begin="335" end="340" chunkType="PP"/><syntax:Chunk xmi:id="1231" sofa="1" begin="341" end="354" chunkType="NP"/><syntax:Chunk xmi:id="1236" sofa="1" begin="349" end="354" chunkType="NP"/><syntax:Chunk xmi:id="1241" sofa="1" begin="355" end="358" chunkType="VP"/><syntax:Chunk xmi:id="1246" sofa="1" begin="359" end="371" chunkType="ADJP"/><syntax:Chunk xmi:id="1251" sofa="1" begin="371" end="372" chunkType="O"/><syntax:Chunk xmi:id="1256" sofa="1" begin="373" end="384" chunkType="NP"/><syntax:Chunk xmi:id="1261" sofa="1" begin="385" end="403" chunkType="VP"/><syntax:Chunk xmi:id="1266" sofa="1" begin="404" end="408" chunkType="NP"/><syntax:Chunk xmi:id="1271" sofa="1" begin="409" end="412" chunkType="O"/><syntax:Chunk xmi:id="1276" sofa="1" begin="413" end="418" chunkType="VP"/><syntax:Chunk xmi:id="1281" sofa="1" begin="419" end="435" chunkType="NP"/><syntax:Chunk xmi:id="1286" sofa="1" begin="428" end="435" chunkType="NP"/><textspan:LookupWindowAnnotation xmi:id="1291" sofa="1" begin="0" end="11"/><textspan:LookupWindowAnnotation xmi:id="1295" sofa="1" begin="26" end="47"/><textspan:LookupWindowAnnotation xmi:id="1303" sofa="1" begin="50" end="52"/><textspan:LookupWindowAnnotation xmi:id="1307" sofa="1" begin="62" end="71"/><textspan:LookupWindowAnnotation xmi:id="1311" sofa="1" begin="87" end="103"/><textspan:LookupWindowAnnotation xmi:id="1315" sofa="1" begin="106" end="114"/><textspan:LookupWindowAnnotation xmi:id="1319" sofa="1" begin="134" end="136"/><textspan:LookupWindowAnnotation xmi:id="1323" sofa="1" begin="154" end="163"/><textspan:LookupWindowAnnotation xmi:id="1327" sofa="1" begin="175" end="177"/><textspan:LookupWindowAnnotation xmi:id="1331" sofa="1" begin="182" end="193"/><textspan:LookupWindowAnnotation xmi:id="1335" sofa="1" begin="219" end="253"/><textspan:LookupWindowAnnotation xmi:id="1347" sofa="1" begin="263" end="273"/><textspan:LookupWindowAnnotation xmi:id="1351" sofa="1" begin="286" end="330"/><textspan:LookupWindowAnnotation xmi:id="1359" sofa="1" begin="341" end="354"/><textspan:LookupWindowAnnotation xmi:id="1367" sofa="1" begin="373" end="384"/><textspan:LookupWindowAnnotation xmi:id="1371" sofa="1" begin="404" end="408"/><textspan:LookupWindowAnnotation xmi:id="1375" sofa="1" begin="419" end="435"/><textsem:EntityMention xmi:id="1428" sofa="1" begin="37" end="42" id="0" ontologyConceptArr="1415" typeID="0" discoveryTechnique="1" confidence="0.0" polarity="1" uncertainty="0" conditional="false" generic="false" historyOf="0"/><textsem:EntityMention xmi:id="1396" sofa="1" begin="293" end="300" id="0" ontologyConceptArr="1383" typeID="0" discoveryTechnique="1" confidence="0.0" polarity="1" uncertainty="0" conditional="false" generic="false" historyOf="0"/><textsem:EntityMention xmi:id="1460" sofa="1" begin="320" end="330" id="0" ontologyConceptArr="1447" typeID="0" discoveryTechnique="1" confidence="0.0" polarity="1" uncertainty="0" conditional="false" generic="false" historyOf="0"/><textsem:DiseaseDisorderMention xmi:id="1536" sofa="1" begin="37" end="47" id="0" ontologyConceptArr="1523" typeID="2" discoveryTechnique="1" confidence="0.0" polarity="1" uncertainty="0" conditional="false" generic="false" historyOf="0"/><textsem:DiseaseDisorderMention xmi:id="1492" sofa="1" begin="43" end="47" id="0" ontologyConceptArr="1479" typeID="2" discoveryTechnique="1" confidence="0.0" polarity="1" uncertainty="0" conditional="false" generic="false" historyOf="0"/><textsem:SignSymptomMention xmi:id="1580" sofa="1" begin="26" end="31" id="0" ontologyConceptArr="1567" typeID="3" discoveryTechnique="1" confidence="0.0" polarity="1" uncertainty="0" conditional="false" generic="false" historyOf="0"/><textsem:SignSymptomMention xmi:id="1623" sofa="1" begin="95" end="103" id="0" ontologyConceptArr="1610" typeID="3" discoveryTechnique="1" confidence="0.0" polarity="1" uncertainty="1" conditional="false" generic="false" historyOf="0"/><textsem:SignSymptomMention xmi:id="1795" sofa="1" begin="99" end="103" id="0" ontologyConceptArr="1782" typeID="3" discoveryTechnique="1" confidence="0.0" polarity="1" uncertainty="0" conditional="false" generic="false" historyOf="0"/><textsem:SignSymptomMention xmi:id="1924" sofa="1" begin="110" end="114" id="0" ontologyConceptArr="1911" typeID="3" discoveryTechnique="1" confidence="0.0" polarity="1" uncertainty="0" conditional="false" generic="false" historyOf="0"/><textsem:SignSymptomMention xmi:id="1881" sofa="1" begin="122" end="128" id="0" ontologyConceptArr="1868" typeID="3" discoveryTechnique="1" confidence="0.0" polarity="1" uncertainty="0" conditional="false" generic="false" historyOf="0"/><textsem:SignSymptomMention xmi:id="1709" sofa="1" begin="227" end="233" id="0" ontologyConceptArr="1696" typeID="3" discoveryTechnique="1" confidence="0.0" polarity="1" uncertainty="0" conditional="false" generic="false" historyOf="0"/><textsem:SignSymptomMention xmi:id="1666" sofa="1" begin="267" end="273" id="0" ontologyConceptArr="1653" typeID="3" discoveryTechnique="1" confidence="0.0" polarity="1" uncertainty="0" conditional="false" generic="false" historyOf="0"/><textsem:SignSymptomMention xmi:id="1838" sofa="1" begin="311" end="319" id="0" ontologyConceptArr="1825" typeID="3" discoveryTechnique="1" confidence="0.0" polarity="1" uncertainty="0" conditional="false" generic="false" historyOf="0"/><textsem:SignSymptomMention xmi:id="1752" sofa="1" begin="423" end="427" id="0" ontologyConceptArr="1739" typeID="3" discoveryTechnique="1" confidence="0.0" polarity="1" uncertainty="0" conditional="false" generic="false" historyOf="0"/><textsem:ProcedureMention xmi:id="1978" sofa="1" begin="341" end="348" id="0" ontologyConceptArr="1954 1964" typeID="5" discoveryTechnique="1" confidence="0.0" polarity="1" uncertainty="0" conditional="false" generic="false" historyOf="0"/><textsem:AnatomicalSiteMention xmi:id="2053" sofa="1" begin="95" end="98" id="0" ontologyConceptArr="2040" typeID="6" discoveryTechnique="1" confidence="0.0" polarity="1" uncertainty="0" conditional="false" generic="false" historyOf="0"/><textsem:AnatomicalSiteMention xmi:id="2019" sofa="1" begin="241" end="253" id="0" ontologyConceptArr="2006" typeID="6" discoveryTechnique="1" confidence="0.0" polarity="1" uncertainty="0" conditional="false" generic="false" historyOf="0"/><cas:Sofa xmi:id="1" sofaNum="1" sofaID="_InitialView" mimeType="text/plain" sofaString="Mr. Johnson is presenting signs of a shark bite.  It occurred last week and has caused immense leg pain.  The pain was so severe that he had begun taking narcotics to relieve it.&#13;&#10;&#13;&#10;The patient also was concerned about a small lesion in his Broca's area and said the lesion was causing him to lettuce Wednesday baseball applesauce.&#13;&#10;&#13;&#10;After imaging which was inconclusive, the patient was released to go home and treat his pain himself."/><cas:Sofa xmi:id="13" sofaNum="2" sofaID="UriView" sofaURI="file:/tmp/"/><refsem:UmlsConcept xmi:id="1415" codingScheme="SNOMEDCT_US" code="227101009" score="0.0" disambiguated="false" cui="C0677503" tui="T168" preferredText="Shark - food"/><refsem:UmlsConcept xmi:id="1383" codingScheme="SNOMEDCT_US" code="735042006" score="0.0" disambiguated="false" cui="C0242765" tui="T168" preferredText="Lettuce - dietary"/><refsem:UmlsConcept xmi:id="1447" codingScheme="SNOMEDCT_US" code="420823005" score="0.0" disambiguated="false" cui="C1720240" tui="T168" preferredText="Applesauce"/><refsem:UmlsConcept xmi:id="1523" codingScheme="SNOMEDCT_US" code="217704005" score="0.0" disambiguated="false" cui="C0417738" tui="T037" preferredText="Shark Bite"/><refsem:UmlsConcept xmi:id="1479" codingScheme="SNOMEDCT_US" code="3404009" score="0.0" disambiguated="false" cui="C0005658" tui="T037" preferredText="bite injury"/><refsem:UmlsConcept xmi:id="1567" codingScheme="SNOMEDCT_US" code="72670004" score="0.0" disambiguated="false" cui="C0311392" tui="T033" preferredText="Physical findings"/><refsem:UmlsConcept xmi:id="1610" codingScheme="SNOMEDCT_US" code="10601006" score="0.0" disambiguated="false" cui="C0023222" tui="T184" preferredText="Pain in lower limb"/><refsem:UmlsConcept xmi:id="1782" codingScheme="SNOMEDCT_US" code="22253000" score="0.0" disambiguated="false" cui="C0030193" tui="T184" preferredText="Pain"/><refsem:UmlsConcept xmi:id="1911" codingScheme="SNOMEDCT_US" code="22253000" score="0.0" disambiguated="false" cui="C0030193" tui="T184" preferredText="Pain"/><refsem:UmlsConcept xmi:id="1868" codingScheme="SNOMEDCT_US" code="24484000" score="0.0" disambiguated="false" cui="C0205082" tui="T033" preferredText="Severe (severity modifier)"/><refsem:UmlsConcept xmi:id="1696" codingScheme="SNOMEDCT_US" code="52988006" score="0.0" disambiguated="false" cui="C0221198" tui="T033" preferredText="Lesion"/><refsem:UmlsConcept xmi:id="1653" codingScheme="SNOMEDCT_US" code="52988006" score="0.0" disambiguated="false" cui="C0221198" tui="T033" preferredText="Lesion"/><refsem:UmlsConcept xmi:id="1825" codingScheme="SNOMEDCT_US" code="21471008" score="0.0" disambiguated="false" cui="C0004795" tui="T056" preferredText="Baseball Game"/><refsem:UmlsConcept xmi:id="1739" codingScheme="SNOMEDCT_US" code="22253000" score="0.0" disambiguated="false" cui="C0030193" tui="T184" preferredText="Pain"/><refsem:UmlsConcept xmi:id="1954" codingScheme="SNOMEDCT_US" code="363679005" score="0.0" disambiguated="false" cui="C0011923" tui="T060" preferredText="Diagnostic Imaging"/><refsem:UmlsConcept xmi:id="1964" codingScheme="SNOMEDCT_US" code="278395004" score="0.0" disambiguated="false" cui="C0079595" tui="T060" preferredText="Imaging Techniques"/><refsem:UmlsConcept xmi:id="2040" codingScheme="SNOMEDCT_US" code="30021000" score="0.0" disambiguated="false" cui="C1140621" tui="T023" preferredText="Leg"/><refsem:UmlsConcept xmi:id="2006" codingScheme="SNOMEDCT_US" code="82880006" score="0.0" disambiguated="false" cui="C0006208" tui="T023" preferredText="Structure of Broca's area"/><cas:View sofa="1" members="8 20 22 28 34 40 46 52 58 66 74 82 90 102 114 126 138 150 162 174 186 206 218 230 242 254 266 278 290 302 314 334 346 358 370 382 394 406 418 430 442 454 466 478 490 510 522 534 546 558 570 582 594 606 618 630 642 662 674 686 698 710 722 734 746 758 770 782 794 806 826 838 850 862 874 894 906 918 930 942 954 966 978 990 1002 1014 1026 198 326 502 818 886 1038 654 1046 1051 1056 1061 1066 1071 1076 1081 1086 1091 1096 1101 1106 1111 1116 1121 1126 1131 1136 1141 1146 1151 1156 1161 1166 1171 1176 1181 1186 1191 1196 1201 1206 1211 1216 1221 1226 1231 1236 1241 1246 1251 1256 1261 1266 1271 1276 1281 1286 1291 1295 1303 1307 1311 1315 1319 1323 1327 1331 1335 1347 1351 1359 1367 1371 1375 1428 1396 1460 1536 1492 1580 1623 1795 1924 1881 1709 1666 1838 1752 1978 2053 2019"/></xmi:XMI>