<?xml version="1.0" encoding="UTF-8"?><xmi:XMI xmlns:util="http:///org/apache/ctakes/typesystem/type/util.ecore" xmlns:tcas="http:///uima/tcas.ecore" xmlns:xmi="http://www.omg.org/XMI" xmlns:cas="http:///uima/cas.ecore" xmlns:type7="http:///org/cleartk/syntax/constituent/type.ecore" xmlns:ne="http:///org/cleartk/type/ne.ecore" xmlns:textsem="http:///org/apache/ctakes/typesystem/type/textsem.ecore" xmlns:refsem="http:///org/apache/ctakes/typesystem/type/refsem.ecore" xmlns:type8="http:///org/cleartk/syntax/dependency/type.ecore" xmlns:type="http:///de/tudarmstadt/ukp/dkpro/core/api/metadata/type.ecore" xmlns:type11="http:///org/cleartk/util/type.ecore" xmlns:assertion="http:///org/apache/ctakes/typesystem/type/temporary/assertion.ecore" xmlns:type5="http:///org/cleartk/score/type.ecore" xmlns:syntax="http:///org/apache/ctakes/typesystem/type/syntax.ecore" xmlns:type6="http:///org/cleartk/srl/type.ecore" xmlns:type2="http:///org/apache/ctakes/constituency/parser/uima/type.ecore" xmlns:types="http:///org/apache/ctakes/assertion/medfacts/types.ecore" xmlns:relation="http:///org/apache/ctakes/typesystem/type/relation.ecore" xmlns:type9="http:///org/cleartk/timeml/type.ecore" xmlns:type12="http:///org/cleartk/ne/type.ecore" xmlns:type10="http:///org/cleartk/token/type.ecore" xmlns:structured="http:///org/apache/ctakes/typesystem/type/structured.ecore" xmlns:textspan="http:///org/apache/ctakes/typesystem/type/textspan.ecore" xmlns:type3="http:///org/apache/ctakes/coreference/type.ecore" xmlns:type4="http:///org/apache/ctakes/drugner/type.ecore" xmi:version="2.0"><cas:NULL xmi:id="0"/><tcas:DocumentAnnotation xmi:id="8" sofa="1" begin="0" end="404" language="x-unspecified"/><structured:DocumentID xmi:id="20" documentID="/tmp"/><textspan:Segment xmi:id="22" sofa="1" begin="0" end="404" id="SIMPLE_SEGMENT"/><textspan:Sentence xmi:id="28" sofa="1" begin="2" end="16" sentenceNumber="0"/><textspan:Sentence xmi:id="34" sofa="1" begin="20" end="64" sentenceNumber="1"/><textspan:Sentence xmi:id="40" sofa="1" begin="68" end="135" sentenceNumber="2"/><textspan:Sentence xmi:id="46" sofa="1" begin="137" end="151" sentenceNumber="3"/><textspan:Sentence xmi:id="52" sofa="1" begin="152" end="157" sentenceNumber="4"/><textspan:Sentence xmi:id="58" sofa="1" begin="158" end="166" sentenceNumber="5"/><textspan:Sentence xmi:id="64" sofa="1" begin="168" end="175" sentenceNumber="6"/><textspan:Sentence xmi:id="70" sofa="1" begin="176" end="200" sentenceNumber="7"/><textspan:Sentence xmi:id="76" sofa="1" begin="201" end="206" sentenceNumber="8"/><textspan:Sentence xmi:id="82" sofa="1" begin="208" end="213" sentenceNumber="9"/><textspan:Sentence xmi:id="88" sofa="1" begin="214" end="221" sentenceNumber="10"/><textspan:Sentence xmi:id="94" sofa="1" begin="223" end="301" sentenceNumber="11"/><textspan:Sentence xmi:id="100" sofa="1" begin="303" end="323" sentenceNumber="12"/><textspan:Sentence xmi:id="106" sofa="1" begin="324" end="356" sentenceNumber="13"/><textspan:Sentence xmi:id="112" sofa="1" begin="358" end="370" sentenceNumber="14"/><textspan:Sentence xmi:id="118" sofa="1" begin="371" end="402" sentenceNumber="15"/><syntax:NewlineToken xmi:id="124" sofa="1" begin="0" end="2" tokenNumber="0"/><syntax:NewlineToken xmi:id="132" sofa="1" begin="16" end="18" tokenNumber="3"/><syntax:NewlineToken xmi:id="140" sofa="1" begin="18" end="20" tokenNumber="4"/><syntax:NewlineToken xmi:id="148" sofa="1" begin="64" end="66" tokenNumber="10"/><syntax:NewlineToken xmi:id="156" sofa="1" begin="66" end="68" tokenNumber="11"/><syntax:NewlineToken xmi:id="164" sofa="1" begin="135" end="137" tokenNumber="26"/><syntax:NewlineToken xmi:id="172" sofa="1" begin="166" end="168" tokenNumber="34"/><syntax:NewlineToken xmi:id="180" sofa="1" begin="206" end="208" tokenNumber="44"/><syntax:NewlineToken xmi:id="188" sofa="1" begin="221" end="223" tokenNumber="48"/><syntax:NewlineToken xmi:id="196" sofa="1" begin="301" end="303" tokenNumber="68"/><syntax:NewlineToken xmi:id="204" sofa="1" begin="356" end="358" tokenNumber="83"/><syntax:NewlineToken xmi:id="212" sofa="1" begin="402" end="404" tokenNumber="92"/><syntax:WordToken xmi:id="220" sofa="1" begin="2" end="5" tokenNumber="1" partOfSpeech="NNP" capitalization="1" numPosition="0" canonicalForm="dr."/><syntax:WordToken xmi:id="232" sofa="1" begin="6" end="16" tokenNumber="2" partOfSpeech="NNP" capitalization="1" numPosition="0" canonicalForm="nutritiou"/><syntax:WordToken xmi:id="244" sofa="1" begin="20" end="27" tokenNumber="5" partOfSpeech="JJ" capitalization="1" numPosition="0" canonicalForm="medical"/><syntax:WordToken xmi:id="256" sofa="1" begin="28" end="37" tokenNumber="6" partOfSpeech="NN" capitalization="1" numPosition="0" canonicalForm="nutrition"/><syntax:WordToken xmi:id="268" sofa="1" begin="38" end="45" tokenNumber="7" partOfSpeech="NN" capitalization="1" numPosition="0" canonicalForm="therapy"/><syntax:WordToken xmi:id="280" sofa="1" begin="46" end="49" tokenNumber="8" partOfSpeech="IN" capitalization="0" numPosition="0"/><syntax:WordToken xmi:id="292" sofa="1" begin="50" end="64" tokenNumber="9" partOfSpeech="NN" capitalization="1" numPosition="0" canonicalForm="hyperlipidemia"/><syntax:WordToken xmi:id="304" sofa="1" begin="68" end="79" tokenNumber="12" partOfSpeech="JJ" capitalization="1" numPosition="0" canonicalForm="significant"/><syntax:WordToken xmi:id="316" sofa="1" begin="80" end="83" tokenNumber="13" partOfSpeech="IN" capitalization="0" numPosition="0"/><syntax:WordToken xmi:id="328" sofa="1" begin="84" end="87" tokenNumber="14" partOfSpeech="PRP$" capitalization="0" numPosition="0" canonicalForm="her"/><syntax:WordToken xmi:id="340" sofa="1" begin="88" end="94" tokenNumber="15" partOfSpeech="NN" capitalization="0" numPosition="0" canonicalForm="fath"/><syntax:WordToken xmi:id="360" sofa="1" begin="96" end="99" tokenNumber="17" partOfSpeech="WP" capitalization="0" numPosition="0" canonicalForm="who"/><syntax:WordToken xmi:id="372" sofa="1" begin="100" end="104" tokenNumber="18" partOfSpeech="VBD" capitalization="0" numPosition="0" canonicalForm="die"/><syntax:WordToken xmi:id="384" sofa="1" begin="105" end="107" tokenNumber="19" partOfSpeech="IN" capitalization="0" numPosition="0" canonicalForm="at"/><syntax:WordToken xmi:id="405" sofa="1" begin="111" end="116" tokenNumber="21" partOfSpeech="NNS" capitalization="0" numPosition="0" canonicalForm="year"/><syntax:WordToken xmi:id="417" sofa="1" begin="117" end="121" tokenNumber="22" partOfSpeech="IN" capitalization="0" numPosition="0" canonicalForm="from"/><syntax:WordToken xmi:id="429" sofa="1" begin="122" end="127" tokenNumber="23" partOfSpeech="NN" capitalization="0" numPosition="0" canonicalForm="colon"/><syntax:WordToken xmi:id="441" sofa="1" begin="128" end="134" tokenNumber="24" partOfSpeech="NN" capitalization="0" numPosition="0" canonicalForm="cancer"/><syntax:WordToken xmi:id="461" sofa="1" begin="137" end="142" tokenNumber="27" partOfSpeech="NN" capitalization="1" numPosition="0" canonicalForm="phone"/><syntax:WordToken xmi:id="473" sofa="1" begin="143" end="150" tokenNumber="28" partOfSpeech="NN" capitalization="0" numPosition="0" canonicalForm="contact"/><syntax:WordToken xmi:id="518" sofa="1" begin="158" end="166" tokenNumber="33" partOfSpeech="CD" capitalization="0" numPosition="1" canonicalForm="555-1212"/><syntax:WordToken xmi:id="530" sofa="1" begin="168" end="174" tokenNumber="35" partOfSpeech="NN" capitalization="1" numPosition="0" canonicalForm="height"/><syntax:WordToken xmi:id="559" sofa="1" begin="180" end="182" tokenNumber="38" partOfSpeech="NNS" capitalization="0" numPosition="0" canonicalForm="cm"/><syntax:WordToken xmi:id="571" sofa="1" begin="185" end="192" tokenNumber="39" partOfSpeech="JJ" capitalization="1" numPosition="0" canonicalForm="current"/><syntax:WordToken xmi:id="583" sofa="1" begin="193" end="199" tokenNumber="40" partOfSpeech="NN" capitalization="1" numPosition="0" canonicalForm="weight"/><syntax:WordToken xmi:id="612" sofa="1" begin="204" end="206" tokenNumber="43" partOfSpeech="NNS" capitalization="0" numPosition="0" canonicalForm="kg"/><syntax:WordToken xmi:id="624" sofa="1" begin="208" end="212" tokenNumber="45" partOfSpeech="NN" capitalization="1" numPosition="0" canonicalForm="diet"/><syntax:WordToken xmi:id="644" sofa="1" begin="214" end="221" tokenNumber="47" partOfSpeech="JJ" capitalization="1" numPosition="0" canonicalForm="general"/><syntax:WordToken xmi:id="656" sofa="1" begin="223" end="228" tokenNumber="49" partOfSpeech="JJ" capitalization="1" numPosition="0" canonicalForm="daily"/><syntax:WordToken xmi:id="668" sofa="1" begin="229" end="236" tokenNumber="50" partOfSpeech="NN" capitalization="1" numPosition="0" canonicalForm="calorie"/><syntax:WordToken xmi:id="680" sofa="1" begin="237" end="242" tokenNumber="51" partOfSpeech="NNS" capitalization="0" numPosition="0" canonicalForm="need"/><syntax:WordToken xmi:id="700" sofa="1" begin="244" end="249" tokenNumber="53" partOfSpeech="NNS" capitalization="0" numPosition="0" canonicalForm="kcal"/><syntax:WordToken xmi:id="737" sofa="1" begin="257" end="265" tokenNumber="57" partOfSpeech="NNS" capitalization="0" numPosition="0" canonicalForm="calorie"/><syntax:WordToken xmi:id="757" sofa="1" begin="267" end="275" tokenNumber="59" partOfSpeech="VBN" capitalization="0" numPosition="0" canonicalForm="asses"/><syntax:WordToken xmi:id="769" sofa="1" begin="276" end="278" tokenNumber="60" partOfSpeech="IN" capitalization="0" numPosition="0" canonicalForm="as"/><syntax:WordToken xmi:id="781" sofa="1" begin="279" end="281" tokenNumber="61" partOfSpeech="NN" capitalization="3" numPosition="0" canonicalForm="hb"/><syntax:WordToken xmi:id="818" sofa="1" begin="288" end="291" tokenNumber="65" partOfSpeech="IN" capitalization="0" numPosition="0"/><syntax:WordToken xmi:id="830" sofa="1" begin="292" end="300" tokenNumber="66" partOfSpeech="NN" capitalization="0" numPosition="0" canonicalForm="activity"/><syntax:WordToken xmi:id="850" sofa="1" begin="303" end="308" tokenNumber="69" partOfSpeech="JJ" capitalization="1" numPosition="0" canonicalForm="daily"/><syntax:WordToken xmi:id="862" sofa="1" begin="309" end="316" tokenNumber="70" partOfSpeech="NN" capitalization="1" numPosition="0" canonicalForm="protein"/><syntax:WordToken xmi:id="874" sofa="1" begin="317" end="322" tokenNumber="71" partOfSpeech="VBZ" capitalization="0" numPosition="0" canonicalForm="need"/><syntax:WordToken xmi:id="903" sofa="1" begin="327" end="332" tokenNumber="74" partOfSpeech="NNS" capitalization="0" numPosition="0" canonicalForm="gram"/><syntax:WordToken xmi:id="923" sofa="1" begin="335" end="343" tokenNumber="76" partOfSpeech="VBN" capitalization="0" numPosition="0" canonicalForm="asses"/><syntax:WordToken xmi:id="935" sofa="1" begin="344" end="346" tokenNumber="77" partOfSpeech="IN" capitalization="0" numPosition="0" canonicalForm="as"/><syntax:WordToken xmi:id="956" sofa="1" begin="351" end="352" tokenNumber="79" partOfSpeech="NNS" capitalization="0" numPosition="0" canonicalForm="g"/><syntax:WordToken xmi:id="976" sofa="1" begin="353" end="355" tokenNumber="81" partOfSpeech="NN" capitalization="0" numPosition="0" canonicalForm="kg"/><syntax:WordToken xmi:id="996" sofa="1" begin="358" end="369" tokenNumber="84" partOfSpeech="NN" capitalization="1" numPosition="0" canonicalForm="colonoscopy"/><syntax:WordToken xmi:id="1016" sofa="1" begin="371" end="373" tokenNumber="86" partOfSpeech="DT" capitalization="1" numPosition="0" canonicalForm="no"/><syntax:WordToken xmi:id="1028" sofa="1" begin="374" end="378" tokenNumber="87" partOfSpeech="NN" capitalization="0" numPosition="0" canonicalForm="pain"/><syntax:WordToken xmi:id="1040" sofa="1" begin="379" end="381" tokenNumber="88" partOfSpeech="CC" capitalization="0" numPosition="0" canonicalForm="or"/><syntax:WordToken xmi:id="1052" sofa="1" begin="382" end="392" tokenNumber="89" partOfSpeech="NN" capitalization="0" numPosition="0" canonicalForm="discomfort"/><syntax:WordToken xmi:id="1064" sofa="1" begin="393" end="401" tokenNumber="90" partOfSpeech="VBN" capitalization="0" numPosition="0" canonicalForm="report"/><syntax:PunctuationToken xmi:id="352" sofa="1" begin="94" end="95" tokenNumber="16" partOfSpeech=","/><syntax:PunctuationToken xmi:id="453" sofa="1" begin="134" end="135" tokenNumber="25" partOfSpeech="."/><syntax:PunctuationToken xmi:id="485" sofa="1" begin="150" end="151" tokenNumber="29" partOfSpeech=":"/><syntax:PunctuationToken xmi:id="493" sofa="1" begin="152" end="153" tokenNumber="30" partOfSpeech="-LRB-"/><syntax:PunctuationToken xmi:id="510" sofa="1" begin="156" end="157" tokenNumber="32" partOfSpeech="-RRB-"/><syntax:PunctuationToken xmi:id="542" sofa="1" begin="174" end="175" tokenNumber="36" partOfSpeech=":"/><syntax:PunctuationToken xmi:id="595" sofa="1" begin="199" end="200" tokenNumber="41" partOfSpeech=":"/><syntax:PunctuationToken xmi:id="636" sofa="1" begin="212" end="213" tokenNumber="46" partOfSpeech=":"/><syntax:PunctuationToken xmi:id="692" sofa="1" begin="243" end="244" tokenNumber="52" partOfSpeech="-LRB-"/><syntax:PunctuationToken xmi:id="712" sofa="1" begin="249" end="250" tokenNumber="54" partOfSpeech="-RRB-"/><syntax:PunctuationToken xmi:id="720" sofa="1" begin="250" end="251" tokenNumber="55" partOfSpeech=":"/><syntax:PunctuationToken xmi:id="749" sofa="1" begin="265" end="266" tokenNumber="58" partOfSpeech=","/><syntax:PunctuationToken xmi:id="842" sofa="1" begin="300" end="301" tokenNumber="67" partOfSpeech="."/><syntax:PunctuationToken xmi:id="886" sofa="1" begin="322" end="323" tokenNumber="72" partOfSpeech=":"/><syntax:PunctuationToken xmi:id="915" sofa="1" begin="332" end="333" tokenNumber="75" partOfSpeech=","/><syntax:PunctuationToken xmi:id="968" sofa="1" begin="352" end="353" tokenNumber="80" partOfSpeech="SYM"/><syntax:PunctuationToken xmi:id="988" sofa="1" begin="355" end="356" tokenNumber="82" partOfSpeech="."/><syntax:PunctuationToken xmi:id="1008" sofa="1" begin="369" end="370" tokenNumber="85" partOfSpeech="."/><syntax:PunctuationToken xmi:id="1076" sofa="1" begin="401" end="402" tokenNumber="91" partOfSpeech="."/><syntax:NumToken xmi:id="396" sofa="1" begin="108" end="110" tokenNumber="20" partOfSpeech="CD" numType="1"/><syntax:NumToken xmi:id="501" sofa="1" begin="153" end="156" tokenNumber="31" partOfSpeech="CD" numType="1"/><syntax:NumToken xmi:id="550" sofa="1" begin="176" end="179" tokenNumber="37" partOfSpeech="CD" numType="1"/><syntax:NumToken xmi:id="603" sofa="1" begin="201" end="203" tokenNumber="42" partOfSpeech="CD" numType="1"/><syntax:NumToken xmi:id="728" sofa="1" begin="252" end="256" tokenNumber="56" partOfSpeech="CD" numType="1"/><syntax:NumToken xmi:id="801" sofa="1" begin="284" end="286" tokenNumber="63" partOfSpeech="CD" numType="1"/><syntax:NumToken xmi:id="894" sofa="1" begin="324" end="326" tokenNumber="73" partOfSpeech="CD" numType="1"/><syntax:NumToken xmi:id="947" sofa="1" begin="347" end="350" tokenNumber="78" partOfSpeech="CD" numType="2"/><syntax:SymbolToken xmi:id="793" sofa="1" begin="282" end="283" tokenNumber="62" partOfSpeech="SYM"/><syntax:SymbolToken xmi:id="810" sofa="1" begin="286" end="287" tokenNumber="64" partOfSpeech="NN"/><textsem:RomanNumeralAnnotation xmi:id="1084" sofa="1" begin="180" end="182" id="0" typeID="0" discoveryTechnique="0" confidence="0.0" polarity="0" uncertainty="0" conditional="false" generic="false" historyOf="0"/><textsem:MeasurementAnnotation xmi:id="1102" sofa="1" begin="176" end="182" id="0" typeID="0" discoveryTechnique="0" confidence="0.0" polarity="0" uncertainty="0" conditional="false" generic="false" historyOf="0"/><textsem:MeasurementAnnotation xmi:id="1120" sofa="1" begin="201" end="206" id="0" typeID="0" discoveryTechnique="0" confidence="0.0" polarity="0" uncertainty="0" conditional="false" generic="false" historyOf="0"/><textsem:MeasurementAnnotation xmi:id="1156" sofa="1" begin="324" end="332" id="0" typeID="0" discoveryTechnique="0" confidence="0.0" polarity="0" uncertainty="0" conditional="false" generic="false" historyOf="0"/><textsem:MeasurementAnnotation xmi:id="1174" sofa="1" begin="347" end="352" id="0" typeID="0" discoveryTechnique="0" confidence="0.0" polarity="0" uncertainty="0" conditional="false" generic="false" historyOf="0"/><textsem:FractionAnnotation xmi:id="1138" sofa="1" begin="347" end="350" id="0" typeID="0" discoveryTechnique="0" confidence="0.0" polarity="0" uncertainty="0" conditional="false" generic="false" historyOf="0"/><syntax:Chunk xmi:id="1192" sofa="1" begin="2" end="16" chunkType="NP"/><syntax:Chunk xmi:id="1197" sofa="1" begin="20" end="64" chunkType="NP"/><syntax:Chunk xmi:id="1202" sofa="1" begin="46" end="49" chunkType="PP"/><syntax:Chunk xmi:id="1207" sofa="1" begin="50" end="64" chunkType="NP"/><syntax:Chunk xmi:id="1212" sofa="1" begin="68" end="79" chunkType="ADJP"/><syntax:Chunk xmi:id="1217" sofa="1" begin="80" end="83" chunkType="PP"/><syntax:Chunk xmi:id="1222" sofa="1" begin="84" end="94" chunkType="NP"/><syntax:Chunk xmi:id="1227" sofa="1" begin="94" end="95" chunkType="O"/><syntax:Chunk xmi:id="1232" sofa="1" begin="96" end="99" chunkType="NP"/><syntax:Chunk xmi:id="1237" sofa="1" begin="100" end="104" chunkType="VP"/><syntax:Chunk xmi:id="1242" sofa="1" begin="105" end="107" chunkType="PP"/><syntax:Chunk xmi:id="1247" sofa="1" begin="108" end="134" chunkType="NP"/><syntax:Chunk xmi:id="1252" sofa="1" begin="117" end="121" chunkType="PP"/><syntax:Chunk xmi:id="1257" sofa="1" begin="122" end="134" chunkType="NP"/><syntax:Chunk xmi:id="1262" sofa="1" begin="137" end="150" chunkType="NP"/><syntax:Chunk xmi:id="1267" sofa="1" begin="152" end="153" chunkType="O"/><syntax:Chunk xmi:id="1272" sofa="1" begin="153" end="156" chunkType="NP"/><syntax:Chunk xmi:id="1277" sofa="1" begin="158" end="166" chunkType="NP"/><syntax:Chunk xmi:id="1282" sofa="1" begin="168" end="174" chunkType="NP"/><syntax:Chunk xmi:id="1287" sofa="1" begin="176" end="199" chunkType="NP"/><syntax:Chunk xmi:id="1292" sofa="1" begin="185" end="199" chunkType="NP"/><syntax:Chunk xmi:id="1297" sofa="1" begin="201" end="206" chunkType="NP"/><syntax:Chunk xmi:id="1302" sofa="1" begin="208" end="212" chunkType="NP"/><syntax:Chunk xmi:id="1307" sofa="1" begin="214" end="221" chunkType="NP"/><syntax:Chunk xmi:id="1312" sofa="1" begin="223" end="242" chunkType="NP"/><syntax:Chunk xmi:id="1317" sofa="1" begin="243" end="244" chunkType="O"/><syntax:Chunk xmi:id="1322" sofa="1" begin="244" end="249" chunkType="NP"/><syntax:Chunk xmi:id="1327" sofa="1" begin="249" end="250" chunkType="O"/><syntax:Chunk xmi:id="1332" sofa="1" begin="250" end="251" chunkType="O"/><syntax:Chunk xmi:id="1337" sofa="1" begin="252" end="265" chunkType="NP"/><syntax:Chunk xmi:id="1342" sofa="1" begin="265" end="266" chunkType="O"/><syntax:Chunk xmi:id="1347" sofa="1" begin="267" end="275" chunkType="VP"/><syntax:Chunk xmi:id="1352" sofa="1" begin="276" end="278" chunkType="PP"/><syntax:Chunk xmi:id="1357" sofa="1" begin="279" end="300" chunkType="NP"/><syntax:Chunk xmi:id="1362" sofa="1" begin="288" end="291" chunkType="PP"/><syntax:Chunk xmi:id="1367" sofa="1" begin="292" end="300" chunkType="NP"/><syntax:Chunk xmi:id="1372" sofa="1" begin="303" end="316" chunkType="NP"/><syntax:Chunk xmi:id="1377" sofa="1" begin="317" end="322" chunkType="VP"/><syntax:Chunk xmi:id="1382" sofa="1" begin="324" end="332" chunkType="NP"/><syntax:Chunk xmi:id="1387" sofa="1" begin="332" end="333" chunkType="O"/><syntax:Chunk xmi:id="1392" sofa="1" begin="335" end="343" chunkType="VP"/><syntax:Chunk xmi:id="1397" sofa="1" begin="344" end="346" chunkType="PP"/><syntax:Chunk xmi:id="1402" sofa="1" begin="347" end="355" chunkType="NP"/><syntax:Chunk xmi:id="1407" sofa="1" begin="352" end="355" chunkType="NP"/><syntax:Chunk xmi:id="1412" sofa="1" begin="358" end="369" chunkType="NP"/><syntax:Chunk xmi:id="1417" sofa="1" begin="371" end="392" chunkType="NP"/><syntax:Chunk xmi:id="1422" sofa="1" begin="393" end="401" chunkType="VP"/><textspan:LookupWindowAnnotation xmi:id="1427" sofa="1" begin="2" end="16"/><textspan:LookupWindowAnnotation xmi:id="1431" sofa="1" begin="20" end="64"/><textspan:LookupWindowAnnotation xmi:id="1439" sofa="1" begin="84" end="94"/><textspan:LookupWindowAnnotation xmi:id="1443" sofa="1" begin="96" end="99"/><textspan:LookupWindowAnnotation xmi:id="1447" sofa="1" begin="108" end="134"/><textspan:LookupWindowAnnotation xmi:id="1455" sofa="1" begin="137" end="150"/><textspan:LookupWindowAnnotation xmi:id="1459" sofa="1" begin="153" end="156"/><textspan:LookupWindowAnnotation xmi:id="1463" sofa="1" begin="158" end="166"/><textspan:LookupWindowAnnotation xmi:id="1467" sofa="1" begin="168" end="174"/><textspan:LookupWindowAnnotation xmi:id="1471" sofa="1" begin="176" end="199"/><textspan:LookupWindowAnnotation xmi:id="1479" sofa="1" begin="201" end="206"/><textspan:LookupWindowAnnotation xmi:id="1483" sofa="1" begin="208" end="212"/><textspan:LookupWindowAnnotation xmi:id="1487" sofa="1" begin="214" end="221"/><textspan:LookupWindowAnnotation xmi:id="1491" sofa="1" begin="223" end="242"/><textspan:LookupWindowAnnotation xmi:id="1495" sofa="1" begin="244" end="249"/><textspan:LookupWindowAnnotation xmi:id="1499" sofa="1" begin="252" end="265"/><textspan:LookupWindowAnnotation xmi:id="1503" sofa="1" begin="279" end="300"/><textspan:LookupWindowAnnotation xmi:id="1511" sofa="1" begin="303" end="316"/><textspan:LookupWindowAnnotation xmi:id="1515" sofa="1" begin="324" end="332"/><textspan:LookupWindowAnnotation xmi:id="1519" sofa="1" begin="347" end="355"/><textspan:LookupWindowAnnotation xmi:id="1527" sofa="1" begin="358" end="369"/><textspan:LookupWindowAnnotation xmi:id="1531" sofa="1" begin="371" end="392"/><textsem:EntityMention xmi:id="1580" sofa="1" begin="208" end="212" id="0" ontologyConceptArr="1567" typeID="0" discoveryTechnique="1" confidence="0.0" polarity="1" uncertainty="0" conditional="false" generic="false" historyOf="0"/><textsem:EntityMention xmi:id="1548" sofa="1" begin="292" end="300" id="0" ontologyConceptArr="1535" typeID="0" discoveryTechnique="1" confidence="0.0" polarity="1" uncertainty="0" conditional="false" generic="false" historyOf="0"/><textsem:MedicationMention xmi:id="1645" sofa="1" begin="309" end="316" id="0" ontologyConceptArr="1619 1609 1629 1599" typeID="1" discoveryTechnique="1" confidence="0.0" polarity="1" uncertainty="0" conditional="false" generic="false" historyOf="0"/><textsem:DiseaseDisorderMention xmi:id="1688" sofa="1" begin="50" end="64" id="0" ontologyConceptArr="1675" typeID="2" discoveryTechnique="1" confidence="0.0" polarity="1" uncertainty="0" conditional="false" generic="false" historyOf="0"/><textsem:DiseaseDisorderMention xmi:id="1787" sofa="1" begin="122" end="134" id="0" ontologyConceptArr="1763 1773" typeID="2" discoveryTechnique="1" confidence="0.0" polarity="1" uncertainty="0" conditional="false" generic="false" historyOf="0"/><textsem:DiseaseDisorderMention xmi:id="1732" sofa="1" begin="128" end="134" id="0" ontologyConceptArr="1719" typeID="2" discoveryTechnique="1" confidence="0.0" polarity="1" uncertainty="0" conditional="false" generic="false" historyOf="0"/><textsem:SignSymptomMention xmi:id="1874" sofa="1" begin="28" end="37" id="0" ontologyConceptArr="1861" typeID="3" discoveryTechnique="1" confidence="0.0" polarity="1" uncertainty="0" conditional="false" generic="false" historyOf="0"/><textsem:SignSymptomMention xmi:id="1917" sofa="1" begin="371" end="378" id="0" ontologyConceptArr="1904" typeID="3" discoveryTechnique="1" confidence="0.0" polarity="1" uncertainty="0" conditional="false" generic="false" historyOf="0"/><textsem:SignSymptomMention xmi:id="1831" sofa="1" begin="374" end="378" id="0" ontologyConceptArr="1818" typeID="3" discoveryTechnique="1" confidence="0.0" polarity="-1" uncertainty="0" conditional="false" generic="false" historyOf="0"/><textsem:SignSymptomMention xmi:id="1960" sofa="1" begin="382" end="392" id="0" ontologyConceptArr="1947" typeID="3" discoveryTechnique="1" confidence="0.0" polarity="-1" uncertainty="0" conditional="false" generic="false" historyOf="0"/><textsem:ProcedureMention xmi:id="2003" sofa="1" begin="28" end="45" id="0" ontologyConceptArr="1990" typeID="5" discoveryTechnique="1" confidence="0.0" polarity="1" uncertainty="0" conditional="false" generic="false" historyOf="0"/><textsem:ProcedureMention xmi:id="2137" sofa="1" begin="38" end="45" id="0" ontologyConceptArr="2113 2123" typeID="5" discoveryTechnique="1" confidence="0.0" polarity="1" uncertainty="0" conditional="false" generic="false" historyOf="0"/><textsem:ProcedureMention xmi:id="2044" sofa="1" begin="193" end="199" id="0" ontologyConceptArr="2031" typeID="5" discoveryTechnique="1" confidence="0.0" polarity="1" uncertainty="0" conditional="false" generic="false" historyOf="0"/><textsem:ProcedureMention xmi:id="2085" sofa="1" begin="358" end="369" id="0" ontologyConceptArr="2072" typeID="5" discoveryTechnique="1" confidence="0.0" polarity="1" uncertainty="0" conditional="false" generic="false" historyOf="0"/><textsem:AnatomicalSiteMention xmi:id="2189" sofa="1" begin="122" end="127" id="0" ontologyConceptArr="2165 2175" typeID="6" discoveryTechnique="1" confidence="0.0" polarity="1" uncertainty="0" conditional="false" generic="false" historyOf="0"/><cas:Sofa xmi:id="1" sofaNum="1" sofaID="_InitialView" mimeType="text/plain" sofaString="&#13;&#10;Dr. Nutritious&#13;&#10;&#13;&#10;Medical Nutrition Therapy for Hyperlipidemia&#13;&#10;&#13;&#10;Significant for her father, who died at 50 years from colon cancer.&#13;&#10;Phone contact: (555) 555-1212&#13;&#10;Height: 144 cm   Current Weight: 45 kg&#13;&#10;Diet: General&#13;&#10;Daily Calorie needs (kcals): 1500 calories, assessed as HB + 20% for activity.&#13;&#10;Daily Protein needs: 40 grams,  assessed as 1.0 g/kg.&#13;&#10;Colonoscopy. No pain or discomfort reported.&#13;&#10;"/><cas:Sofa xmi:id="13" sofaNum="2" sofaID="UriView" sofaURI="file:/tmp/"/><refsem:UmlsConcept xmi:id="1567" codingScheme="SNOMEDCT_US" code="41829006" score="0.0" disambiguated="false" cui="C0012155" tui="T168" preferredText="Diet"/><refsem:UmlsConcept xmi:id="1535" codingScheme="SNOMEDCT_US" code="257733005" score="0.0" disambiguated="false" cui="C0441655" tui="T052" preferredText="Activities"/><refsem:UmlsConcept xmi:id="1619" codingScheme="RXNORM" code="8859" score="0.0" disambiguated="false" cui="C0033684" tui="T123" preferredText="Proteins"/><refsem:UmlsConcept xmi:id="1609" codingScheme="SNOMEDCT_US" code="88878007" score="0.0" disambiguated="false" cui="C0033684" tui="T116" preferredText="Proteins"/><refsem:UmlsConcept xmi:id="1629" codingScheme="SNOMEDCT_US" code="88878007" score="0.0" disambiguated="false" cui="C0033684" tui="T123" preferredText="Proteins"/><refsem:UmlsConcept xmi:id="1599" codingScheme="RXNORM" code="8859" score="0.0" disambiguated="false" cui="C0033684" tui="T116" preferredText="Proteins"/><refsem:UmlsConcept xmi:id="1675" codingScheme="SNOMEDCT_US" code="55822004" score="0.0" disambiguated="false" cui="C0020473" tui="T047" preferredText="Hyperlipidemia"/><refsem:UmlsConcept xmi:id="1763" codingScheme="SNOMEDCT_US" code="269533000" score="0.0" disambiguated="false" cui="C0699790" tui="T191" preferredText="Colon Carcinoma"/><refsem:UmlsConcept xmi:id="1773" codingScheme="SNOMEDCT_US" code="363406005" score="0.0" disambiguated="false" cui="C0007102" tui="T191" preferredText="Malignant tumor of colon"/><refsem:UmlsConcept xmi:id="1719" codingScheme="SNOMEDCT_US" code="363346000" score="0.0" disambiguated="false" cui="C0006826" tui="T191" preferredText="Malignant Neoplasms"/><refsem:UmlsConcept xmi:id="1861" codingScheme="SNOMEDCT_US" code="384759009" score="0.0" disambiguated="false" cui="C1442959" tui="T040" preferredText="Nutrition function"/><refsem:UmlsConcept xmi:id="1904" codingScheme="SNOMEDCT_US" code="81765008" score="0.0" disambiguated="false" cui="C0234225" tui="T033" preferredText="Absence of pain"/><refsem:UmlsConcept xmi:id="1818" codingScheme="SNOMEDCT_US" code="22253000" score="0.0" disambiguated="false" cui="C0030193" tui="T184" preferredText="Pain"/><refsem:UmlsConcept xmi:id="1947" codingScheme="SNOMEDCT_US" code="247347003" score="0.0" disambiguated="false" cui="C2364135" tui="T184" preferredText="Actual Discomfort"/><refsem:UmlsConcept xmi:id="1990" codingScheme="SNOMEDCT_US" code="278906000" score="0.0" disambiguated="false" cui="C0242739" tui="T061" preferredText="Nutritional Support"/><refsem:UmlsConcept xmi:id="2113" codingScheme="SNOMEDCT_US" code="277132007" score="0.0" disambiguated="false" cui="C0087111" tui="T061" preferredText="Therapeutic procedure"/><refsem:UmlsConcept xmi:id="2123" codingScheme="SNOMEDCT_US" code="276239002" score="0.0" disambiguated="false" cui="C0087111" tui="T061" preferredText="Therapeutic procedure"/><refsem:UmlsConcept xmi:id="2031" codingScheme="SNOMEDCT_US" code="39857003" score="0.0" disambiguated="false" cui="C1305866" tui="T060" preferredText="Weighing patient"/><refsem:UmlsConcept xmi:id="2072" codingScheme="SNOMEDCT_US" code="73761001" score="0.0" disambiguated="false" cui="C0009378" tui="T060" preferredText="colonoscopy"/><refsem:UmlsConcept xmi:id="2165" codingScheme="SNOMEDCT_US" code="71854001" score="0.0" disambiguated="false" cui="C0009368" tui="T023" preferredText="Colon structure (body structure)"/><refsem:UmlsConcept xmi:id="2175" codingScheme="SNOMEDCT_US" code="263977005" score="0.0" disambiguated="false" cui="C0009368" tui="T023" preferredText="Colon structure (body structure)"/><cas:View sofa="1" members="8 20 22 28 34 40 46 52 58 64 70 76 82 88 94 100 106 112 118 124 132 140 148 156 164 172 180 188 196 204 212 220 232 244 256 268 280 292 304 316 328 340 360 372 384 405 417 429 441 461 473 518 530 559 571 583 612 624 644 656 668 680 700 737 757 769 781 818 830 850 862 874 903 923 935 956 976 996 1016 1028 1040 1052 1064 352 453 485 493 510 542 595 636 692 712 720 749 842 886 915 968 988 1008 1076 396 501 550 603 728 801 894 947 793 810 1084 1102 1120 1156 1174 1138 1192 1197 1202 1207 1212 1217 1222 1227 1232 1237 1242 1247 1252 1257 1262 1267 1272 1277 1282 1287 1292 1297 1302 1307 1312 1317 1322 1327 1332 1337 1342 1347 1352 1357 1362 1367 1372 1377 1382 1387 1392 1397 1402 1407 1412 1417 1422 1427 1431 1439 1443 1447 1455 1459 1463 1467 1471 1479 1483 1487 1491 1495 1499 1503 1511 1515 1519 1527 1531 1580 1548 1645 1688 1787 1732 1874 1917 1831 1960 2003 2137 2044 2085 2189"/></xmi:XMI>