<?xml version="1.0" encoding="UTF-8"?><xmi:XMI xmlns:util="http:///org/apache/ctakes/typesystem/type/util.ecore" xmlns:tcas="http:///uima/tcas.ecore" xmlns:xmi="http://www.omg.org/XMI" xmlns:cas="http:///uima/cas.ecore" xmlns:type7="http:///org/cleartk/syntax/constituent/type.ecore" xmlns:ne="http:///org/cleartk/type/ne.ecore" xmlns:textsem="http:///org/apache/ctakes/typesystem/type/textsem.ecore" xmlns:refsem="http:///org/apache/ctakes/typesystem/type/refsem.ecore" xmlns:type8="http:///org/cleartk/syntax/dependency/type.ecore" xmlns:type="http:///de/tudarmstadt/ukp/dkpro/core/api/metadata/type.ecore" xmlns:type11="http:///org/cleartk/util/type.ecore" xmlns:assertion="http:///org/apache/ctakes/typesystem/type/temporary/assertion.ecore" xmlns:type5="http:///org/cleartk/score/type.ecore" xmlns:syntax="http:///org/apache/ctakes/typesystem/type/syntax.ecore" xmlns:type6="http:///org/cleartk/srl/type.ecore" xmlns:type2="http:///org/apache/ctakes/constituency/parser/uima/type.ecore" xmlns:types="http:///org/apache/ctakes/assertion/medfacts/types.ecore" xmlns:relation="http:///org/apache/ctakes/typesystem/type/relation.ecore" xmlns:type9="http:///org/cleartk/timeml/type.ecore" xmlns:type12="http:///org/cleartk/ne/type.ecore" xmlns:type10="http:///org/cleartk/token/type.ecore" xmlns:structured="http:///org/apache/ctakes/typesystem/type/structured.ecore" xmlns:textspan="http:///org/apache/ctakes/typesystem/type/textspan.ecore" xmlns:type3="http:///org/apache/ctakes/coreference/type.ecore" xmlns:type4="http:///org/apache/ctakes/drugner/type.ecore" xmi:version="2.0"><cas:NULL xmi:id="0"/><tcas:DocumentAnnotation xmi:id="8" sofa="1" begin="0" end="78" language="x-unspecified"/><structured:DocumentID xmi:id="20" documentID="/tmp"/><textspan:Segment xmi:id="22" sofa="1" begin="0" end="78" id="SIMPLE_SEGMENT"/><textspan:Sentence xmi:id="28" sofa="1" begin="2" end="45" sentenceNumber="0"/><textspan:Sentence xmi:id="34" sofa="1" begin="47" end="59" sentenceNumber="1"/><textspan:Sentence xmi:id="40" sofa="1" begin="61" end="76" sentenceNumber="2"/><syntax:NewlineToken xmi:id="46" sofa="1" begin="0" end="2" tokenNumber="0"/><syntax:NewlineToken xmi:id="54" sofa="1" begin="45" end="47" tokenNumber="10"/><syntax:NewlineToken xmi:id="62" sofa="1" begin="59" end="61" tokenNumber="14"/><syntax:NewlineToken xmi:id="70" sofa="1" begin="76" end="78" tokenNumber="19"/><syntax:WordToken xmi:id="78" sofa="1" begin="2" end="5" tokenNumber="1" partOfSpeech="DT" capitalization="1" numPosition="0"/><syntax:WordToken xmi:id="90" sofa="1" begin="6" end="13" tokenNumber="2" partOfSpeech="NN" capitalization="0" numPosition="0" canonicalForm="patient"/><syntax:WordToken xmi:id="102" sofa="1" begin="14" end="22" tokenNumber="3" partOfSpeech="VBD" capitalization="0" numPosition="0" canonicalForm="report"/><syntax:WordToken xmi:id="114" sofa="1" begin="23" end="27" tokenNumber="4" partOfSpeech="NN" capitalization="0" numPosition="0" canonicalForm="pain"/><syntax:WordToken xmi:id="126" sofa="1" begin="28" end="30" tokenNumber="5" partOfSpeech="IN" capitalization="0" numPosition="0"/><syntax:WordToken xmi:id="138" sofa="1" begin="31" end="34" tokenNumber="6" partOfSpeech="PRP$" capitalization="0" numPosition="0" canonicalForm="her"/><syntax:WordToken xmi:id="150" sofa="1" begin="35" end="40" tokenNumber="7" partOfSpeech="JJ" capitalization="0" numPosition="0" canonicalForm="upp"/><syntax:WordToken xmi:id="162" sofa="1" begin="41" end="44" tokenNumber="8" partOfSpeech="NN" capitalization="0" numPosition="0" canonicalForm="arm"/><syntax:WordToken xmi:id="182" sofa="1" begin="47" end="49" tokenNumber="11" partOfSpeech="DT" capitalization="1" numPosition="0" canonicalForm="no"/><syntax:WordToken xmi:id="194" sofa="1" begin="50" end="58" tokenNumber="12" partOfSpeech="NN" capitalization="0" numPosition="0" canonicalForm="swel"/><syntax:WordToken xmi:id="214" sofa="1" begin="61" end="68" tokenNumber="15" partOfSpeech="NNP" capitalization="1" numPosition="0" canonicalForm="aspirin"/><syntax:WordToken xmi:id="235" sofa="1" begin="73" end="75" tokenNumber="17" partOfSpeech="NNS" capitalization="0" numPosition="0" canonicalForm="mg"/><syntax:PunctuationToken xmi:id="174" sofa="1" begin="44" end="45" tokenNumber="9" partOfSpeech="."/><syntax:PunctuationToken xmi:id="206" sofa="1" begin="58" end="59" tokenNumber="13" partOfSpeech="."/><syntax:PunctuationToken xmi:id="247" sofa="1" begin="75" end="76" tokenNumber="18" partOfSpeech="."/><syntax:NumToken xmi:id="226" sofa="1" begin="69" end="72" tokenNumber="16" partOfSpeech="CD" numType="1"/><textsem:MeasurementAnnotation xmi:id="255" sofa="1" begin="69" end="75" id="0" typeID="0" discoveryTechnique="0" confidence="0.0" polarity="0" uncertainty="0" conditional="false" generic="false" historyOf="0"/><syntax:Chunk xmi:id="273" sofa="1" begin="2" end="13" chunkType="NP"/><syntax:Chunk xmi:id="278" sofa="1" begin="14" end="22" chunkType="VP"/><syntax:Chunk xmi:id="283" sofa="1" begin="23" end="44" chunkType="NP"/><syntax:Chunk xmi:id="288" sofa="1" begin="28" end="30" chunkType="PP"/><syntax:Chunk xmi:id="293" sofa="1" begin="31" end="44" chunkType="NP"/><syntax:Chunk xmi:id="298" sofa="1" begin="47" end="58" chunkType="NP"/><syntax:Chunk xmi:id="303" sofa="1" begin="61" end="75" chunkType="NP"/><syntax:Chunk xmi:id="308" sofa="1" begin="69" end="75" chunkType="NP"/><textspan:LookupWindowAnnotation xmi:id="313" sofa="1" begin="2" end="13"/><textspan:LookupWindowAnnotation xmi:id="317" sofa="1" begin="23" end="44"/><textspan:LookupWindowAnnotation xmi:id="325" sofa="1" begin="47" end="58"/><textspan:LookupWindowAnnotation xmi:id="329" sofa="1" begin="61" end="75"/><textsem:MedicationMention xmi:id="427" sofa="1" begin="61" end="68" id="0" ontologyConceptArr="337 387 357 407 377 347 397 367" typeID="1" discoveryTechnique="1" confidence="0.0" polarity="1" uncertainty="0" conditional="false" generic="false" historyOf="0"/><textsem:SignSymptomMention xmi:id="535" sofa="1" begin="23" end="27" id="0" ontologyConceptArr="522" typeID="3" discoveryTechnique="1" confidence="0.0" polarity="1" uncertainty="0" conditional="false" generic="false" historyOf="0"/><textsem:SignSymptomMention xmi:id="578" sofa="1" begin="47" end="58" id="0" ontologyConceptArr="565" typeID="3" discoveryTechnique="1" confidence="0.0" polarity="1" uncertainty="0" conditional="false" generic="false" historyOf="0"/><textsem:SignSymptomMention xmi:id="492" sofa="1" begin="50" end="58" id="0" ontologyConceptArr="467 457 477" typeID="3" discoveryTechnique="1" confidence="0.0" polarity="1" uncertainty="0" conditional="false" generic="false" historyOf="0"/><textsem:AnatomicalSiteMention xmi:id="621" sofa="1" begin="41" end="44" id="0" ontologyConceptArr="608" typeID="6" discoveryTechnique="1" confidence="0.0" polarity="1" uncertainty="0" conditional="false" generic="false" historyOf="0"/><cas:Sofa xmi:id="1" sofaNum="1" sofaID="_InitialView" mimeType="text/plain" sofaString="&#13;&#10;The patient reported pain in her upper arm.&#13;&#10;No swelling.&#13;&#10;Aspirin 325 mg.&#13;&#10;"/><cas:Sofa xmi:id="13" sofaNum="2" sofaID="UriView" sofaURI="file:/tmp/"/><refsem:UmlsConcept xmi:id="337" codingScheme="RXNORM" code="1191" score="0.0" disambiguated="false" cui="C0004057" tui="T109" preferredText="Aspirin"/><refsem:UmlsConcept xmi:id="387" codingScheme="SNOMEDCT_US" code="387458008" score="0.0" disambiguated="false" cui="C0004057" tui="T121" preferredText="Aspirin"/><refsem:UmlsConcept xmi:id="357" codingScheme="SNOMEDCT_US" code="7947003" score="0.0" disambiguated="false" cui="C0004057" tui="T109" preferredText="Aspirin"/><refsem:UmlsConcept xmi:id="407" codingScheme="DRUGBANK" code="DB00945" score="0.0" disambiguated="false" cui="C0004057" tui="T121" preferredText="Aspirin"/><refsem:UmlsConcept xmi:id="377" codingScheme="RXNORM" code="1191" score="0.0" disambiguated="false" cui="C0004057" tui="T121" preferredText="Aspirin"/><refsem:UmlsConcept xmi:id="347" codingScheme="SNOMEDCT_US" code="387458008" score="0.0" disambiguated="false" cui="C0004057" tui="T109" preferredText="Aspirin"/><refsem:UmlsConcept xmi:id="397" codingScheme="SNOMEDCT_US" code="7947003" score="0.0" disambiguated="false" cui="C0004057" tui="T121" preferredText="Aspirin"/><refsem:UmlsConcept xmi:id="367" codingScheme="DRUGBANK" code="DB00945" score="0.0" disambiguated="false" cui="C0004057" tui="T109" preferredText="Aspirin"/><refsem:UmlsConcept xmi:id="522" codingScheme="SNOMEDCT_US" code="22253000" score="0.0" disambiguated="false" cui="C0030193" tui="T184" preferredText="Pain"/><refsem:UmlsConcept xmi:id="565" codingScheme="SNOMEDCT_US" code="300890009" score="0.0" disambiguated="false" cui="C0577599" tui="T033" preferredText="Swelling absent"/><refsem:UmlsConcept xmi:id="467" codingScheme="SNOMEDCT_US" code="413269001" score="0.0" disambiguated="false" cui="C0038999" tui="T033" preferredText="Swelling"/><refsem:UmlsConcept xmi:id="457" codingScheme="SNOMEDCT_US" code="65124004" score="0.0" disambiguated="false" cui="C0038999" tui="T033" preferredText="Swelling"/><refsem:UmlsConcept xmi:id="477" codingScheme="SNOMEDCT_US" code="442672001" score="0.0" disambiguated="false" cui="C0038999" tui="T033" preferredText="Swelling"/><refsem:UmlsConcept xmi:id="608" codingScheme="SNOMEDCT_US" code="40983000" score="0.0" disambiguated="false" cui="C0446516" tui="T029" preferredText="Upper arm"/><cas:View sofa="1" members="8 20 22 28 34 40 46 54 62 70 78 90 102 114 126 138 150 162 182 194 214 235 174 206 247 226 255 273 278 283 288 293 298 303 308 313 317 325 329 427 535 578 492 621"/></xmi:XMI>