[{"fname":"","loadID":"","loadTimestamp":"","polarity":-1,"confidence":0.0,"uncertainty":0,"startPosition":73,"endPosition":80,"coveredText":"fatigue","codingScheme":"SNOMEDCT_US","code":"84229001","cui":"C0015672","tui":"T184","preferredText":"Fatigue"},{"fname":"","loadID":"","loadTimestamp":"","polarity":-1,"confidence":0.0,"uncertainty":0,"startPosition":73,"endPosition":80,"coveredText":"fatigue","codingScheme":"SNOMEDCT_US","code":"248274002","cui":"C0015672","tui":"T184","preferredText":"Fatigue"},{"fname":"","loadID":"","loadTimestamp":"","polarity":-1,"confidence":0.0,"uncertainty":0,"startPosition":91,"endPosition":97,"coveredText":"rashes","codingScheme":"SNOMEDCT_US","code":"271807003","cui":"C0015230","tui":"T184","preferredText":"Exanthema"},{"fname":"","loadID":"","loadTimestamp":"","polarity":-1,"confidence":0.0,"uncertainty":0,"startPosition":91,"endPosition":97,"coveredText":"rashes","codingScheme":"SNOMEDCT_US","code":"112625008","cui":"C0015230","tui":"T184","preferredText":"Exanthema"},{"fname":"","loadID":"","loadTimestamp":"","polarity":1,"confidence":0.0,"uncertainty":0,"startPosition":126,"endPosition":133,"coveredText":"present","codingScheme":"SNOMEDCT_US","code":"52101004","cui":"C0150312","tui":"T033","preferredText":"Present"},{"fname":"","loadID":"","loadTimestamp":"","polarity":1,"confidence":0.0,"uncertainty":0,"startPosition":134,"endPosition":141,"coveredText":"illness","codingScheme":"SNOMEDCT_US","code":"39104002","cui":"C0221423","tui":"T184","preferredText":"Illness (finding)"},{"fname":"","loadID":"","loadTimestamp":"","polarity":1,"confidence":0.0,"uncertainty":0,"startPosition":150,"endPosition":157,"coveredText":"Reading","codingScheme":"SNOMEDCT_US","code":"50360004","cui":"C0034754","tui":"T056","preferredText":"Reading (activity)"},{"fname":"","loadID":"","loadTimestamp":"","polarity":-1,"confidence":0.0,"uncertainty":0,"startPosition":212,"endPosition":225,"coveredText":"blurry vision","codingScheme":"SNOMEDCT_US","code":"111516008","cui":"C0344232","tui":"T033","preferredText":"Blurred vision"},{"fname":"","loadID":"","loadTimestamp":"","polarity":-1,"confidence":0.0,"uncertainty":0,"startPosition":212,"endPosition":225,"coveredText":"blurry vision","codingScheme":"SNOMEDCT_US","code":"246636008","cui":"C0344232","tui":"T033","preferredText":"Blurred vision"},{"fname":"","loadID":"","loadTimestamp":"","polarity":1,"confidence":0.0,"uncertainty":0,"startPosition":219,"endPosition":225,"coveredText":"vision","codingScheme":"SNOMEDCT_US","code":"281004000","cui":"C0042789","tui":"T040","preferredText":"Vision"},{"fname":"","loadID":"","loadTimestamp":"","polarity":1,"confidence":0.0,"uncertainty":0,"startPosition":233,"endPosition":240,"coveredText":"Hearing","codingScheme":"SNOMEDCT_US","code":"118230007","cui":"C1455844","tui":"T033","preferredText":"Hearing examination finding"},{"fname":"","loadID":"","loadTimestamp":"","polarity":-1,"confidence":0.0,"uncertainty":0,"startPosition":250,"endPosition":258,"coveredText":"tinnitus","codingScheme":"SNOMEDCT_US","code":"162349004","cui":"C0040264","tui":"T184","preferredText":"Tinnitus"},{"fname":"","loadID":"","loadTimestamp":"","polarity":-1,"confidence":0.0,"uncertainty":0,"startPosition":250,"endPosition":258,"coveredText":"tinnitus","codingScheme":"SNOMEDCT_US","code":"162352007","cui":"C0040264","tui":"T184","preferredText":"Tinnitus"},{"fname":"","loadID":"","loadTimestamp":"","polarity":-1,"confidence":0.0,"uncertainty":0,"startPosition":250,"endPosition":258,"coveredText":"tinnitus","codingScheme":"SNOMEDCT_US","code":"60862001","cui":"C0040264","tui":"T184","preferredText":"Tinnitus"},{"fname":"","loadID":"","loadTimestamp":"","polarity":1,"confidence":0.0,"uncertainty":0,"startPosition":260,"endPosition":267,"coveredText":"vertigo","codingScheme":"SNOMEDCT_US","code":"399090003","cui":"C0042571","tui":"T184","preferredText":"Vertigo"},{"fname":"","loadID":"","loadTimestamp":"","polarity":1,"confidence":0.0,"uncertainty":0,"startPosition":260,"endPosition":267,"coveredText":"vertigo","codingScheme":"SNOMEDCT_US","code":"399153001","cui":"C0042571","tui":"T184","preferredText":"Vertigo"},{"fname":"","loadID":"","loadTimestamp":"","polarity":1,"confidence":0.0,"uncertainty":0,"startPosition":269,"endPosition":279,"coveredText":"infections","codingScheme":"SNOMEDCT_US","code":"312154004","cui":"C0851162","tui":"T047","preferredText":"Infections of musculoskeletal system"},{"fname":"","loadID":"","loadTimestamp":"","polarity":1,"confidence":0.0,"uncertainty":0,"startPosition":307,"endPosition":311,"coveredText":"mild","codingScheme":"SNOMEDCT_US","code":"446411000124101","cui":"C1513302","tui":"T033","preferredText":"Mild Adverse Event"},{"fname":"","loadID":"","loadTimestamp":"","polarity":1,"confidence":0.0,"uncertainty":0,"startPosition":312,"endPosition":316,"coveredText":"cold","codingScheme":"SNOMEDCT_US","code":"82272006","cui":"C0009443","tui":"T047","preferredText":"Common Cold"},{"fname":"","loadID":"","loadTimestamp":"","polarity":-1,"confidence":0.0,"uncertainty":0,"startPosition":321,"endPosition":330,"coveredText":"hay fever","codingScheme":"SNOMEDCT_US","code":"367498001","cui":"C0018621","tui":"T047","preferredText":"Hay fever"},{"fname":"","loadID":"","loadTimestamp":"","polarity":-1,"confidence":0.0,"uncertainty":0,"startPosition":321,"endPosition":330,"coveredText":"hay fever","codingScheme":"SNOMEDCT_US","code":"444316004","cui":"C0018621","tui":"T047","preferredText":"Hay fever"},{"fname":"","loadID":"","loadTimestamp":"","polarity":-1,"confidence":0.0,"uncertainty":0,"startPosition":321,"endPosition":330,"coveredText":"hay fever","codingScheme":"SNOMEDCT_US","code":"21719001","cui":"C0018621","tui":"T047","preferredText":"Hay fever"},{"fname":"","loadID":"","loadTimestamp":"","polarity":-1,"confidence":0.0,"uncertainty":0,"startPosition":321,"endPosition":330,"coveredText":"hay fever","codingScheme":"SNOMEDCT_US","code":"300910009","cui":"C0018621","tui":"T047","preferredText":"Hay fever"},{"fname":"","loadID":"","loadTimestamp":"","polarity":-1,"confidence":0.0,"uncertainty":0,"startPosition":325,"endPosition":330,"coveredText":"fever","codingScheme":"SNOMEDCT_US","code":"386661006","cui":"C0015967","tui":"T184","preferredText":"Fever"},{"fname":"","loadID":"","loadTimestamp":"","polarity":-1,"confidence":0.0,"uncertainty":0,"startPosition":325,"endPosition":330,"coveredText":"fever","codingScheme":"SNOMEDCT_US","code":"50177009","cui":"C0015967","tui":"T184","preferredText":"Fever"},{"fname":"","loadID":"","loadTimestamp":"","polarity":1,"confidence":0.0,"uncertainty":0,"startPosition":402,"endPosition":413,"coveredText":"canker sore","codingScheme":"SNOMEDCT_US","code":"110426005","cui":"C0038363","tui":"T047","preferredText":"Aphthous Stomatitis"},{"fname":"","loadID":"","loadTimestamp":"","polarity":1,"confidence":0.0,"uncertainty":0,"startPosition":402,"endPosition":413,"coveredText":"canker sore","codingScheme":"SNOMEDCT_US","code":"427617000","cui":"C0038363","tui":"T047","preferredText":"Aphthous Stomatitis"},{"fname":"","loadID":"","loadTimestamp":"","polarity":1,"confidence":0.0,"uncertainty":0,"startPosition":402,"endPosition":413,"coveredText":"canker sore","codingScheme":"SNOMEDCT_US","code":"426965005","cui":"C0038363","tui":"T047","preferredText":"Aphthous Stomatitis"},{"fname":"","loadID":"","loadTimestamp":"","polarity":1,"confidence":0.0,"uncertainty":0,"startPosition":409,"endPosition":413,"coveredText":"sore","codingScheme":"SNOMEDCT_US","code":"247348008","cui":"C0234233","tui":"T184","preferredText":"Sore to touch"},{"fname":"","loadID":"","loadTimestamp":"","polarity":1,"confidence":0.0,"uncertainty":0,"startPosition":409,"endPosition":413,"coveredText":"sore","codingScheme":"SNOMEDCT_US","code":"71393004","cui":"C0234233","tui":"T184","preferredText":"Sore to touch"},{"fname":"","loadID":"","loadTimestamp":"","polarity":1,"confidence":0.0,"uncertainty":0,"startPosition":424,"endPosition":429,"coveredText":"lumps","codingScheme":"SNOMEDCT_US","code":"300848003","cui":"C0577559","tui":"T033","preferredText":"Mass of body structure"},{"fname":"","loadID":"","loadTimestamp":"","polarity":1,"confidence":0.0,"uncertainty":0,"startPosition":424,"endPosition":429,"coveredText":"lumps","codingScheme":"SNOMEDCT_US","code":"4147007","cui":"C0577559","tui":"T033","preferredText":"Mass of body structure"},{"fname":"","loadID":"","loadTimestamp":"","polarity":1,"confidence":0.0,"uncertainty":0,"startPosition":431,"endPosition":437,"coveredText":"goiter","codingScheme":"SNOMEDCT_US","code":"3716002","cui":"C0018021","tui":"T046","preferredText":"Goiter"},{"fname":"","loadID":"","loadTimestamp":"","polarity":1,"confidence":0.0,"uncertainty":0,"startPosition":439,"endPosition":443,"coveredText":"pain","codingScheme":"SNOMEDCT_US","code":"22253000","cui":"C0030193","tui":"T184","preferredText":"Pain"},{"fname":"","loadID":"","loadTimestamp":"","polarity":1,"confidence":0.0,"uncertainty":0,"startPosition":457,"endPosition":462,"coveredText":"lumps","codingScheme":"SNOMEDCT_US","code":"300848003","cui":"C0577559","tui":"T033","preferredText":"Mass of body structure"},{"fname":"","loadID":"","loadTimestamp":"","polarity":1,"confidence":0.0,"uncertainty":0,"startPosition":457,"endPosition":462,"coveredText":"lumps","codingScheme":"SNOMEDCT_US","code":"4147007","cui":"C0577559","tui":"T033","preferredText":"Mass of body structure"},{"fname":"","loadID":"","loadTimestamp":"","polarity":1,"confidence":0.0,"uncertainty":0,"startPosition":464,"endPosition":468,"coveredText":"pain","codingScheme":"SNOMEDCT_US","code":"22253000","cui":"C0030193","tui":"T184","preferredText":"Pain"},{"fname":"","loadID":"","loadTimestamp":"","polarity":1,"confidence":0.0,"uncertainty":0,"startPosition":549,"endPosition":563,"coveredText":"FAMILY HISTORY","codingScheme":"SNOMEDCT_US","code":"57177007","cui":"C0241889","tui":"T033","preferredText":"Family history"},{"fname":"","loadID":"","loadTimestamp":"","polarity":1,"confidence":0.0,"uncertainty":0,"startPosition":549,"endPosition":563,"coveredText":"FAMILY HISTORY","codingScheme":"SNOMEDCT_US","code":"416471007","cui":"C0241889","tui":"T033","preferredText":"Family history"},{"fname":"","loadID":"","loadTimestamp":"","polarity":1,"confidence":0.0,"uncertainty":0,"startPosition":556,"endPosition":563,"coveredText":"HISTORY","codingScheme":"SNOMEDCT_US","code":"392521001","cui":"C0262926","tui":"T033","preferredText":"Medical History"},{"fname":"","loadID":"","loadTimestamp":"","polarity":1,"confidence":0.0,"uncertainty":0,"startPosition":584,"endPosition":590,"coveredText":"stroke","codingScheme":"SNOMEDCT_US","code":"230690007","cui":"C0038454","tui":"T047","preferredText":"Cerebrovascular accident"},{"fname":"","loadID":"","loadTimestamp":"","polarity":1,"confidence":0.0,"uncertainty":0,"startPosition":596,"endPosition":610,"coveredText":"varicose veins","codingScheme":"SNOMEDCT_US","code":"399989005","cui":"C0042345","tui":"T047","preferredText":"Varicosity"},{"fname":"","loadID":"","loadTimestamp":"","polarity":1,"confidence":0.0,"uncertainty":0,"startPosition":596,"endPosition":610,"coveredText":"varicose veins","codingScheme":"SNOMEDCT_US","code":"12856003","cui":"C0042345","tui":"T047","preferredText":"Varicosity"},{"fname":"","loadID":"","loadTimestamp":"","polarity":1,"confidence":0.0,"uncertainty":0,"startPosition":596,"endPosition":610,"coveredText":"varicose veins","codingScheme":"SNOMEDCT_US","code":"128060009","cui":"C0042345","tui":"T047","preferredText":"Varicosity"},{"fname":"","loadID":"","loadTimestamp":"","polarity":1,"confidence":0.0,"uncertainty":0,"startPosition":612,"endPosition":621,"coveredText":"headaches","codingScheme":"SNOMEDCT_US","code":"25064002","cui":"C0018681","tui":"T184","preferredText":"Headache"},{"fname":"","loadID":"","loadTimestamp":"","polarity":1,"confidence":0.0,"uncertainty":0,"startPosition":623,"endPosition":635,"coveredText":"hypertension","codingScheme":"SNOMEDCT_US","code":"38341003","cui":"C0020538","tui":"T047","preferredText":"Hypertensive disease"}]