[{"fname":"","loadID":"","loadTimestamp":"","polarity":1,"confidence":0.0,"uncertainty":0,"startPosition":59,"endPosition":72,"coveredText":"sleeplessness","codingScheme":"SNOMEDCT_US","code":"193462001","cui":"C0917801","tui":"T184","preferredText":"Sleeplessness"},{"fname":"","loadID":"","loadTimestamp":"","polarity":1,"confidence":0.0,"uncertainty":0,"startPosition":117,"endPosition":125,"coveredText":"insomnia","codingScheme":"SNOMEDCT_US","code":"193462001","cui":"C0917801","tui":"T184","preferredText":"Sleeplessness"},{"fname":"","loadID":"","loadTimestamp":"","polarity":1,"confidence":0.0,"uncertainty":0,"startPosition":141,"endPosition":146,"coveredText":"death","codingScheme":"SNOMEDCT_US","code":"419620001","cui":"C0011065","tui":"T040","preferredText":"Cessation of life"},{"fname":"","loadID":"","loadTimestamp":"","polarity":1,"confidence":0.0,"uncertainty":0,"startPosition":310,"endPosition":314,"coveredText":"pack","codingScheme":"RXNORM","code":"746839","cui":"C1999262","tui":"T122","preferredText":"Pack"}]