[{"fname":"","loadID":"","loadTimestamp":"","polarity":1,"confidence":0.0,"uncertainty":0,"startPosition":17,"endPosition":25,"coveredText":"Medicine","codingScheme":"SNOMEDCT_US","code":"410942007","cui":"C0013227","tui":"T121","preferredText":"Pharmaceutical Preparations"},{"fname":"","loadID":"","loadTimestamp":"","polarity":1,"confidence":0.0,"uncertainty":0,"startPosition":17,"endPosition":25,"coveredText":"Medicine","codingScheme":"SNOMEDCT_US","code":"373873005","cui":"C0013227","tui":"T121","preferredText":"Pharmaceutical Preparations"},{"fname":"","loadID":"","loadTimestamp":"","polarity":1,"confidence":0.0,"uncertainty":0,"startPosition":17,"endPosition":25,"coveredText":"Medicine","codingScheme":"SNOMEDCT_US","code":"105903003","cui":"C0013227","tui":"T121","preferredText":"Pharmaceutical Preparations"},{"fname":"","loadID":"","loadTimestamp":"","polarity":1,"confidence":0.0,"uncertainty":0,"startPosition":51,"endPosition":55,"coveredText":"BASE","codingScheme":"SNOMEDCT_US","code":"63813000","cui":"C0002055","tui":"T197","preferredText":"Alkalies"},{"fname":"","loadID":"","loadTimestamp":"","polarity":1,"confidence":0.0,"uncertainty":0,"startPosition":64,"endPosition":71,"coveredText":"HISTORY","codingScheme":"SNOMEDCT_US","code":"392521001","cui":"C0262926","tui":"T033","preferredText":"Medical History"},{"fname":"","loadID":"","loadTimestamp":"","polarity":1,"confidence":0.0,"uncertainty":0,"startPosition":113,"endPosition":120,"coveredText":"widowed","codingScheme":"SNOMEDCT_US","code":"3071008","cui":"C0206275","tui":"T033","preferredText":"Widowhood"},{"fname":"","loadID":"","loadTimestamp":"","polarity":1,"confidence":0.0,"uncertainty":0,"startPosition":113,"endPosition":120,"coveredText":"widowed","codingScheme":"SNOMEDCT_US","code":"33553000","cui":"C0206275","tui":"T033","preferredText":"Widowhood"},{"fname":"","loadID":"","loadTimestamp":"","polarity":1,"confidence":0.0,"uncertainty":0,"startPosition":164,"endPosition":173,"coveredText":"COMPLAINT","codingScheme":"SNOMEDCT_US","code":"33962009","cui":"C0277786","tui":"T033","preferredText":"Chief complaint (finding)"},{"fname":"","loadID":"","loadTimestamp":"","polarity":1,"confidence":0.0,"uncertainty":0,"startPosition":164,"endPosition":173,"coveredText":"COMPLAINT","codingScheme":"SNOMEDCT_US","code":"409586006","cui":"C0277786","tui":"T033","preferredText":"Chief complaint (finding)"},{"fname":"","loadID":"","loadTimestamp":"","polarity":1,"confidence":0.0,"uncertainty":0,"startPosition":176,"endPosition":184,"coveredText":"Insomnia","codingScheme":"SNOMEDCT_US","code":"193462001","cui":"C0917801","tui":"T184","preferredText":"Sleeplessness"},{"fname":"","loadID":"","loadTimestamp":"","polarity":1,"confidence":0.0,"uncertainty":0,"startPosition":187,"endPosition":194,"coveredText":"HISTORY","codingScheme":"SNOMEDCT_US","code":"392521001","cui":"C0262926","tui":"T033","preferredText":"Medical History"},{"fname":"","loadID":"","loadTimestamp":"","polarity":1,"confidence":0.0,"uncertainty":0,"startPosition":198,"endPosition":205,"coveredText":"PRESENT","codingScheme":"SNOMEDCT_US","code":"52101004","cui":"C0150312","tui":"T033","preferredText":"Present"},{"fname":"","loadID":"","loadTimestamp":"","polarity":1,"confidence":0.0,"uncertainty":0,"startPosition":206,"endPosition":213,"coveredText":"ILLNESS","codingScheme":"SNOMEDCT_US","code":"39104002","cui":"C0221423","tui":"T184","preferredText":"Illness (finding)"},{"fname":"","loadID":"","loadTimestamp":"","polarity":1,"confidence":0.0,"uncertainty":0,"startPosition":257,"endPosition":266,"coveredText":"irritable","codingScheme":"SNOMEDCT_US","code":"55929007","cui":"C0022107","tui":"T033","preferredText":"Irritable Mood"},{"fname":"","loadID":"","loadTimestamp":"","polarity":1,"confidence":0.0,"uncertainty":0,"startPosition":340,"endPosition":360,"coveredText":"PAST MEDICAL HISTORY","codingScheme":"SNOMEDCT_US","code":"417662000","cui":"C0455458","tui":"T033","preferredText":"PMH - past medical history"},{"fname":"","loadID":"","loadTimestamp":"","polarity":1,"confidence":0.0,"uncertainty":0,"startPosition":353,"endPosition":360,"coveredText":"HISTORY","codingScheme":"SNOMEDCT_US","code":"392521001","cui":"C0262926","tui":"T033","preferredText":"Medical History"},{"fname":"","loadID":"","loadTimestamp":"","polarity":1,"confidence":0.0,"uncertainty":0,"startPosition":384,"endPosition":393,"coveredText":"Illnesses","codingScheme":"SNOMEDCT_US","code":"39104002","cui":"C0221423","tui":"T184","preferredText":"Illness (finding)"},{"fname":"","loadID":"","loadTimestamp":"","polarity":1,"confidence":0.0,"uncertainty":0,"startPosition":400,"endPosition":407,"coveredText":"measles","codingScheme":"SNOMEDCT_US","code":"14189004","cui":"C0025007","tui":"T047","preferredText":"Measles"},{"fname":"","loadID":"","loadTimestamp":"","polarity":1,"confidence":0.0,"uncertainty":0,"startPosition":412,"endPosition":422,"coveredText":"chickenpox","codingScheme":"SNOMEDCT_US","code":"38907003","cui":"C0008049","tui":"T047","preferredText":"Chickenpox"},{"fname":"","loadID":"","loadTimestamp":"","polarity":1,"confidence":0.0,"uncertainty":0,"startPosition":424,"endPosition":437,"coveredText":"Immunizations","codingScheme":"SNOMEDCT_US","code":"33879002","cui":"C0020971","tui":"T061","preferredText":"Immunization"},{"fname":"","loadID":"","loadTimestamp":"","polarity":1,"confidence":0.0,"uncertainty":0,"startPosition":424,"endPosition":437,"coveredText":"Immunizations","codingScheme":"SNOMEDCT_US","code":"127785005","cui":"C0020971","tui":"T061","preferredText":"Immunization"},{"fname":"","loadID":"","loadTimestamp":"","polarity":1,"confidence":0.0,"uncertainty":0,"startPosition":444,"endPosition":451,"coveredText":"tetanus","codingScheme":"SNOMEDCT_US","code":"276202003","cui":"C0039614","tui":"T047","preferredText":"Tetanus"},{"fname":"","loadID":"","loadTimestamp":"","polarity":1,"confidence":0.0,"uncertainty":0,"startPosition":444,"endPosition":451,"coveredText":"tetanus","codingScheme":"SNOMEDCT_US","code":"76902006","cui":"C0039614","tui":"T047","preferredText":"Tetanus"},{"fname":"","loadID":"","loadTimestamp":"","polarity":1,"confidence":0.0,"uncertainty":0,"startPosition":458,"endPosition":469,"coveredText":"Flu vaccine","codingScheme":"SNOMEDCT_US","code":"46233009","cui":"C0021403","tui":"T129","preferredText":"Influenza virus vaccine"},{"fname":"","loadID":"","loadTimestamp":"","polarity":1,"confidence":0.0,"uncertainty":0,"startPosition":458,"endPosition":469,"coveredText":"Flu vaccine","codingScheme":"SNOMEDCT_US","code":"46233009","cui":"C0021403","tui":"T121","preferredText":"Influenza virus vaccine"},{"fname":"","loadID":"","loadTimestamp":"","polarity":1,"confidence":0.0,"uncertainty":0,"startPosition":458,"endPosition":469,"coveredText":"Flu vaccine","codingScheme":"SNOMEDCT_US","code":"396425006","cui":"C0021403","tui":"T129","preferredText":"Influenza virus vaccine"},{"fname":"","loadID":"","loadTimestamp":"","polarity":1,"confidence":0.0,"uncertainty":0,"startPosition":458,"endPosition":469,"coveredText":"Flu vaccine","codingScheme":"SNOMEDCT_US","code":"396425006","cui":"C0021403","tui":"T121","preferredText":"Influenza virus vaccine"},{"fname":"","loadID":"","loadTimestamp":"","polarity":1,"confidence":0.0,"uncertainty":0,"startPosition":458,"endPosition":461,"coveredText":"Flu","codingScheme":"SNOMEDCT_US","code":"6142004","cui":"C0021400","tui":"T047","preferredText":"Influenza"},{"fname":"","loadID":"","loadTimestamp":"","polarity":1,"confidence":0.0,"uncertainty":0,"startPosition":462,"endPosition":469,"coveredText":"vaccine","codingScheme":"SNOMEDCT_US","code":"398827000","cui":"C0042210","tui":"T121","preferredText":"Vaccines"},{"fname":"","loadID":"","loadTimestamp":"","polarity":1,"confidence":0.0,"uncertainty":0,"startPosition":462,"endPosition":469,"coveredText":"vaccine","codingScheme":"SNOMEDCT_US","code":"71181003","cui":"C0042210","tui":"T129","preferredText":"Vaccines"},{"fname":"","loadID":"","loadTimestamp":"","polarity":1,"confidence":0.0,"uncertainty":0,"startPosition":462,"endPosition":469,"coveredText":"vaccine","codingScheme":"SNOMEDCT_US","code":"71181003","cui":"C0042210","tui":"T121","preferredText":"Vaccines"},{"fname":"","loadID":"","loadTimestamp":"","polarity":1,"confidence":0.0,"uncertainty":0,"startPosition":462,"endPosition":469,"coveredText":"vaccine","codingScheme":"SNOMEDCT_US","code":"398827000","cui":"C0042210","tui":"T129","preferredText":"Vaccines"},{"fname":"","loadID":"","loadTimestamp":"","polarity":1,"confidence":0.0,"uncertainty":0,"startPosition":491,"endPosition":500,"coveredText":"Illnesses","codingScheme":"SNOMEDCT_US","code":"39104002","cui":"C0221423","tui":"T184","preferredText":"Illness (finding)"},{"fname":"","loadID":"","loadTimestamp":"","polarity":1,"confidence":0.0,"uncertainty":0,"startPosition":521,"endPosition":537,"coveredText":"Kidney infection","codingScheme":"SNOMEDCT_US","code":"129128006","cui":"C0021313","tui":"T047","preferredText":"Infection of kidney"},{"fname":"","loadID":"","loadTimestamp":"","polarity":1,"confidence":0.0,"uncertainty":0,"startPosition":528,"endPosition":537,"coveredText":"infection","codingScheme":"SNOMEDCT_US","code":"191415002","cui":"C0009450","tui":"T047","preferredText":"Communicable Diseases"},{"fname":"","loadID":"","loadTimestamp":"","polarity":1,"confidence":0.0,"uncertainty":0,"startPosition":528,"endPosition":537,"coveredText":"infection","codingScheme":"SNOMEDCT_US","code":"40733004","cui":"C0009450","tui":"T047","preferredText":"Communicable Diseases"},{"fname":"","loadID":"","loadTimestamp":"","polarity":1,"confidence":0.0,"uncertainty":0,"startPosition":528,"endPosition":537,"coveredText":"infection","codingScheme":"SNOMEDCT_US","code":"189822004","cui":"C0009450","tui":"T047","preferredText":"Communicable Diseases"},{"fname":"","loadID":"","loadTimestamp":"","polarity":1,"confidence":0.0,"uncertainty":0,"startPosition":556,"endPosition":566,"coveredText":"ampicillin","codingScheme":"RXNORM","code":"733","cui":"C0002680","tui":"T109","preferredText":"Ampicillin"},{"fname":"","loadID":"","loadTimestamp":"","polarity":1,"confidence":0.0,"uncertainty":0,"startPosition":556,"endPosition":566,"coveredText":"ampicillin","codingScheme":"SNOMEDCT_US","code":"31087008","cui":"C0002680","tui":"T195","preferredText":"Ampicillin"},{"fname":"","loadID":"","loadTimestamp":"","polarity":1,"confidence":0.0,"uncertainty":0,"startPosition":556,"endPosition":566,"coveredText":"ampicillin","codingScheme":"SNOMEDCT_US","code":"387170002","cui":"C0002680","tui":"T109","preferredText":"Ampicillin"},{"fname":"","loadID":"","loadTimestamp":"","polarity":1,"confidence":0.0,"uncertainty":0,"startPosition":556,"endPosition":566,"coveredText":"ampicillin","codingScheme":"DRUGBANK","code":"DB00415","cui":"C0002680","tui":"T195","preferredText":"Ampicillin"},{"fname":"","loadID":"","loadTimestamp":"","polarity":1,"confidence":0.0,"uncertainty":0,"startPosition":556,"endPosition":566,"coveredText":"ampicillin","codingScheme":"RXNORM","code":"733","cui":"C0002680","tui":"T195","preferredText":"Ampicillin"},{"fname":"","loadID":"","loadTimestamp":"","polarity":1,"confidence":0.0,"uncertainty":0,"startPosition":556,"endPosition":566,"coveredText":"ampicillin","codingScheme":"SNOMEDCT_US","code":"31087008","cui":"C0002680","tui":"T109","preferredText":"Ampicillin"},{"fname":"","loadID":"","loadTimestamp":"","polarity":1,"confidence":0.0,"uncertainty":0,"startPosition":556,"endPosition":566,"coveredText":"ampicillin","codingScheme":"SNOMEDCT_US","code":"387170002","cui":"C0002680","tui":"T195","preferredText":"Ampicillin"},{"fname":"","loadID":"","loadTimestamp":"","polarity":1,"confidence":0.0,"uncertainty":0,"startPosition":556,"endPosition":566,"coveredText":"ampicillin","codingScheme":"DRUGBANK","code":"DB00415","cui":"C0002680","tui":"T109","preferredText":"Ampicillin"},{"fname":"","loadID":"","loadTimestamp":"","polarity":1,"confidence":0.0,"uncertainty":0,"startPosition":583,"endPosition":599,"coveredText":"generalized rash","codingScheme":"SNOMEDCT_US","code":"725119006","cui":"C0497365","tui":"T033","preferredText":"Generalized rash"},{"fname":"","loadID":"","loadTimestamp":"","polarity":1,"confidence":0.0,"uncertainty":0,"startPosition":595,"endPosition":599,"coveredText":"rash","codingScheme":"SNOMEDCT_US","code":"271807003","cui":"C0015230","tui":"T184","preferredText":"Exanthema"},{"fname":"","loadID":"","loadTimestamp":"","polarity":1,"confidence":0.0,"uncertainty":0,"startPosition":595,"endPosition":599,"coveredText":"rash","codingScheme":"SNOMEDCT_US","code":"112625008","cui":"C0015230","tui":"T184","preferredText":"Exanthema"},{"fname":"","loadID":"","loadTimestamp":"","polarity":1,"confidence":0.0,"uncertainty":0,"startPosition":604,"endPosition":616,"coveredText":"Hypertension","codingScheme":"SNOMEDCT_US","code":"38341003","cui":"C0020538","tui":"T047","preferredText":"Hypertensive disease"},{"fname":"","loadID":"","loadTimestamp":"","polarity":1,"confidence":0.0,"uncertainty":0,"startPosition":654,"endPosition":657,"coveredText":"BPs","codingScheme":"SNOMEDCT_US","code":"722376008","cui":"C1849718","tui":"T047","preferredText":"POPLITEAL PTERYGIUM SYNDROME, LETHAL TYPE"},{"fname":"","loadID":"","loadTimestamp":"","polarity":1,"confidence":0.0,"uncertainty":0,"startPosition":701,"endPosition":709,"coveredText":"Medicine","codingScheme":"SNOMEDCT_US","code":"105903003","cui":"C0013227","tui":"T121","preferredText":"Pharmaceutical Preparations"},{"fname":"","loadID":"","loadTimestamp":"","polarity":1,"confidence":0.0,"uncertainty":0,"startPosition":701,"endPosition":709,"coveredText":"Medicine","codingScheme":"SNOMEDCT_US","code":"410942007","cui":"C0013227","tui":"T121","preferredText":"Pharmaceutical Preparations"},{"fname":"","loadID":"","loadTimestamp":"","polarity":1,"confidence":0.0,"uncertainty":0,"startPosition":701,"endPosition":709,"coveredText":"Medicine","codingScheme":"SNOMEDCT_US","code":"373873005","cui":"C0013227","tui":"T121","preferredText":"Pharmaceutical Preparations"},{"fname":"","loadID":"","loadTimestamp":"","polarity":1,"confidence":0.0,"uncertainty":0,"startPosition":725,"endPosition":734,"coveredText":"Illnesses","codingScheme":"SNOMEDCT_US","code":"39104002","cui":"C0221423","tui":"T184","preferredText":"Illness (finding)"},{"fname":"","loadID":"","loadTimestamp":"","polarity":1,"confidence":0.0,"uncertainty":0,"startPosition":771,"endPosition":784,"coveredText":"Tonsillectomy","codingScheme":"SNOMEDCT_US","code":"173422009","cui":"C0040423","tui":"T061","preferredText":"Tonsillectomy"},{"fname":"","loadID":"","loadTimestamp":"","polarity":1,"confidence":0.0,"uncertainty":0,"startPosition":794,"endPosition":806,"coveredText":"Appendectomy","codingScheme":"SNOMEDCT_US","code":"80146002","cui":"C0003611","tui":"T061","preferredText":"Appendectomy"},{"fname":"","loadID":"","loadTimestamp":"","polarity":1,"confidence":0.0,"uncertainty":0,"startPosition":824,"endPosition":831,"coveredText":"tobacco","codingScheme":"SNOMEDCT_US","code":"39953003","cui":"C0040329","tui":"T109","preferredText":"Tobacco"},{"fname":"","loadID":"","loadTimestamp":"","polarity":1,"confidence":0.0,"uncertainty":0,"startPosition":824,"endPosition":831,"coveredText":"tobacco","codingScheme":"SNOMEDCT_US","code":"39953003","cui":"C0040329","tui":"T131","preferredText":"Tobacco"},{"fname":"","loadID":"","loadTimestamp":"","polarity":1,"confidence":0.0,"uncertainty":0,"startPosition":841,"endPosition":849,"coveredText":"Injuries","codingScheme":"SNOMEDCT_US","code":"19130008","cui":"C3263723","tui":"T037","preferredText":"Traumatic injury"},{"fname":"","loadID":"","loadTimestamp":"","polarity":1,"confidence":0.0,"uncertainty":0,"startPosition":841,"endPosition":849,"coveredText":"Injuries","codingScheme":"SNOMEDCT_US","code":"417746004","cui":"C3263723","tui":"T037","preferredText":"Traumatic injury"},{"fname":"","loadID":"","loadTimestamp":"","polarity":1,"confidence":0.0,"uncertainty":0,"startPosition":866,"endPosition":881,"coveredText":"foot laceration","codingScheme":"SNOMEDCT_US","code":"284551006","cui":"C0432993","tui":"T037","preferredText":"Laceration of foot"},{"fname":"","loadID":"","loadTimestamp":"","polarity":1,"confidence":0.0,"uncertainty":0,"startPosition":871,"endPosition":881,"coveredText":"laceration","codingScheme":"SNOMEDCT_US","code":"125671007","cui":"C0043246","tui":"T037","preferredText":"Laceration"},{"fname":"","loadID":"","loadTimestamp":"","polarity":1,"confidence":0.0,"uncertainty":0,"startPosition":871,"endPosition":881,"coveredText":"laceration","codingScheme":"SNOMEDCT_US","code":"312608009","cui":"C0043246","tui":"T037","preferredText":"Laceration"},{"fname":"","loadID":"","loadTimestamp":"","polarity":1,"confidence":0.0,"uncertainty":0,"startPosition":871,"endPosition":881,"coveredText":"laceration","codingScheme":"SNOMEDCT_US","code":"35933005","cui":"C0043246","tui":"T037","preferredText":"Laceration"},{"fname":"","loadID":"","loadTimestamp":"","polarity":1,"confidence":0.0,"uncertainty":0,"startPosition":895,"endPosition":912,"coveredText":"Obstetric History","codingScheme":"SNOMEDCT_US","code":"248983002","cui":"C0425963","tui":"T033","preferredText":"Obstetric history"},{"fname":"","loadID":"","loadTimestamp":"","polarity":1,"confidence":0.0,"uncertainty":0,"startPosition":905,"endPosition":912,"coveredText":"History","codingScheme":"SNOMEDCT_US","code":"392521001","cui":"C0262926","tui":"T033","preferredText":"Medical History"},{"fname":"","loadID":"","loadTimestamp":"","polarity":1,"confidence":0.0,"uncertainty":0,"startPosition":924,"endPosition":930,"coveredText":"living","codingScheme":"SNOMEDCT_US","code":"224130005","cui":"C0595998","tui":"T033","preferredText":"Household composition"},{"fname":"","loadID":"","loadTimestamp":"","polarity":1,"confidence":0.0,"uncertainty":0,"startPosition":941,"endPosition":953,"coveredText":"Menarche age","codingScheme":"SNOMEDCT_US","code":"398700009","cui":"C1314691","tui":"T033","preferredText":"Age at menarche"},{"fname":"","loadID":"","loadTimestamp":"","polarity":1,"confidence":0.0,"uncertainty":0,"startPosition":941,"endPosition":953,"coveredText":"Menarche age","codingScheme":"SNOMEDCT_US","code":"364314008","cui":"C1314691","tui":"T033","preferredText":"Age at menarche"},{"fname":"","loadID":"","loadTimestamp":"","polarity":1,"confidence":0.0,"uncertainty":0,"startPosition":941,"endPosition":949,"coveredText":"Menarche","codingScheme":"SNOMEDCT_US","code":"20016009","cui":"C0025274","tui":"T040","preferredText":"Menarche"},{"fname":"","loadID":"","loadTimestamp":"","polarity":1,"confidence":0.0,"uncertainty":0,"startPosition":963,"endPosition":969,"coveredText":"menses","codingScheme":"SNOMEDCT_US","code":"248957007","cui":"C0025344","tui":"T040","preferredText":"Menstruation"},{"fname":"","loadID":"","loadTimestamp":"","polarity":1,"confidence":0.0,"uncertainty":0,"startPosition":984,"endPosition":996,"coveredText":"Transfusions","codingScheme":"SNOMEDCT_US","code":"5447007","cui":"C1879316","tui":"T061","preferredText":"Transfusion (procedure)"}]