[{"fname":"","loadID":"","loadTimestamp":"","polarity":1,"confidence":0.0,"uncertainty":0,"startPosition":31,"endPosition":34,"coveredText":"ion","codingScheme":"SNOMEDCT_US","code":"48006008","cui":"C0022023","tui":"T196","preferredText":"Ions"},{"fname":"","loadID":"","loadTimestamp":"","polarity":1,"confidence":0.0,"uncertainty":0,"startPosition":47,"endPosition":52,"coveredText":"sense","codingScheme":"SNOMEDCT_US","code":"373713005","cui":"C0036658","tui":"T042","preferredText":"Esthesia"},{"fname":"","loadID":"","loadTimestamp":"","polarity":1,"confidence":0.0,"uncertainty":0,"startPosition":47,"endPosition":52,"coveredText":"sense","codingScheme":"SNOMEDCT_US","code":"272144002","cui":"C0036658","tui":"T042","preferredText":"Esthesia"},{"fname":"","loadID":"","loadTimestamp":"","polarity":1,"confidence":0.0,"uncertainty":0,"startPosition":47,"endPosition":52,"coveredText":"sense","codingScheme":"SNOMEDCT_US","code":"106148006","cui":"C0036658","tui":"T042","preferredText":"Esthesia"},{"fname":"","loadID":"","loadTimestamp":"","polarity":1,"confidence":0.0,"uncertainty":0,"startPosition":65,"endPosition":69,"coveredText":"test","codingScheme":"SNOMEDCT_US","code":"269814003","cui":"C0022885","tui":"T059","preferredText":"Laboratory Procedures"},{"fname":"","loadID":"","loadTimestamp":"","polarity":1,"confidence":0.0,"uncertainty":0,"startPosition":65,"endPosition":69,"coveredText":"test","codingScheme":"SNOMEDCT_US","code":"108252007","cui":"C0022885","tui":"T059","preferredText":"Laboratory Procedures"},{"fname":"","loadID":"","loadTimestamp":"","polarity":1,"confidence":0.0,"uncertainty":0,"startPosition":65,"endPosition":69,"coveredText":"test","codingScheme":"SNOMEDCT_US","code":"15220000","cui":"C0022885","tui":"T059","preferredText":"Laboratory Procedures"},{"fname":"","loadID":"","loadTimestamp":"","polarity":1,"confidence":0.0,"uncertainty":0,"startPosition":65,"endPosition":69,"coveredText":"test","codingScheme":"SNOMEDCT_US","code":"277775005","cui":"C0456984","tui":"T034","preferredText":"Test Result"},{"fname":"","loadID":"","loadTimestamp":"","polarity":1,"confidence":0.0,"uncertainty":0,"startPosition":89,"endPosition":100,"coveredText":"contraction","codingScheme":"SNOMEDCT_US","code":"78558002","cui":"C1140999","tui":"T046","preferredText":"Contraction (finding)"},{"fname":"","loadID":"","loadTimestamp":"","polarity":1,"confidence":0.0,"uncertainty":0,"startPosition":118,"endPosition":125,"coveredText":"aspirin","codingScheme":"SNOMEDCT_US","code":"7947003","cui":"C0004057","tui":"T109","preferredText":"Aspirin"},{"fname":"","loadID":"","loadTimestamp":"","polarity":1,"confidence":0.0,"uncertainty":0,"startPosition":118,"endPosition":125,"coveredText":"aspirin","codingScheme":"DRUGBANK","code":"DB00945","cui":"C0004057","tui":"T121","preferredText":"Aspirin"},{"fname":"","loadID":"","loadTimestamp":"","polarity":1,"confidence":0.0,"uncertainty":0,"startPosition":118,"endPosition":125,"coveredText":"aspirin","codingScheme":"RXNORM","code":"1191","cui":"C0004057","tui":"T121","preferredText":"Aspirin"},{"fname":"","loadID":"","loadTimestamp":"","polarity":1,"confidence":0.0,"uncertainty":0,"startPosition":118,"endPosition":125,"coveredText":"aspirin","codingScheme":"SNOMEDCT_US","code":"387458008","cui":"C0004057","tui":"T109","preferredText":"Aspirin"},{"fname":"","loadID":"","loadTimestamp":"","polarity":1,"confidence":0.0,"uncertainty":0,"startPosition":118,"endPosition":125,"coveredText":"aspirin","codingScheme":"SNOMEDCT_US","code":"7947003","cui":"C0004057","tui":"T121","preferredText":"Aspirin"},{"fname":"","loadID":"","loadTimestamp":"","polarity":1,"confidence":0.0,"uncertainty":0,"startPosition":118,"endPosition":125,"coveredText":"aspirin","codingScheme":"DRUGBANK","code":"DB00945","cui":"C0004057","tui":"T109","preferredText":"Aspirin"},{"fname":"","loadID":"","loadTimestamp":"","polarity":1,"confidence":0.0,"uncertainty":0,"startPosition":118,"endPosition":125,"coveredText":"aspirin","codingScheme":"RXNORM","code":"1191","cui":"C0004057","tui":"T109","preferredText":"Aspirin"},{"fname":"","loadID":"","loadTimestamp":"","polarity":1,"confidence":0.0,"uncertainty":0,"startPosition":118,"endPosition":125,"coveredText":"aspirin","codingScheme":"SNOMEDCT_US","code":"387458008","cui":"C0004057","tui":"T121","preferredText":"Aspirin"},{"fname":"","loadID":"","loadTimestamp":"","polarity":1,"confidence":0.0,"uncertainty":0,"startPosition":174,"endPosition":178,"coveredText":"drug","codingScheme":"SNOMEDCT_US","code":"410942007","cui":"C0013227","tui":"T121","preferredText":"Pharmaceutical Preparations"},{"fname":"","loadID":"","loadTimestamp":"","polarity":1,"confidence":0.0,"uncertainty":0,"startPosition":174,"endPosition":178,"coveredText":"drug","codingScheme":"SNOMEDCT_US","code":"373873005","cui":"C0013227","tui":"T121","preferredText":"Pharmaceutical Preparations"},{"fname":"","loadID":"","loadTimestamp":"","polarity":1,"confidence":0.0,"uncertainty":0,"startPosition":174,"endPosition":178,"coveredText":"drug","codingScheme":"SNOMEDCT_US","code":"105903003","cui":"C0013227","tui":"T121","preferredText":"Pharmaceutical Preparations"}]