[{"fname":"","loadID":"","loadTimestamp":"","polarity":1,"confidence":0.0,"uncertainty":0,"startPosition":60,"endPosition":65,"coveredText":"birth","codingScheme":"SNOMEDCT_US","code":"3950001","cui":"C0005615","tui":"T040","preferredText":"Birth"},{"fname":"","loadID":"","loadTimestamp":"","polarity":1,"confidence":0.0,"uncertainty":0,"startPosition":270,"endPosition":280,"coveredText":"CT ABDOMEN","codingScheme":"SNOMEDCT_US","code":"169070004","cui":"C0412620","tui":"T060","preferredText":"CT of abdomen"},{"fname":"","loadID":"","loadTimestamp":"","polarity":1,"confidence":0.0,"uncertainty":0,"startPosition":314,"endPosition":317,"coveredText":"pel","codingScheme":"SNOMEDCT_US","code":"128800006","cui":"C1292753","tui":"T191","preferredText":"Primary Effusion Lymphoma"},{"fname":"","loadID":"","loadTimestamp":"","polarity":1,"confidence":0.0,"uncertainty":0,"startPosition":314,"endPosition":317,"coveredText":"pel","codingScheme":"SNOMEDCT_US","code":"713516007","cui":"C1292753","tui":"T191","preferredText":"Primary Effusion Lymphoma"},{"fname":"","loadID":"","loadTimestamp":"","polarity":1,"confidence":0.0,"uncertainty":1,"startPosition":320,"endPosition":334,"coveredText":"hernia ventral","codingScheme":"SNOMEDCT_US","code":"414396006","cui":"C0019326","tui":"T190","preferredText":"Ventral Hernia"},{"fname":"","loadID":"","loadTimestamp":"","polarity":1,"confidence":0.0,"uncertainty":1,"startPosition":320,"endPosition":326,"coveredText":"hernia","codingScheme":"SNOMEDCT_US","code":"52515009","cui":"C0019270","tui":"T190","preferredText":"Hernia"},{"fname":"","loadID":"","loadTimestamp":"","polarity":1,"confidence":0.0,"uncertainty":1,"startPosition":320,"endPosition":326,"coveredText":"hernia","codingScheme":"SNOMEDCT_US","code":"414403008","cui":"C0019270","tui":"T190","preferredText":"Hernia"},{"fname":"","loadID":"","loadTimestamp":"","polarity":1,"confidence":0.0,"uncertainty":0,"startPosition":394,"endPosition":404,"coveredText":"CT abdomen","codingScheme":"SNOMEDCT_US","code":"169070004","cui":"C0412620","tui":"T060","preferredText":"CT of abdomen"},{"fname":"","loadID":"","loadTimestamp":"","polarity":1,"confidence":0.0,"uncertainty":0,"startPosition":424,"endPosition":432,"coveredText":"contrast","codingScheme":"SNOMEDCT_US","code":"385420005","cui":"C0009924","tui":"T130","preferredText":"Contrast Media"},{"fname":"","loadID":"","loadTimestamp":"","polarity":1,"confidence":0.0,"uncertainty":0,"startPosition":424,"endPosition":432,"coveredText":"contrast","codingScheme":"SNOMEDCT_US","code":"407935004","cui":"C0009924","tui":"T130","preferredText":"Contrast Media"},{"fname":"","loadID":"","loadTimestamp":"","polarity":1,"confidence":0.0,"uncertainty":0,"startPosition":459,"endPosition":470,"coveredText":"angiography","codingScheme":"SNOMEDCT_US","code":"77343006","cui":"C0002978","tui":"T060","preferredText":"angiogram"},{"fname":"","loadID":"","loadTimestamp":"","polarity":1,"confidence":0.0,"uncertainty":0,"startPosition":507,"endPosition":521,"coveredText":"ventral hernia","codingScheme":"SNOMEDCT_US","code":"414396006","cui":"C0019326","tui":"T190","preferredText":"Ventral Hernia"},{"fname":"","loadID":"","loadTimestamp":"","polarity":1,"confidence":0.0,"uncertainty":0,"startPosition":515,"endPosition":521,"coveredText":"hernia","codingScheme":"SNOMEDCT_US","code":"414403008","cui":"C0019270","tui":"T190","preferredText":"Hernia"},{"fname":"","loadID":"","loadTimestamp":"","polarity":1,"confidence":0.0,"uncertainty":0,"startPosition":515,"endPosition":521,"coveredText":"hernia","codingScheme":"SNOMEDCT_US","code":"52515009","cui":"C0019270","tui":"T190","preferredText":"Hernia"},{"fname":"","loadID":"","loadTimestamp":"","polarity":1,"confidence":0.0,"uncertainty":0,"startPosition":672,"endPosition":692,"coveredText":"aortobifemoral graft","codingScheme":"SNOMEDCT_US","code":"233373009","cui":"C0397949","tui":"T061","preferredText":"Aortic bifurcation bypass graft (procedure)"},{"fname":"","loadID":"","loadTimestamp":"","polarity":1,"confidence":0.0,"uncertainty":0,"startPosition":698,"endPosition":706,"coveredText":"occluded","codingScheme":"SNOMEDCT_US","code":"26036001","cui":"C0028778","tui":"T046","preferredText":"Obstruction"},{"fname":"","loadID":"","loadTimestamp":"","polarity":1,"confidence":0.0,"uncertainty":0,"startPosition":746,"endPosition":757,"coveredText":"bifurcation","codingScheme":"SNOMEDCT_US","code":"68689009","cui":"C0184906","tui":"T061","preferredText":"Bifurcation (procedure)"},{"fname":"","loadID":"","loadTimestamp":"","polarity":1,"confidence":0.0,"uncertainty":0,"startPosition":791,"endPosition":799,"coveredText":"Possible","codingScheme":"SNOMEDCT_US","code":"371930009","cui":"C0332149","tui":"T033","preferredText":"Possible"},{"fname":"","loadID":"","loadTimestamp":"","polarity":1,"confidence":0.0,"uncertainty":1,"startPosition":808,"endPosition":826,"coveredText":"fatty infiltration","codingScheme":"SNOMEDCT_US","code":"45752008","cui":"C0333575","tui":"T046","preferredText":"Fatty infiltration"},{"fname":"","loadID":"","loadTimestamp":"","polarity":1,"confidence":0.0,"uncertainty":1,"startPosition":814,"endPosition":826,"coveredText":"infiltration","codingScheme":"SNOMEDCT_US","code":"47351003","cui":"C0332448","tui":"T046","preferredText":"Infiltration"},{"fname":"","loadID":"","loadTimestamp":"","polarity":1,"confidence":0.0,"uncertainty":0,"startPosition":841,"endPosition":847,"coveredText":"Severe","codingScheme":"SNOMEDCT_US","code":"24484000","cui":"C0205082","tui":"T033","preferredText":"Severe (severity modifier)"},{"fname":"","loadID":"","loadTimestamp":"","polarity":1,"confidence":0.0,"uncertainty":0,"startPosition":848,"endPosition":855,"coveredText":"atrophy","codingScheme":"SNOMEDCT_US","code":"13331008","cui":"C0333641","tui":"T046","preferredText":"Atrophic"},{"fname":"","loadID":"","loadTimestamp":"","polarity":1,"confidence":0.0,"uncertainty":1,"startPosition":932,"endPosition":940,"coveredText":"occluded","codingScheme":"SNOMEDCT_US","code":"26036001","cui":"C0028778","tui":"T046","preferredText":"Obstruction"},{"fname":"","loadID":"","loadTimestamp":"","polarity":1,"confidence":0.0,"uncertainty":0,"startPosition":948,"endPosition":956,"coveredText":"scarring","codingScheme":"SNOMEDCT_US","code":"275322007","cui":"C2004491","tui":"T046","preferredText":"Cicatrix"},{"fname":"","loadID":"","loadTimestamp":"","polarity":1,"confidence":0.0,"uncertainty":0,"startPosition":948,"endPosition":956,"coveredText":"scarring","codingScheme":"SNOMEDCT_US","code":"48677004","cui":"C2004491","tui":"T046","preferredText":"Cicatrix"},{"fname":"","loadID":"","loadTimestamp":"","polarity":1,"confidence":0.0,"uncertainty":0,"startPosition":948,"endPosition":956,"coveredText":"scarring","codingScheme":"SNOMEDCT_US","code":"12402003","cui":"C2004491","tui":"T046","preferredText":"Cicatrix"},{"fname":"","loadID":"","loadTimestamp":"","polarity":1,"confidence":0.0,"uncertainty":0,"startPosition":948,"endPosition":956,"coveredText":"scarring","codingScheme":"SNOMEDCT_US","code":"48677004","cui":"C0008767","tui":"T046","preferredText":"Cicatrization"},{"fname":"","loadID":"","loadTimestamp":"","polarity":1,"confidence":0.0,"uncertainty":0,"startPosition":1017,"endPosition":1025,"coveredText":"possible","codingScheme":"SNOMEDCT_US","code":"371930009","cui":"C0332149","tui":"T033","preferredText":"Possible"},{"fname":"","loadID":"","loadTimestamp":"","polarity":1,"confidence":0.0,"uncertainty":1,"startPosition":1032,"endPosition":1041,"coveredText":"cystocele","codingScheme":"SNOMEDCT_US","code":"252005008","cui":"C1394494","tui":"T047","preferredText":"Cystocele (female)"},{"fname":"","loadID":"","loadTimestamp":"","polarity":1,"confidence":0.0,"uncertainty":0,"startPosition":1043,"endPosition":1065,"coveredText":"Sigmoid diverticulosis","codingScheme":"SNOMEDCT_US","code":"429430001","cui":"C0012818","tui":"T047","preferredText":"Diverticulosis of sigmoid colon"},{"fname":"","loadID":"","loadTimestamp":"","polarity":1,"confidence":0.0,"uncertainty":0,"startPosition":1051,"endPosition":1065,"coveredText":"diverticulosis","codingScheme":"SNOMEDCT_US","code":"63532004","cui":"C1510475","tui":"T047","preferredText":"Diverticulosis"},{"fname":"","loadID":"","loadTimestamp":"","polarity":1,"confidence":0.0,"uncertainty":0,"startPosition":1051,"endPosition":1065,"coveredText":"diverticulosis","codingScheme":"SNOMEDCT_US","code":"735594002","cui":"C1510475","tui":"T047","preferredText":"Diverticulosis"},{"fname":"","loadID":"","loadTimestamp":"","polarity":1,"confidence":0.0,"uncertainty":0,"startPosition":1067,"endPosition":1090,"coveredText":"Vascular calcifications","codingScheme":"SNOMEDCT_US","code":"237897009","cui":"C0342649","tui":"T046","preferredText":"Vascular calcification"},{"fname":"","loadID":"","loadTimestamp":"","polarity":1,"confidence":0.0,"uncertainty":0,"startPosition":1076,"endPosition":1090,"coveredText":"calcifications","codingScheme":"SNOMEDCT_US","code":"18115005","cui":"C2242558","tui":"T033","preferredText":"Pathologic calcification, calcified structure"},{"fname":"","loadID":"","loadTimestamp":"","polarity":1,"confidence":0.0,"uncertainty":0,"startPosition":1092,"endPosition":1104,"coveredText":"Degenerative","codingScheme":"SNOMEDCT_US","code":"33359002","cui":"C0011164","tui":"T046","preferredText":"Abnormal degeneration"},{"fname":"","loadID":"","loadTimestamp":"","polarity":1,"confidence":0.0,"uncertainty":0,"startPosition":1092,"endPosition":1104,"coveredText":"Degenerative","codingScheme":"SNOMEDCT_US","code":"107669003","cui":"C0011164","tui":"T046","preferredText":"Abnormal degeneration"},{"fname":"","loadID":"","loadTimestamp":"","polarity":1,"confidence":0.0,"uncertainty":0,"startPosition":1160,"endPosition":1163,"coveredText":"hip","codingScheme":"SNOMEDCT_US","code":"118711008","cui":"C1292890","tui":"T060","preferredText":"Procedure on hip"},{"fname":"","loadID":"","loadTimestamp":"","polarity":1,"confidence":0.0,"uncertainty":1,"startPosition":1180,"endPosition":1191,"coveredText":"atelectasis","codingScheme":"SNOMEDCT_US","code":"46621007","cui":"C0004144","tui":"T046","preferredText":"Atelectasis"},{"fname":"","loadID":"","loadTimestamp":"","polarity":1,"confidence":0.0,"uncertainty":1,"startPosition":1195,"endPosition":1203,"coveredText":"fibrosis","codingScheme":"SNOMEDCT_US","code":"263756000","cui":"C0016059","tui":"T046","preferredText":"Fibrosis"},{"fname":"","loadID":"","loadTimestamp":"","polarity":1,"confidence":0.0,"uncertainty":1,"startPosition":1195,"endPosition":1203,"coveredText":"fibrosis","codingScheme":"SNOMEDCT_US","code":"112674009","cui":"C0016059","tui":"T046","preferredText":"Fibrosis"},{"fname":"","loadID":"","loadTimestamp":"","polarity":1,"confidence":0.0,"uncertainty":0,"startPosition":1464,"endPosition":1467,"coveredText":"ASO","codingScheme":"SNOMEDCT_US","code":"78460003","cui":"C0003436","tui":"T129","preferredText":"Antistreptolysin O"},{"fname":"","loadID":"","loadTimestamp":"","polarity":1,"confidence":0.0,"uncertainty":0,"startPosition":1464,"endPosition":1467,"coveredText":"ASO","codingScheme":"SNOMEDCT_US","code":"78460003","cui":"C0003436","tui":"T116","preferredText":"Antistreptolysin O"},{"fname":"","loadID":"","loadTimestamp":"","polarity":1,"confidence":0.0,"uncertainty":0,"startPosition":1500,"endPosition":1506,"coveredText":"bypass","codingScheme":"SNOMEDCT_US","code":"88834003","cui":"C0741847","tui":"T061","preferredText":"Bypass"},{"fname":"","loadID":"","loadTimestamp":"","polarity":1,"confidence":0.0,"uncertainty":0,"startPosition":1523,"endPosition":1537,"coveredText":"artery disease","codingScheme":"SNOMEDCT_US","code":"39823006","cui":"C0852949","tui":"T047","preferredText":"Arteriopathic disease"},{"fname":"","loadID":"","loadTimestamp":"","polarity":1,"confidence":0.0,"uncertainty":0,"startPosition":1523,"endPosition":1537,"coveredText":"artery disease","codingScheme":"SNOMEDCT_US","code":"359557001","cui":"C0852949","tui":"T047","preferredText":"Arteriopathic disease"},{"fname":"","loadID":"","loadTimestamp":"","polarity":1,"confidence":0.0,"uncertainty":0,"startPosition":1530,"endPosition":1537,"coveredText":"disease","codingScheme":"SNOMEDCT_US","code":"64572001","cui":"C0012634","tui":"T047","preferredText":"Disease"},{"fname":"","loadID":"","loadTimestamp":"","polarity":1,"confidence":0.0,"uncertainty":0,"startPosition":1543,"endPosition":1552,"coveredText":"posterior","codingScheme":"SNOMEDCT_US","code":"72442006","cui":"C0751438","tui":"T047","preferredText":"Posterior pituitary disease"},{"fname":"","loadID":"","loadTimestamp":"","polarity":1,"confidence":0.0,"uncertainty":0,"startPosition":1560,"endPosition":1569,"coveredText":"occlusion","codingScheme":"SNOMEDCT_US","code":"50173008","cui":"C0001168","tui":"T020","preferredText":"Complete obstruction"},{"fname":"","loadID":"","loadTimestamp":"","polarity":1,"confidence":0.0,"uncertainty":0,"startPosition":1560,"endPosition":1569,"coveredText":"occlusion","codingScheme":"SNOMEDCT_US","code":"25272006","cui":"C0011382","tui":"T042","preferredText":"Dental Occlusion"},{"fname":"","loadID":"","loadTimestamp":"","polarity":1,"confidence":0.0,"uncertainty":0,"startPosition":1560,"endPosition":1569,"coveredText":"occlusion","codingScheme":"SNOMEDCT_US","code":"26036001","cui":"C0028778","tui":"T046","preferredText":"Obstruction"},{"fname":"","loadID":"","loadTimestamp":"","polarity":1,"confidence":0.0,"uncertainty":0,"startPosition":1575,"endPosition":1583,"coveredText":"anterior","codingScheme":"SNOMEDCT_US","code":"51742006","cui":"C0751437","tui":"T047","preferredText":"Adenohypophyseal Diseases"},{"fname":"","loadID":"","loadTimestamp":"","polarity":1,"confidence":0.0,"uncertainty":0,"startPosition":1730,"endPosition":1745,"coveredText":"artery stenosis","codingScheme":"SNOMEDCT_US","code":"68109007","cui":"C0038449","tui":"T046","preferredText":"Stricture of artery"},{"fname":"","loadID":"","loadTimestamp":"","polarity":1,"confidence":0.0,"uncertainty":0,"startPosition":1730,"endPosition":1745,"coveredText":"artery stenosis","codingScheme":"SNOMEDCT_US","code":"726490008","cui":"C0038449","tui":"T046","preferredText":"Stricture of artery"},{"fname":"","loadID":"","loadTimestamp":"","polarity":1,"confidence":0.0,"uncertainty":0,"startPosition":1737,"endPosition":1745,"coveredText":"stenosis","codingScheme":"SNOMEDCT_US","code":"27551008","cui":"C1261287","tui":"T046","preferredText":"Stenosis"},{"fname":"","loadID":"","loadTimestamp":"","polarity":1,"confidence":0.0,"uncertainty":0,"startPosition":1737,"endPosition":1745,"coveredText":"stenosis","codingScheme":"SNOMEDCT_US","code":"415582006","cui":"C1261287","tui":"T046","preferredText":"Stenosis"},{"fname":"","loadID":"","loadTimestamp":"","polarity":1,"confidence":0.0,"uncertainty":0,"startPosition":1849,"endPosition":1852,"coveredText":"EXT","codingScheme":"SNOMEDCT_US","code":"254044004","cui":"C0015306","tui":"T019","preferredText":"Hereditary Multiple Exostoses"},{"fname":"","loadID":"","loadTimestamp":"","polarity":1,"confidence":0.0,"uncertainty":0,"startPosition":1905,"endPosition":1919,"coveredText":"RECONSTRUCTION","codingScheme":"SNOMEDCT_US","code":"122465003","cui":"C0524865","tui":"T061","preferredText":"Reconstructive Surgical Procedures"},{"fname":"","loadID":"","loadTimestamp":"","polarity":1,"confidence":0.0,"uncertainty":0,"startPosition":1948,"endPosition":1951,"coveredText":"EXT","codingScheme":"SNOMEDCT_US","code":"254044004","cui":"C0015306","tui":"T019","preferredText":"Hereditary Multiple Exostoses"},{"fname":"","loadID":"","loadTimestamp":"","polarity":1,"confidence":0.0,"uncertainty":1,"startPosition":1980,"endPosition":1990,"coveredText":"femur pain","codingScheme":"SNOMEDCT_US","code":"301773003","cui":"C0578451","tui":"T184","preferredText":"Pain in femur"},{"fname":"","loadID":"","loadTimestamp":"","polarity":1,"confidence":0.0,"uncertainty":0,"startPosition":1986,"endPosition":1990,"coveredText":"pain","codingScheme":"SNOMEDCT_US","code":"22253000","cui":"C0030193","tui":"T184","preferredText":"Pain"},{"fname":"","loadID":"","loadTimestamp":"","polarity":1,"confidence":0.0,"uncertainty":1,"startPosition":1996,"endPosition":2009,"coveredText":"osteomyelitis","codingScheme":"SNOMEDCT_US","code":"60168000","cui":"C0029443","tui":"T047","preferredText":"Osteomyelitis"},{"fname":"","loadID":"","loadTimestamp":"","polarity":1,"confidence":0.0,"uncertainty":1,"startPosition":2013,"endPosition":2018,"coveredText":"tumor","codingScheme":"SNOMEDCT_US","code":"108369006","cui":"C0027651","tui":"T191","preferredText":"Neoplasms"},{"fname":"","loadID":"","loadTimestamp":"","polarity":1,"confidence":0.0,"uncertainty":0,"startPosition":2040,"endPosition":2043,"coveredText":"Apr","codingScheme":"SNOMEDCT_US","code":"265414003","cui":"C2004459","tui":"T061","preferredText":"Abdominoperineal resection"},{"fname":"","loadID":"","loadTimestamp":"","polarity":1,"confidence":0.0,"uncertainty":0,"startPosition":2082,"endPosition":2090,"coveredText":"contrast","codingScheme":"SNOMEDCT_US","code":"407935004","cui":"C0009924","tui":"T130","preferredText":"Contrast Media"},{"fname":"","loadID":"","loadTimestamp":"","polarity":1,"confidence":0.0,"uncertainty":0,"startPosition":2082,"endPosition":2090,"coveredText":"contrast","codingScheme":"SNOMEDCT_US","code":"385420005","cui":"C0009924","tui":"T130","preferredText":"Contrast Media"},{"fname":"","loadID":"","loadTimestamp":"","polarity":1,"confidence":0.0,"uncertainty":0,"startPosition":2223,"endPosition":2229,"coveredText":"cortex","codingScheme":"SNOMEDCT_US","code":"129636003","cui":"C0001614","tui":"T047","preferredText":"Adrenal Cortex Diseases"},{"fname":"","loadID":"","loadTimestamp":"","polarity":1,"confidence":0.0,"uncertainty":0,"startPosition":2263,"endPosition":2270,"coveredText":"present","codingScheme":"SNOMEDCT_US","code":"52101004","cui":"C0150312","tui":"T033","preferredText":"Present"},{"fname":"","loadID":"","loadTimestamp":"","polarity":1,"confidence":0.0,"uncertainty":0,"startPosition":2322,"endPosition":2328,"coveredText":"lesion","codingScheme":"SNOMEDCT_US","code":"52988006","cui":"C0221198","tui":"T033","preferredText":"Lesion"},{"fname":"","loadID":"","loadTimestamp":"","polarity":1,"confidence":0.0,"uncertainty":0,"startPosition":2450,"endPosition":2458,"coveredText":"probable","codingScheme":"SNOMEDCT_US","code":"452201000124102","cui":"C0332148","tui":"T033","preferredText":"Probable diagnosis"},{"fname":"","loadID":"","loadTimestamp":"","polarity":1,"confidence":0.0,"uncertainty":0,"startPosition":2450,"endPosition":2458,"coveredText":"probable","codingScheme":"SNOMEDCT_US","code":"2931005","cui":"C0332148","tui":"T033","preferredText":"Probable diagnosis"},{"fname":"","loadID":"","loadTimestamp":"","polarity":1,"confidence":0.0,"uncertainty":1,"startPosition":2464,"endPosition":2471,"coveredText":"mineral","codingScheme":"SNOMEDCT_US","code":"87918000","cui":"C0026162","tui":"T197","preferredText":"Minerals"},{"fname":"","loadID":"","loadTimestamp":"","polarity":1,"confidence":0.0,"uncertainty":1,"startPosition":2472,"endPosition":2479,"coveredText":"content","codingScheme":"SNOMEDCT_US","code":"271599002","cui":"C0423896","tui":"T041","preferredText":"Feeling content"},{"fname":"","loadID":"","loadTimestamp":"","polarity":1,"confidence":0.0,"uncertainty":0,"startPosition":2558,"endPosition":2576,"coveredText":"Osteogenic sarcoma","codingScheme":"SNOMEDCT_US","code":"307576001","cui":"C0029463","tui":"T191","preferredText":"Osteosarcoma"},{"fname":"","loadID":"","loadTimestamp":"","polarity":1,"confidence":0.0,"uncertainty":0,"startPosition":2558,"endPosition":2576,"coveredText":"Osteogenic sarcoma","codingScheme":"SNOMEDCT_US","code":"21708004","cui":"C0029463","tui":"T191","preferredText":"Osteosarcoma"},{"fname":"","loadID":"","loadTimestamp":"","polarity":1,"confidence":0.0,"uncertainty":0,"startPosition":2569,"endPosition":2576,"coveredText":"sarcoma","codingScheme":"SNOMEDCT_US","code":"424952003","cui":"C1261473","tui":"T191","preferredText":"Sarcoma"},{"fname":"","loadID":"","loadTimestamp":"","polarity":1,"confidence":0.0,"uncertainty":0,"startPosition":2569,"endPosition":2576,"coveredText":"sarcoma","codingScheme":"SNOMEDCT_US","code":"269469005","cui":"C1261473","tui":"T191","preferredText":"Sarcoma"},{"fname":"","loadID":"","loadTimestamp":"","polarity":1,"confidence":0.0,"uncertainty":0,"startPosition":2569,"endPosition":2576,"coveredText":"sarcoma","codingScheme":"SNOMEDCT_US","code":"2424003","cui":"C1261473","tui":"T191","preferredText":"Sarcoma"},{"fname":"","loadID":"","loadTimestamp":"","polarity":1,"confidence":0.0,"uncertainty":0,"startPosition":2569,"endPosition":2576,"coveredText":"sarcoma","codingScheme":"SNOMEDCT_US","code":"424413001","cui":"C1261473","tui":"T191","preferredText":"Sarcoma"},{"fname":"","loadID":"","loadTimestamp":"","polarity":1,"confidence":0.0,"uncertainty":1,"startPosition":2618,"endPosition":2633,"coveredText":"Ewing\u0027s sarcoma","codingScheme":"SNOMEDCT_US","code":"76909002","cui":"C0553580","tui":"T191","preferredText":"Ewings sarcoma"},{"fname":"","loadID":"","loadTimestamp":"","polarity":1,"confidence":0.0,"uncertainty":0,"startPosition":2626,"endPosition":2633,"coveredText":"sarcoma","codingScheme":"SNOMEDCT_US","code":"424952003","cui":"C1261473","tui":"T191","preferredText":"Sarcoma"},{"fname":"","loadID":"","loadTimestamp":"","polarity":1,"confidence":0.0,"uncertainty":0,"startPosition":2626,"endPosition":2633,"coveredText":"sarcoma","codingScheme":"SNOMEDCT_US","code":"269469005","cui":"C1261473","tui":"T191","preferredText":"Sarcoma"},{"fname":"","loadID":"","loadTimestamp":"","polarity":1,"confidence":0.0,"uncertainty":0,"startPosition":2626,"endPosition":2633,"coveredText":"sarcoma","codingScheme":"SNOMEDCT_US","code":"2424003","cui":"C1261473","tui":"T191","preferredText":"Sarcoma"},{"fname":"","loadID":"","loadTimestamp":"","polarity":1,"confidence":0.0,"uncertainty":0,"startPosition":2626,"endPosition":2633,"coveredText":"sarcoma","codingScheme":"SNOMEDCT_US","code":"424413001","cui":"C1261473","tui":"T191","preferredText":"Sarcoma"},{"fname":"","loadID":"","loadTimestamp":"","polarity":1,"confidence":0.0,"uncertainty":0,"startPosition":2649,"endPosition":2665,"coveredText":"soft tissue mass","codingScheme":"SNOMEDCT_US","code":"444905003","cui":"C0457193","tui":"T190","preferredText":"Soft tissue mass"},{"fname":"","loadID":"","loadTimestamp":"","polarity":1,"confidence":0.0,"uncertainty":0,"startPosition":2649,"endPosition":2665,"coveredText":"soft tissue mass","codingScheme":"SNOMEDCT_US","code":"278002000","cui":"C0457193","tui":"T190","preferredText":"Soft tissue mass"},{"fname":"","loadID":"","loadTimestamp":"","polarity":1,"confidence":0.0,"uncertainty":0,"startPosition":2661,"endPosition":2665,"coveredText":"mass","codingScheme":"SNOMEDCT_US","code":"4147007","cui":"C0577559","tui":"T033","preferredText":"Mass of body structure"},{"fname":"","loadID":"","loadTimestamp":"","polarity":1,"confidence":0.0,"uncertainty":0,"startPosition":2661,"endPosition":2665,"coveredText":"mass","codingScheme":"SNOMEDCT_US","code":"300848003","cui":"C0577559","tui":"T033","preferredText":"Mass of body structure"},{"fname":"","loadID":"","loadTimestamp":"","polarity":1,"confidence":0.0,"uncertainty":0,"startPosition":2722,"endPosition":2725,"coveredText":"MRI","codingScheme":"SNOMEDCT_US","code":"312250003","cui":"C0024485","tui":"T060","preferredText":"Magnetic Resonance Imaging"},{"fname":"","loadID":"","loadTimestamp":"","polarity":1,"confidence":0.0,"uncertainty":0,"startPosition":2722,"endPosition":2725,"coveredText":"MRI","codingScheme":"SNOMEDCT_US","code":"113091000","cui":"C0024485","tui":"T060","preferredText":"Magnetic Resonance Imaging"},{"fname":"","loadID":"","loadTimestamp":"","polarity":1,"confidence":0.0,"uncertainty":0,"startPosition":3090,"endPosition":3100,"coveredText":"Amputation","codingScheme":"SNOMEDCT_US","code":"81723002","cui":"C0002688","tui":"T061","preferredText":"Amputation"},{"fname":"","loadID":"","loadTimestamp":"","polarity":1,"confidence":0.0,"uncertainty":0,"startPosition":3160,"endPosition":3170,"coveredText":"Ulceration","codingScheme":"SNOMEDCT_US","code":"263913002","cui":"C3887532","tui":"T046","preferredText":"Ulceration"},{"fname":"","loadID":"","loadTimestamp":"","polarity":-1,"confidence":0.0,"uncertainty":0,"startPosition":3225,"endPosition":3238,"coveredText":"osteomyelitis","codingScheme":"SNOMEDCT_US","code":"60168000","cui":"C0029443","tui":"T047","preferredText":"Osteomyelitis"},{"fname":"","loadID":"","loadTimestamp":"","polarity":1,"confidence":0.0,"uncertainty":0,"startPosition":3384,"endPosition":3397,"coveredText":"calcification","codingScheme":"SNOMEDCT_US","code":"6595006","cui":"C0006663","tui":"T046","preferredText":"Calcinosis"},{"fname":"","loadID":"","loadTimestamp":"","polarity":1,"confidence":0.0,"uncertainty":0,"startPosition":3636,"endPosition":3642,"coveredText":"normal","codingScheme":"SNOMEDCT_US","code":"8117002","cui":"C0231683","tui":"T033","preferredText":"Gait normal"},{"fname":"","loadID":"","loadTimestamp":"","polarity":1,"confidence":0.0,"uncertainty":0,"startPosition":3636,"endPosition":3642,"coveredText":"normal","codingScheme":"SNOMEDCT_US","code":"225544001","cui":"C0558145","tui":"T033","preferredText":"Skin appearance normal (finding)"},{"fname":"","loadID":"","loadTimestamp":"","polarity":1,"confidence":0.0,"uncertainty":0,"startPosition":3751,"endPosition":3754,"coveredText":"EXT","codingScheme":"SNOMEDCT_US","code":"254044004","cui":"C0015306","tui":"T019","preferredText":"Hereditary Multiple Exostoses"},{"fname":"","loadID":"","loadTimestamp":"","polarity":1,"confidence":0.0,"uncertainty":0,"startPosition":3807,"endPosition":3821,"coveredText":"RECONSTRUCTION","codingScheme":"SNOMEDCT_US","code":"122465003","cui":"C0524865","tui":"T061","preferredText":"Reconstructive Surgical Procedures"},{"fname":"","loadID":"","loadTimestamp":"","polarity":1,"confidence":0.0,"uncertainty":0,"startPosition":3848,"endPosition":3851,"coveredText":"EXT","codingScheme":"SNOMEDCT_US","code":"254044004","cui":"C0015306","tui":"T019","preferredText":"Hereditary Multiple Exostoses"},{"fname":"","loadID":"","loadTimestamp":"","polarity":1,"confidence":0.0,"uncertainty":0,"startPosition":3862,"endPosition":3870,"coveredText":"CONTRAST","codingScheme":"SNOMEDCT_US","code":"407935004","cui":"C0009924","tui":"T130","preferredText":"Contrast Media"},{"fname":"","loadID":"","loadTimestamp":"","polarity":1,"confidence":0.0,"uncertainty":0,"startPosition":3862,"endPosition":3870,"coveredText":"CONTRAST","codingScheme":"SNOMEDCT_US","code":"385420005","cui":"C0009924","tui":"T130","preferredText":"Contrast Media"},{"fname":"","loadID":"","loadTimestamp":"","polarity":1,"confidence":0.0,"uncertainty":0,"startPosition":3902,"endPosition":3919,"coveredText":"shoulder fracture","codingScheme":"SNOMEDCT_US","code":"16250001000004107","cui":"C0037006","tui":"T037","preferredText":"Shoulder Fractures"},{"fname":"","loadID":"","loadTimestamp":"","polarity":1,"confidence":0.0,"uncertainty":0,"startPosition":3911,"endPosition":3919,"coveredText":"fracture","codingScheme":"SNOMEDCT_US","code":"72704001","cui":"C0016658","tui":"T037","preferredText":"Fracture"},{"fname":"","loadID":"","loadTimestamp":"","polarity":1,"confidence":0.0,"uncertainty":0,"startPosition":3911,"endPosition":3919,"coveredText":"fracture","codingScheme":"SNOMEDCT_US","code":"125605004","cui":"C0016658","tui":"T037","preferredText":"Fracture"},{"fname":"","loadID":"","loadTimestamp":"","polarity":1,"confidence":0.0,"uncertainty":0,"startPosition":4057,"endPosition":4067,"coveredText":"comminuted","codingScheme":"SNOMEDCT_US","code":"13321001","cui":"C0476171","tui":"T037","preferredText":"Comminuted Fracture type"},{"fname":"","loadID":"","loadTimestamp":"","polarity":1,"confidence":0.0,"uncertainty":0,"startPosition":4068,"endPosition":4076,"coveredText":"fracture","codingScheme":"SNOMEDCT_US","code":"125605004","cui":"C0016658","tui":"T037","preferredText":"Fracture"},{"fname":"","loadID":"","loadTimestamp":"","polarity":1,"confidence":0.0,"uncertainty":0,"startPosition":4068,"endPosition":4076,"coveredText":"fracture","codingScheme":"SNOMEDCT_US","code":"72704001","cui":"C0016658","tui":"T037","preferredText":"Fracture"},{"fname":"","loadID":"","loadTimestamp":"","polarity":1,"confidence":0.0,"uncertainty":0,"startPosition":4084,"endPosition":4092,"coveredText":"surgical","codingScheme":"SNOMEDCT_US","code":"387713003","cui":"C0543467","tui":"T061","preferredText":"Operative Surgical Procedures"},{"fname":"","loadID":"","loadTimestamp":"","polarity":1,"confidence":0.0,"uncertainty":0,"startPosition":4084,"endPosition":4092,"coveredText":"surgical","codingScheme":"SNOMEDCT_US","code":"257556004","cui":"C0543467","tui":"T061","preferredText":"Operative Surgical Procedures"},{"fname":"","loadID":"","loadTimestamp":"","polarity":1,"confidence":0.0,"uncertainty":0,"startPosition":4084,"endPosition":4092,"coveredText":"surgical","codingScheme":"SNOMEDCT_US","code":"83578000","cui":"C0543467","tui":"T061","preferredText":"Operative Surgical Procedures"},{"fname":"","loadID":"","loadTimestamp":"","polarity":1,"confidence":0.0,"uncertainty":0,"startPosition":4132,"endPosition":4140,"coveredText":"anterior","codingScheme":"SNOMEDCT_US","code":"51742006","cui":"C0751437","tui":"T047","preferredText":"Adenohypophyseal Diseases"},{"fname":"","loadID":"","loadTimestamp":"","polarity":1,"confidence":0.0,"uncertainty":0,"startPosition":4154,"endPosition":4166,"coveredText":"displacement","codingScheme":"SNOMEDCT_US","code":"286668001","cui":"C0012725","tui":"T041","preferredText":"Psychologic Displacement"},{"fname":"","loadID":"","loadTimestamp":"","polarity":1,"confidence":0.0,"uncertainty":0,"startPosition":4171,"endPosition":4180,"coveredText":"posterior","codingScheme":"SNOMEDCT_US","code":"72442006","cui":"C0751438","tui":"T047","preferredText":"Posterior pituitary disease"},{"fname":"","loadID":"","loadTimestamp":"","polarity":1,"confidence":0.0,"uncertainty":0,"startPosition":4220,"endPosition":4228,"coveredText":"fracture","codingScheme":"SNOMEDCT_US","code":"125605004","cui":"C0016658","tui":"T037","preferredText":"Fracture"},{"fname":"","loadID":"","loadTimestamp":"","polarity":1,"confidence":0.0,"uncertainty":0,"startPosition":4220,"endPosition":4228,"coveredText":"fracture","codingScheme":"SNOMEDCT_US","code":"72704001","cui":"C0016658","tui":"T037","preferredText":"Fracture"}]