[{"fname":"","loadID":"","loadTimestamp":"","polarity":1,"confidence":0.0,"uncertainty":0,"startPosition":28,"endPosition":45,"coveredText":"Nutrition Therapy","codingScheme":"SNOMEDCT_US","code":"278906000","cui":"C0242739","tui":"T061","preferredText":"Nutritional Support"},{"fname":"","loadID":"","loadTimestamp":"","polarity":1,"confidence":0.0,"uncertainty":0,"startPosition":28,"endPosition":37,"coveredText":"Nutrition","codingScheme":"SNOMEDCT_US","code":"384759009","cui":"C1442959","tui":"T040","preferredText":"Nutrition function"},{"fname":"","loadID":"","loadTimestamp":"","polarity":1,"confidence":0.0,"uncertainty":0,"startPosition":38,"endPosition":45,"coveredText":"Therapy","codingScheme":"SNOMEDCT_US","code":"277132007","cui":"C0087111","tui":"T061","preferredText":"Therapeutic procedure"},{"fname":"","loadID":"","loadTimestamp":"","polarity":1,"confidence":0.0,"uncertainty":0,"startPosition":38,"endPosition":45,"coveredText":"Therapy","codingScheme":"SNOMEDCT_US","code":"276239002","cui":"C0087111","tui":"T061","preferredText":"Therapeutic procedure"},{"fname":"","loadID":"","loadTimestamp":"","polarity":1,"confidence":0.0,"uncertainty":0,"startPosition":50,"endPosition":64,"coveredText":"Hyperlipidemia","codingScheme":"SNOMEDCT_US","code":"55822004","cui":"C0020473","tui":"T047","preferredText":"Hyperlipidemia"},{"fname":"","loadID":"","loadTimestamp":"","polarity":1,"confidence":0.0,"uncertainty":0,"startPosition":122,"endPosition":134,"coveredText":"colon cancer","codingScheme":"SNOMEDCT_US","code":"269533000","cui":"C0699790","tui":"T191","preferredText":"Colon Carcinoma"},{"fname":"","loadID":"","loadTimestamp":"","polarity":1,"confidence":0.0,"uncertainty":0,"startPosition":122,"endPosition":134,"coveredText":"colon cancer","codingScheme":"SNOMEDCT_US","code":"363406005","cui":"C0007102","tui":"T191","preferredText":"Malignant tumor of colon"},{"fname":"","loadID":"","loadTimestamp":"","polarity":1,"confidence":0.0,"uncertainty":0,"startPosition":128,"endPosition":134,"coveredText":"cancer","codingScheme":"SNOMEDCT_US","code":"363346000","cui":"C0006826","tui":"T191","preferredText":"Malignant Neoplasms"},{"fname":"","loadID":"","loadTimestamp":"","polarity":1,"confidence":0.0,"uncertainty":0,"startPosition":193,"endPosition":199,"coveredText":"Weight","codingScheme":"SNOMEDCT_US","code":"39857003","cui":"C1305866","tui":"T060","preferredText":"Weighing patient"},{"fname":"","loadID":"","loadTimestamp":"","polarity":1,"confidence":0.0,"uncertainty":0,"startPosition":309,"endPosition":316,"coveredText":"Protein","codingScheme":"RXNORM","code":"8859","cui":"C0033684","tui":"T123","preferredText":"Proteins"},{"fname":"","loadID":"","loadTimestamp":"","polarity":1,"confidence":0.0,"uncertainty":0,"startPosition":309,"endPosition":316,"coveredText":"Protein","codingScheme":"SNOMEDCT_US","code":"88878007","cui":"C0033684","tui":"T116","preferredText":"Proteins"},{"fname":"","loadID":"","loadTimestamp":"","polarity":1,"confidence":0.0,"uncertainty":0,"startPosition":309,"endPosition":316,"coveredText":"Protein","codingScheme":"SNOMEDCT_US","code":"88878007","cui":"C0033684","tui":"T123","preferredText":"Proteins"},{"fname":"","loadID":"","loadTimestamp":"","polarity":1,"confidence":0.0,"uncertainty":0,"startPosition":309,"endPosition":316,"coveredText":"Protein","codingScheme":"RXNORM","code":"8859","cui":"C0033684","tui":"T116","preferredText":"Proteins"},{"fname":"","loadID":"","loadTimestamp":"","polarity":1,"confidence":0.0,"uncertainty":0,"startPosition":358,"endPosition":369,"coveredText":"Colonoscopy","codingScheme":"SNOMEDCT_US","code":"73761001","cui":"C0009378","tui":"T060","preferredText":"colonoscopy"},{"fname":"","loadID":"","loadTimestamp":"","polarity":1,"confidence":0.0,"uncertainty":0,"startPosition":371,"endPosition":378,"coveredText":"No pain","codingScheme":"SNOMEDCT_US","code":"81765008","cui":"C0234225","tui":"T033","preferredText":"Absence of pain"},{"fname":"","loadID":"","loadTimestamp":"","polarity":-1,"confidence":0.0,"uncertainty":0,"startPosition":374,"endPosition":378,"coveredText":"pain","codingScheme":"SNOMEDCT_US","code":"22253000","cui":"C0030193","tui":"T184","preferredText":"Pain"},{"fname":"","loadID":"","loadTimestamp":"","polarity":-1,"confidence":0.0,"uncertainty":0,"startPosition":382,"endPosition":392,"coveredText":"discomfort","codingScheme":"SNOMEDCT_US","code":"247347003","cui":"C2364135","tui":"T184","preferredText":"Actual Discomfort"}]