[{"fname":"","loadID":"","loadTimestamp":"","polarity":1,"confidence":0.0,"uncertainty":0,"startPosition":26,"endPosition":31,"coveredText":"signs","codingScheme":"SNOMEDCT_US","code":"72670004","cui":"C0311392","tui":"T033","preferredText":"Physical findings"},{"fname":"","loadID":"","loadTimestamp":"","polarity":1,"confidence":0.0,"uncertainty":0,"startPosition":37,"endPosition":47,"coveredText":"shark bite","codingScheme":"SNOMEDCT_US","code":"217704005","cui":"C0417738","tui":"T037","preferredText":"Shark Bite"},{"fname":"","loadID":"","loadTimestamp":"","polarity":1,"confidence":0.0,"uncertainty":0,"startPosition":43,"endPosition":47,"coveredText":"bite","codingScheme":"SNOMEDCT_US","code":"3404009","cui":"C0005658","tui":"T037","preferredText":"bite injury"},{"fname":"","loadID":"","loadTimestamp":"","polarity":1,"confidence":0.0,"uncertainty":1,"startPosition":95,"endPosition":103,"coveredText":"leg pain","codingScheme":"SNOMEDCT_US","code":"10601006","cui":"C0023222","tui":"T184","preferredText":"Pain in lower limb"},{"fname":"","loadID":"","loadTimestamp":"","polarity":1,"confidence":0.0,"uncertainty":0,"startPosition":99,"endPosition":103,"coveredText":"pain","codingScheme":"SNOMEDCT_US","code":"22253000","cui":"C0030193","tui":"T184","preferredText":"Pain"},{"fname":"","loadID":"","loadTimestamp":"","polarity":1,"confidence":0.0,"uncertainty":0,"startPosition":110,"endPosition":114,"coveredText":"pain","codingScheme":"SNOMEDCT_US","code":"22253000","cui":"C0030193","tui":"T184","preferredText":"Pain"},{"fname":"","loadID":"","loadTimestamp":"","polarity":1,"confidence":0.0,"uncertainty":0,"startPosition":122,"endPosition":128,"coveredText":"severe","codingScheme":"SNOMEDCT_US","code":"24484000","cui":"C0205082","tui":"T033","preferredText":"Severe (severity modifier)"},{"fname":"","loadID":"","loadTimestamp":"","polarity":1,"confidence":0.0,"uncertainty":0,"startPosition":227,"endPosition":233,"coveredText":"lesion","codingScheme":"SNOMEDCT_US","code":"52988006","cui":"C0221198","tui":"T033","preferredText":"Lesion"},{"fname":"","loadID":"","loadTimestamp":"","polarity":1,"confidence":0.0,"uncertainty":0,"startPosition":267,"endPosition":273,"coveredText":"lesion","codingScheme":"SNOMEDCT_US","code":"52988006","cui":"C0221198","tui":"T033","preferredText":"Lesion"},{"fname":"","loadID":"","loadTimestamp":"","polarity":1,"confidence":0.0,"uncertainty":0,"startPosition":311,"endPosition":319,"coveredText":"baseball","codingScheme":"SNOMEDCT_US","code":"21471008","cui":"C0004795","tui":"T056","preferredText":"Baseball Game"},{"fname":"","loadID":"","loadTimestamp":"","polarity":1,"confidence":0.0,"uncertainty":0,"startPosition":341,"endPosition":348,"coveredText":"imaging","codingScheme":"SNOMEDCT_US","code":"363679005","cui":"C0011923","tui":"T060","preferredText":"Diagnostic Imaging"},{"fname":"","loadID":"","loadTimestamp":"","polarity":1,"confidence":0.0,"uncertainty":0,"startPosition":341,"endPosition":348,"coveredText":"imaging","codingScheme":"SNOMEDCT_US","code":"278395004","cui":"C0079595","tui":"T060","preferredText":"Imaging Techniques"},{"fname":"","loadID":"","loadTimestamp":"","polarity":1,"confidence":0.0,"uncertainty":0,"startPosition":423,"endPosition":427,"coveredText":"pain","codingScheme":"SNOMEDCT_US","code":"22253000","cui":"C0030193","tui":"T184","preferredText":"Pain"}]