[{"fname":"","loadID":"","loadTimestamp":"","polarity":1,"confidence":0.0,"uncertainty":0,"startPosition":28,"endPosition":45,"coveredText":"Nutrition Therapy","codingScheme":"SNOMEDCT_US","code":"278906000","cui":"C0242739","tui":"T061","preferredText":"Nutritional Support"},{"fname":"","loadID":"","loadTimestamp":"","polarity":1,"confidence":0.0,"uncertainty":0,"startPosition":28,"endPosition":37,"coveredText":"Nutrition","codingScheme":"SNOMEDCT_US","code":"384759009","cui":"C1442959","tui":"T040","preferredText":"Nutrition function"},{"fname":"","loadID":"","loadTimestamp":"","polarity":1,"confidence":0.0,"uncertainty":0,"startPosition":38,"endPosition":45,"coveredText":"Therapy","codingScheme":"SNOMEDCT_US","code":"277132007","cui":"C0087111","tui":"T061","preferredText":"Therapeutic procedure"},{"fname":"","loadID":"","loadTimestamp":"","polarity":1,"confidence":0.0,"uncertainty":0,"startPosition":38,"endPosition":45,"coveredText":"Therapy","codingScheme":"SNOMEDCT_US","code":"276239002","cui":"C0087111","tui":"T061","preferredText":"Therapeutic procedure"},{"fname":"","loadID":"","loadTimestamp":"","polarity":1,"confidence":0.0,"uncertainty":0,"startPosition":50,"endPosition":64,"coveredText":"Hyperlipidemia","codingScheme":"SNOMEDCT_US","code":"55822004","cui":"C0020473","tui":"T047","preferredText":"Hyperlipidemia"},{"fname":"","loadID":"","loadTimestamp":"","polarity":1,"confidence":0.0,"uncertainty":0,"startPosition":167,"endPosition":173,"coveredText":"Weight","codingScheme":"SNOMEDCT_US","code":"39857003","cui":"C1305866","tui":"T060","preferredText":"Weighing patient"},{"fname":"","loadID":"","loadTimestamp":"","polarity":1,"confidence":0.0,"uncertainty":0,"startPosition":199,"endPosition":205,"coveredText":"weight","codingScheme":"SNOMEDCT_US","code":"39857003","cui":"C1305866","tui":"T060","preferredText":"Weighing patient"},{"fname":"","loadID":"","loadTimestamp":"","polarity":1,"confidence":0.0,"uncertainty":0,"startPosition":226,"endPosition":232,"coveredText":"Weight","codingScheme":"SNOMEDCT_US","code":"39857003","cui":"C1305866","tui":"T060","preferredText":"Weighing patient"},{"fname":"","loadID":"","loadTimestamp":"","polarity":1,"confidence":0.0,"uncertainty":0,"startPosition":243,"endPosition":246,"coveredText":"BMI","codingScheme":"SNOMEDCT_US","code":"301331008","cui":"C0578022","tui":"T033","preferredText":"Finding of body mass index"},{"fname":"","loadID":"","loadTimestamp":"","polarity":1,"confidence":0.0,"uncertainty":0,"startPosition":359,"endPosition":366,"coveredText":"Protein","codingScheme":"SNOMEDCT_US","code":"88878007","cui":"C0033684","tui":"T123","preferredText":"Proteins"},{"fname":"","loadID":"","loadTimestamp":"","polarity":1,"confidence":0.0,"uncertainty":0,"startPosition":359,"endPosition":366,"coveredText":"Protein","codingScheme":"RXNORM","code":"8859","cui":"C0033684","tui":"T116","preferredText":"Proteins"},{"fname":"","loadID":"","loadTimestamp":"","polarity":1,"confidence":0.0,"uncertainty":0,"startPosition":359,"endPosition":366,"coveredText":"Protein","codingScheme":"RXNORM","code":"8859","cui":"C0033684","tui":"T123","preferredText":"Proteins"},{"fname":"","loadID":"","loadTimestamp":"","polarity":1,"confidence":0.0,"uncertainty":0,"startPosition":359,"endPosition":366,"coveredText":"Protein","codingScheme":"SNOMEDCT_US","code":"88878007","cui":"C0033684","tui":"T116","preferredText":"Proteins"},{"fname":"","loadID":"","loadTimestamp":"","polarity":1,"confidence":0.0,"uncertainty":0,"startPosition":534,"endPosition":540,"coveredText":"liquid","codingScheme":"SNOMEDCT_US","code":"420699003","cui":"C1697794","tui":"T122","preferredText":"Liquid Dosage Form"},{"fname":"","loadID":"","loadTimestamp":"","polarity":1,"confidence":0.0,"uncertainty":0,"startPosition":534,"endPosition":540,"coveredText":"liquid","codingScheme":"RXNORM","code":"90230","cui":"C1697794","tui":"T122","preferredText":"Liquid Dosage Form"},{"fname":"","loadID":"","loadTimestamp":"","polarity":1,"confidence":0.0,"uncertainty":0,"startPosition":568,"endPosition":579,"coveredText":"weight gain","codingScheme":"SNOMEDCT_US","code":"161831008","cui":"C0043094","tui":"T033","preferredText":"Weight Gain"},{"fname":"","loadID":"","loadTimestamp":"","polarity":1,"confidence":0.0,"uncertainty":0,"startPosition":568,"endPosition":579,"coveredText":"weight gain","codingScheme":"SNOMEDCT_US","code":"262286000","cui":"C0043094","tui":"T033","preferredText":"Weight Gain"},{"fname":"","loadID":"","loadTimestamp":"","polarity":1,"confidence":0.0,"uncertainty":0,"startPosition":568,"endPosition":579,"coveredText":"weight gain","codingScheme":"SNOMEDCT_US","code":"8943002","cui":"C0043094","tui":"T033","preferredText":"Weight Gain"},{"fname":"","loadID":"","loadTimestamp":"","polarity":1,"confidence":0.0,"uncertainty":0,"startPosition":568,"endPosition":574,"coveredText":"weight","codingScheme":"SNOMEDCT_US","code":"39857003","cui":"C1305866","tui":"T060","preferredText":"Weighing patient"},{"fname":"","loadID":"","loadTimestamp":"","polarity":1,"confidence":0.0,"uncertainty":0,"startPosition":602,"endPosition":606,"coveredText":"plan","codingScheme":"SNOMEDCT_US","code":"52713000","cui":"C0270724","tui":"T047","preferredText":"Infantile Neuroaxonal Dystrophy"},{"fname":"","loadID":"","loadTimestamp":"","polarity":1,"confidence":0.0,"uncertainty":0,"startPosition":660,"endPosition":667,"coveredText":"Resting","codingScheme":"SNOMEDCT_US","code":"258157001","cui":"C0035253","tui":"T056","preferredText":"Rest"},{"fname":"","loadID":"","loadTimestamp":"","polarity":1,"confidence":0.0,"uncertainty":0,"startPosition":705,"endPosition":712,"coveredText":"aspirin","codingScheme":"SNOMEDCT_US","code":"387458008","cui":"C0004057","tui":"T121","preferredText":"Aspirin"},{"fname":"","loadID":"","loadTimestamp":"","polarity":1,"confidence":0.0,"uncertainty":0,"startPosition":705,"endPosition":712,"coveredText":"aspirin","codingScheme":"SNOMEDCT_US","code":"7947003","cui":"C0004057","tui":"T109","preferredText":"Aspirin"},{"fname":"","loadID":"","loadTimestamp":"","polarity":1,"confidence":0.0,"uncertainty":0,"startPosition":705,"endPosition":712,"coveredText":"aspirin","codingScheme":"DRUGBANK","code":"DB00945","cui":"C0004057","tui":"T121","preferredText":"Aspirin"},{"fname":"","loadID":"","loadTimestamp":"","polarity":1,"confidence":0.0,"uncertainty":0,"startPosition":705,"endPosition":712,"coveredText":"aspirin","codingScheme":"RXNORM","code":"1191","cui":"C0004057","tui":"T121","preferredText":"Aspirin"},{"fname":"","loadID":"","loadTimestamp":"","polarity":1,"confidence":0.0,"uncertainty":0,"startPosition":705,"endPosition":712,"coveredText":"aspirin","codingScheme":"SNOMEDCT_US","code":"387458008","cui":"C0004057","tui":"T109","preferredText":"Aspirin"},{"fname":"","loadID":"","loadTimestamp":"","polarity":1,"confidence":0.0,"uncertainty":0,"startPosition":705,"endPosition":712,"coveredText":"aspirin","codingScheme":"SNOMEDCT_US","code":"7947003","cui":"C0004057","tui":"T121","preferredText":"Aspirin"},{"fname":"","loadID":"","loadTimestamp":"","polarity":1,"confidence":0.0,"uncertainty":0,"startPosition":705,"endPosition":712,"coveredText":"aspirin","codingScheme":"DRUGBANK","code":"DB00945","cui":"C0004057","tui":"T109","preferredText":"Aspirin"},{"fname":"","loadID":"","loadTimestamp":"","polarity":1,"confidence":0.0,"uncertainty":0,"startPosition":705,"endPosition":712,"coveredText":"aspirin","codingScheme":"RXNORM","code":"1191","cui":"C0004057","tui":"T109","preferredText":"Aspirin"},{"fname":"","loadID":"","loadTimestamp":"","polarity":1,"confidence":0.0,"uncertainty":0,"startPosition":723,"endPosition":732,"coveredText":"knee pain","codingScheme":"SNOMEDCT_US","code":"30989003","cui":"C0231749","tui":"T184","preferredText":"Knee pain"},{"fname":"","loadID":"","loadTimestamp":"","polarity":1,"confidence":0.0,"uncertainty":0,"startPosition":723,"endPosition":727,"coveredText":"knee","codingScheme":"SNOMEDCT_US","code":"284401004","cui":"C0562271","tui":"T060","preferredText":"Joint Examination, Knee"},{"fname":"","loadID":"","loadTimestamp":"","polarity":1,"confidence":0.0,"uncertainty":0,"startPosition":728,"endPosition":732,"coveredText":"pain","codingScheme":"SNOMEDCT_US","code":"22253000","cui":"C0030193","tui":"T184","preferredText":"Pain"}]