[{"fname":"","loadID":"","loadTimestamp":"","polarity":1,"confidence":0.0,"uncertainty":0,"startPosition":23,"endPosition":27,"coveredText":"pain","codingScheme":"SNOMEDCT_US","code":"22253000","cui":"C0030193","tui":"T184","preferredText":"Pain"},{"fname":"","loadID":"","loadTimestamp":"","polarity":1,"confidence":0.0,"uncertainty":0,"startPosition":47,"endPosition":58,"coveredText":"No swelling","codingScheme":"SNOMEDCT_US","code":"300890009","cui":"C0577599","tui":"T033","preferredText":"Swelling absent"},{"fname":"","loadID":"","loadTimestamp":"","polarity":1,"confidence":0.0,"uncertainty":0,"startPosition":50,"endPosition":58,"coveredText":"swelling","codingScheme":"SNOMEDCT_US","code":"413269001","cui":"C0038999","tui":"T033","preferredText":"Swelling"},{"fname":"","loadID":"","loadTimestamp":"","polarity":1,"confidence":0.0,"uncertainty":0,"startPosition":50,"endPosition":58,"coveredText":"swelling","codingScheme":"SNOMEDCT_US","code":"65124004","cui":"C0038999","tui":"T033","preferredText":"Swelling"},{"fname":"","loadID":"","loadTimestamp":"","polarity":1,"confidence":0.0,"uncertainty":0,"startPosition":50,"endPosition":58,"coveredText":"swelling","codingScheme":"SNOMEDCT_US","code":"442672001","cui":"C0038999","tui":"T033","preferredText":"Swelling"},{"fname":"","loadID":"","loadTimestamp":"","polarity":1,"confidence":0.0,"uncertainty":0,"startPosition":61,"endPosition":68,"coveredText":"Aspirin","codingScheme":"RXNORM","code":"1191","cui":"C0004057","tui":"T109","preferredText":"Aspirin"},{"fname":"","loadID":"","loadTimestamp":"","polarity":1,"confidence":0.0,"uncertainty":0,"startPosition":61,"endPosition":68,"coveredText":"Aspirin","codingScheme":"SNOMEDCT_US","code":"387458008","cui":"C0004057","tui":"T121","preferredText":"Aspirin"},{"fname":"","loadID":"","loadTimestamp":"","polarity":1,"confidence":0.0,"uncertainty":0,"startPosition":61,"endPosition":68,"coveredText":"Aspirin","codingScheme":"SNOMEDCT_US","code":"7947003","cui":"C0004057","tui":"T109","preferredText":"Aspirin"},{"fname":"","loadID":"","loadTimestamp":"","polarity":1,"confidence":0.0,"uncertainty":0,"startPosition":61,"endPosition":68,"coveredText":"Aspirin","codingScheme":"DRUGBANK","code":"DB00945","cui":"C0004057","tui":"T121","preferredText":"Aspirin"},{"fname":"","loadID":"","loadTimestamp":"","polarity":1,"confidence":0.0,"uncertainty":0,"startPosition":61,"endPosition":68,"coveredText":"Aspirin","codingScheme":"RXNORM","code":"1191","cui":"C0004057","tui":"T121","preferredText":"Aspirin"},{"fname":"","loadID":"","loadTimestamp":"","polarity":1,"confidence":0.0,"uncertainty":0,"startPosition":61,"endPosition":68,"coveredText":"Aspirin","codingScheme":"SNOMEDCT_US","code":"387458008","cui":"C0004057","tui":"T109","preferredText":"Aspirin"},{"fname":"","loadID":"","loadTimestamp":"","polarity":1,"confidence":0.0,"uncertainty":0,"startPosition":61,"endPosition":68,"coveredText":"Aspirin","codingScheme":"SNOMEDCT_US","code":"7947003","cui":"C0004057","tui":"T121","preferredText":"Aspirin"},{"fname":"","loadID":"","loadTimestamp":"","polarity":1,"confidence":0.0,"uncertainty":0,"startPosition":61,"endPosition":68,"coveredText":"Aspirin","codingScheme":"DRUGBANK","code":"DB00945","cui":"C0004057","tui":"T109","preferredText":"Aspirin"}]